<html>
<body>
<pre>
<h1>礦ision Build Log</h1>
<h2>Project:</h2>
C:\Users\Administrator\Desktop\tcp\747-TCP -2019_6_25_开启保活机制\PRJ\New626.uvproj
Project File Date:  05/05/2019

<h2>Output:</h2>
Build target 'New626'
linking...
Program Size: Code=56436 RO-data=512 RW-data=328 ZI-data=62416  
FromELF: creating hex file...
After Build - User command #1: fromelf --bin --output ..\out\STMR2000.bin ..\out\STMR2000.axf -z
"..\out\STMR2000.axf" - 0 Errors, 0 Warning(s).
Load "..\\out\\STMR2000.axf" 
Set JLink Project File to "C:\Users\Administrator\Desktop\tcp\747-TCP -2019_6_25_开启保活机制\PRJ\JLinkSettings.ini"
* JLink Info: Device "STM32F107VC" selected.
 
JLink info:
------------
DLL: V5.00k, compiled Jul 31 2015 15:48:52
Firmware: J-Link V9 compiled Oct 25 2018 11:46:07
Hardware: V9.70
S/N : 59700618 
Feature(s) : RDI, FlashBP, FlashDL, JFlash, GDB 
 
* JLink Info: Found SWD-DP with ID 0x1BA01477
* JLink Info: Found SWD-DP with ID 0x1BA01477
* JLink Info: Found Cortex-M3 r1p1, Little endian.
* JLink Info: FPUnit: 6 code (BP) slots and 2 literal slots
* JLink Info: CoreSight components:
* JLink Info: ROMTbl 0 @ E00FF000
* JLink Info: ROMTbl 0 [0]: FFF0F000, CID: B105E00D, PID: 001BB000 SCS
* JLink Info: ROMTbl 0 [1]: FFF02000, CID: B105E00D, PID: 001BB002 DWT
* JLink Info: ROMTbl 0 [2]: FFF03000, CID: B105E00D, PID: 000BB003 FPB
* JLink Info: ROMTbl 0 [3]: FFF01000, CID: B105E00D, PID: 001BB001 ITM
* JLink Info: ROMTbl 0 [4]: FFF41000, CID: B105900D, PID: 001BB923 TPIU-Lite
* JLink Info: ROMTbl 0 [5]: FFF42000, CID: B105900D, PID: 101BB924 ETM-M3
ROMTableAddr = 0xE00FF003
 
Target info:
------------
Device: STM32F107VC
VTarget = 3.288V
State of Pins: 
TCK: 0, TDI: 0, TDO: 0, TMS: 1, TRES: 1, TRST: 0
Hardware-Breakpoints: 6
Software-Breakpoints: 8192
Watchpoints:          4
JTAG speed: 200 kHz
 
Full Chip Erase Done.
Programming Done.
Verify OK.
Application running ...
Build target 'New626'
linking...
Program Size: Code=56436 RO-data=512 RW-data=328 ZI-data=62416  
FromELF: creating hex file...
After Build - User command #1: fromelf --bin --output ..\out\STMR2000.bin ..\out\STMR2000.axf -z
"..\out\STMR2000.axf" - 0 Errors, 0 Warning(s).
Build target 'New626'
linking...
Program Size: Code=56436 RO-data=512 RW-data=328 ZI-data=62416  
FromELF: creating hex file...
After Build - User command #1: fromelf --bin --output ..\out\STMR2000.bin ..\out\STMR2000.axf -z
"..\out\STMR2000.axf" - 0 Errors, 0 Warning(s).
Load "..\\out\\STMR2000.axf" 
Set JLink Project File to "C:\Users\Administrator\Desktop\tcp\747-TCP -2019_6_25_开启保活机制\PRJ\JLinkSettings.ini"
* JLink Info: Device "STM32F107VC" selected.
 
JLink info:
------------
DLL: V5.00k, compiled Jul 31 2015 15:48:52
Firmware: J-Link V9 compiled Oct 25 2018 11:46:07
Hardware: V9.70
S/N : 59700618 
Feature(s) : RDI, FlashBP, FlashDL, JFlash, GDB 
 
* JLink Info: Found SWD-DP with ID 0x1BA01477
* JLink Info: Found SWD-DP with ID 0x1BA01477
* JLink Info: Found Cortex-M3 r1p1, Little endian.
* JLink Info: FPUnit: 6 code (BP) slots and 2 literal slots
* JLink Info: CoreSight components:
* JLink Info: ROMTbl 0 @ E00FF000
* JLink Info: ROMTbl 0 [0]: FFF0F000, CID: B105E00D, PID: 001BB000 SCS
* JLink Info: ROMTbl 0 [1]: FFF02000, CID: B105E00D, PID: 001BB002 DWT
* JLink Info: ROMTbl 0 [2]: FFF03000, CID: B105E00D, PID: 000BB003 FPB
* JLink Info: ROMTbl 0 [3]: FFF01000, CID: B105E00D, PID: 001BB001 ITM
* JLink Info: ROMTbl 0 [4]: FFF41000, CID: B105900D, PID: 001BB923 TPIU-Lite
* JLink Info: ROMTbl 0 [5]: FFF42000, CID: B105900D, PID: 101BB924 ETM-M3
ROMTableAddr = 0xE00FF003
 
Target info:
------------
Device: STM32F107VC
VTarget = 3.291V
State of Pins: 
TCK: 0, TDI: 0, TDO: 0, TMS: 1, TRES: 1, TRST: 0
Hardware-Breakpoints: 6
Software-Breakpoints: 8192
Watchpoints:          4
JTAG speed: 200 kHz
 
Erase Done.
Programming Done.
Verify OK.
Application running ...
Rebuild target 'New626'
compiling core_cm3.c...
compiling system_stm32f10x.c...
assembling startup_stm32f10x_cl.s...
compiling main.c...
..\usr\main.c(274): warning:  #223-D: function "memcpy" declared implicitly
..\usr\main.c(450): warning:  #223-D: function "memset" declared implicitly
..\usr\main.c(588): warning:  #223-D: function "memset" declared implicitly
..\usr\main.c(845): warning:  #223-D: function "memcpy" declared implicitly
..\usr\main.c(865): warning:  #223-D: function "memcpy" declared implicitly
..\usr\main.c(878): warning:  #223-D: function "getTime" declared implicitly
..\usr\main.c(928): warning:  #223-D: function "memcpy" declared implicitly
..\usr\main.c(935): warning:  #223-D: function "memcpy" declared implicitly
compiling netconf.c...
compiling stm32f10x_it.c...
compiling stm32f107.c...
compiling IIC.c...
compiling Local_232_module.c...
compiling UDP_module.c...
compiling common.c...
compiling ParamItem.c...
compiling WG.c...
compiling Local_485_module.c...
compiling RFIDModule.c...
..\usr\RFIDModule.c(141): warning:  #63-D: shift count is too large
compiling R2000.c...
compiling RTC_DS1302.c...
compiling stm32flash.c...
compiling TCP_module.c...
compiling ethernetif.c...
compiling api_lib.c...
compiling api_msg.c...
compiling err.c...
compiling netbuf.c...
compiling netdb.c...
compiling netifapi.c...
compiling sockets.c...
compiling tcpip.c...
compiling dhcp.c...
compiling dns.c...
compiling init.c...
compiling mem.c...
..\lwip-1.3.1\src\core\mem.c(184): warning:  #550-D: variable "mem_sem" was set but never used
compiling memp.c...
compiling netif.c...
compiling pbuf.c...
compiling raw.c...
compiling stats.c...
compiling sys.c...
compiling tcp.c...
compiling tcp_in.c...
compiling tcp_out.c...
..\lwip-1.3.1\src\core\tcp_out.c(458): warning:  #550-D: variable "tcphdr" was set but never used
..\lwip-1.3.1\src\core\tcp_out.c(871): warning:  #550-D: variable "tcphdr" was set but never used
..\lwip-1.3.1\src\core\tcp_out.c(925): warning:  #550-D: variable "tcphdr" was set but never used
compiling udp.c...
compiling autoip.c...
compiling icmp.c...
compiling igmp.c...
compiling inet.c...
compiling inet_chksum.c...
compiling ip.c...
compiling ip_addr.c...
compiling ip_frag.c...
compiling etharp.c...
compiling stm32_eth.c...
compiling misc.c...
compiling stm32f10x_adc.c...
compiling stm32f10x_bkp.c...
compiling stm32f10x_can.c...
compiling stm32f10x_crc.c...
compiling stm32f10x_dac.c...
compiling stm32f10x_dbgmcu.c...
compiling stm32f10x_dma.c...
compiling stm32f10x_exti.c...
compiling stm32f10x_flash.c...
compiling stm32f10x_fsmc.c...
compiling stm32f10x_gpio.c...
compiling stm32f10x_i2c.c...
compiling stm32f10x_iwdg.c...
compiling stm32f10x_pwr.c...
compiling stm32f10x_rcc.c...
compiling stm32f10x_rtc.c...
compiling stm32f10x_sdio.c...
compiling stm32f10x_spi.c...
compiling stm32f10x_tim.c...
compiling stm32f10x_usart.c...
compiling stm32f10x_wwdg.c...
linking...
Program Size: Code=56444 RO-data=512 RW-data=328 ZI-data=62416  
FromELF: creating hex file...
After Build - User command #1: fromelf --bin --output ..\out\STMR2000.bin ..\out\STMR2000.axf -z
"..\out\STMR2000.axf" - 0 Errors, 13 Warning(s).
