<html>
<body>
<pre>
<h1>礦ision Build Log</h1>
<h2>Tool Versions:</h2>
IDE-Version: μVision V5.14.0.0
Copyright (C) 2015 ARM Ltd and ARM Germany GmbH. All rights reserved.
License Information: aaaa Microsoft, Microsoft, LIC=JDAUH-W941F-5AWDF-63HLG-Y8SHJ-HKF6R
 
Tool Versions:
Toolchain:       MDK-ARM Professional  Version: 5.14.0.0
Toolchain Path:  D:\keil_5\ARM\ARMCC\Bin
C Compiler:      Armcc.exe V5.05 update 1 (build 106)
Assembler:       Armasm.exe V5.05 update 1 (build 106)
Linker/Locator:  ArmLink.exe V5.05 update 1 (build 106)
Library Manager: ArmAr.exe V5.05 update 1 (build 106)
Hex Converter:   FromElf.exe V5.05 update 1 (build 106)
CPU DLL:         SARMCM3.DLL V5.14.0.0
Dialog DLL:      DARMSTM.DLL V1.65.0.0
Target DLL:      Segger\JL2CM3.dll V2.99.13.0
Dialog DLL:      TARMSTM.DLL V1.64.0.0
 
<h2>Project:</h2>
D:\VANCH\747\747-内部Flash-外部RTC-20190415\PRJ\New626.uvproj
Project File Date:  04/24/2019

<h2>Output:</h2>
Rebuild target 'New626'
compiling core_cm3.c...
compiling system_stm32f10x.c...
assembling startup_stm32f10x_cl.s...
compiling main.c...
..\usr\main.c(270): warning:  #223-D: function "memcpy" declared implicitly
                memcpy(&Ftemp, &tep[0], 3);
..\usr\main.c(446): warning:  #223-D: function "memset" declared implicitly
        memset(&ReadCardTimer, 0, sizeof(ReadCardTimer));
..\usr\main.c(550): warning:  #550-D: variable "temp" was set but never used
        int temp;
..\usr\main.c(586): warning:  #223-D: function "memset" declared implicitly
        memset(&g_device, 0, sizeof(g_device));
..\usr\main.c(843): warning:  #223-D: function "memcpy" declared implicitly
                        memcpy(&TagSaveBuf[j][0], &CardIndex[j][0], TAGIDLENGTH + 6 + 2);
..\usr\main.c(863): warning:  #223-D: function "memcpy" declared implicitly
                                memcpy(&TagSaveBuf[j][0], &CardIndex[j][0], TAGIDLENGTH + 6 + 2);
..\usr\main.c(876): warning:  #223-D: function "getTime" declared implicitly
        getTime(g_device.ReaderTime);
..\usr\main.c(926): warning:  #223-D: function "memcpy" declared implicitly
                                        memcpy(&TagSaveBuf[k][0], &CardIndex[j][0], TAGIDLENGTH + 6 + 2);
..\usr\main.c(933): warning:  #223-D: function "memcpy" declared implicitly
                                memcpy(&TagSaveBuf[count][0], &CardIndex[j][0], TAGIDLENGTH + 6 + 2);
..\usr\main.c: 9 warnings, 0 errors
compiling netconf.c...
compiling stm32f10x_it.c...
compiling stm32f107.c...
compiling IIC.c...
compiling Local_232_module.c...
compiling UDP_module.c...
compiling common.c...
compiling ParamItem.c...
compiling WG.c...
compiling Local_485_module.c...
compiling RFIDModule.c...
..\usr\RFIDModule.c(141): warning:  #63-D: shift count is too large
                                CMDMasklen <<= 8;
..\usr\RFIDModule.c: 1 warning, 0 errors
compiling R2000.c...
compiling RTC_DS1302.c...
compiling stm32flash.c...
compiling ethernetif.c...
compiling api_lib.c...
compiling api_msg.c...
compiling err.c...
compiling netbuf.c...
compiling netdb.c...
compiling netifapi.c...
compiling sockets.c...
compiling tcpip.c...
compiling dhcp.c...
compiling dns.c...
compiling init.c...
compiling mem.c...
..\lwip-1.3.1\src\core\mem.c(184): warning:  #550-D: variable "mem_sem" was set but never used
  static sys_sem_t mem_sem;
..\lwip-1.3.1\src\core\mem.c: 1 warning, 0 errors
compiling memp.c...
compiling netif.c...
compiling pbuf.c...
compiling raw.c...
compiling stats.c...
compiling sys.c...
compiling tcp.c...
compiling tcp_in.c...
compiling tcp_out.c...
..\lwip-1.3.1\src\core\tcp_out.c(458): warning:  #550-D: variable "tcphdr" was set but never used
    struct tcp_hdr *tcphdr;
..\lwip-1.3.1\src\core\tcp_out.c(871): warning:  #550-D: variable "tcphdr" was set but never used
    struct tcp_hdr *tcphdr;
..\lwip-1.3.1\src\core\tcp_out.c(925): warning:  #550-D: variable "tcphdr" was set but never used
    struct tcp_hdr *tcphdr;
..\lwip-1.3.1\src\core\tcp_out.c: 3 warnings, 0 errors
compiling udp.c...
compiling autoip.c...
compiling icmp.c...
compiling igmp.c...
compiling inet.c...
compiling inet_chksum.c...
compiling ip.c...
compiling ip_addr.c...
compiling ip_frag.c...
compiling etharp.c...
compiling stm32_eth.c...
compiling misc.c...
compiling stm32f10x_adc.c...
compiling stm32f10x_bkp.c...
compiling stm32f10x_can.c...
compiling stm32f10x_crc.c...
compiling stm32f10x_dac.c...
compiling stm32f10x_dbgmcu.c...
compiling stm32f10x_dma.c...
compiling stm32f10x_exti.c...
compiling stm32f10x_flash.c...
compiling stm32f10x_fsmc.c...
compiling stm32f10x_gpio.c...
compiling stm32f10x_i2c.c...
compiling stm32f10x_iwdg.c...
compiling stm32f10x_pwr.c...
compiling stm32f10x_rcc.c...
compiling stm32f10x_rtc.c...
compiling stm32f10x_sdio.c...
compiling stm32f10x_spi.c...
compiling stm32f10x_tim.c...
compiling stm32f10x_usart.c...
compiling stm32f10x_wwdg.c...
linking...
Program Size: Code=55028 RO-data=512 RW-data=316 ZI-data=62100  
FromELF: creating hex file...
After Build - User command #1: fromelf --bin --output ..\out\STMR2000.bin ..\out\STMR2000.axf -z
"..\out\STMR2000.axf" - 0 Error(s), 14 Warning(s).
</pre>
</body>
</html>
