ARM Linker, 5.03 [Build 24] [MDK-ARM Standard]

==============================================================================

Section Cross References

    startup_stm32f10x_cl.o(STACK) refers (Special) to heapauxi.o(.text) for __use_two_region_memory
    startup_stm32f10x_cl.o(HEAP) refers (Special) to heapauxi.o(.text) for __use_two_region_memory
    startup_stm32f10x_cl.o(RESET) refers (Special) to heapauxi.o(.text) for __use_two_region_memory
    startup_stm32f10x_cl.o(RESET) refers to startup_stm32f10x_cl.o(STACK) for __initial_sp
    startup_stm32f10x_cl.o(RESET) refers to startup_stm32f10x_cl.o(.text) for Reset_Handler
    startup_stm32f10x_cl.o(RESET) refers to stm32f10x_it.o(.text) for NMI_Handler
    startup_stm32f10x_cl.o(RESET) refers to main.o(.text) for TIM3_IRQHandler
    startup_stm32f10x_cl.o(RESET) refers to local_485_module.o(.text) for USART1_IRQHandler
    startup_stm32f10x_cl.o(RESET) refers to local_232_module.o(.text) for USART2_IRQHandler
    startup_stm32f10x_cl.o(RESET) refers to r2000.o(.text) for UART4_IRQHandler
    startup_stm32f10x_cl.o(.text) refers (Special) to heapauxi.o(.text) for __use_two_region_memory
    startup_stm32f10x_cl.o(.text) refers to __main.o(!!!main) for __main
    startup_stm32f10x_cl.o(.text) refers to startup_stm32f10x_cl.o(HEAP) for Heap_Mem
    startup_stm32f10x_cl.o(.text) refers to startup_stm32f10x_cl.o(STACK) for Stack_Mem
    main.o(.text) refers to stm32f10x_gpio.o(.text) for GPIO_ResetBits
    main.o(.text) refers to stm32f10x_iwdg.o(.text) for IWDG_ReloadCounter
    main.o(.text) refers to common.o(.text) for SetChecksum
    main.o(.text) refers to r2000.o(.text) for UART4Send
    main.o(.text) refers to paramitem.o(.text) for registryParam
    main.o(.text) refers to main.o(.data) for bakrssi
    main.o(.text) refers to main.o(.constdata) for rssitab
    main.o(.text) refers to paramitem.o(.bss) for g_paramTable
    main.o(.text) refers to r2000.o(.bss) for R2000
    main.o(.text) refers to main.o(.bss) for g_device
    main.o(.text) refers to iic.o(.text) for I2C_EE_BufferWrite
    main.o(.text) refers to rt_memclr.o(.text) for __aeabi_memclr
    main.o(.text) refers to local_485_module.o(.text) for RS485_init
    main.o(.text) refers to local_232_module.o(.text) for RS232_init
    main.o(.text) refers to rt_memcpy_v6.o(.text) for __aeabi_memcpy
    main.o(.text) refers to rtc_time.o(.text) for getTime
    main.o(.text) refers to wg.o(.text) for packetDataWG261
    main.o(.text) refers to inet.o(.text) for htonl
    main.o(.text) refers to udp_module.o(.text) for UDP_sendData
    main.o(.text) refers to rfidmodule.o(.data) for AntId
    main.o(.text) refers to udp_module.o(.data) for UdpPcb
    main.o(.text) refers to rfidmodule.o(.text) for readCard
    main.o(.text) refers to stm32f10x_tim.o(.text) for TIM_Cmd
    main.o(.text) refers to stm32f107.o(.text) for System_Setup
    main.o(.text) refers to netconf.o(.text) for LwIP_Init
    main.o(.text) refers to udp_module.o(.bss) for uip
    main.o(.text) refers to local_232_module.o(.bss) for local
    main.o(.text) refers to local_485_module.o(.bss) for local485
    netconf.o(.text) refers to mem.o(.text) for mem_init
    netconf.o(.text) refers to memp.o(.text) for memp_init
    netconf.o(.text) refers to inet.o(.text) for htonl
    netconf.o(.text) refers to ethernetif.o(.text) for Set_MAC_Address
    netconf.o(.text) refers to netif.o(.text) for netif_add
    netconf.o(.text) refers to tcp.o(.text) for tcp_tmr
    netconf.o(.text) refers to etharp.o(.text) for etharp_tmr
    netconf.o(.text) refers to main.o(.bss) for g_device
    netconf.o(.text) refers to netconf.o(.bss) for netif
    netconf.o(.text) refers to netconf.o(.data) for TCPTimer
    stm32f10x_it.o(.text) refers to main.o(.text) for Time_Update
    stm32f10x_it.o(.text) refers to netconf.o(.text) for LwIP_Pkt_Handle
    stm32f10x_it.o(.text) refers to stm32_eth.o(.text) for ETH_GetRxPktSize
    stm32f107.o(.text) refers to stm32f10x_gpio.o(.text) for GPIO_ETH_MediaInterfaceConfig
    stm32f107.o(.text) refers to stm32f10x_rcc.o(.text) for RCC_PLL3Config
    stm32f107.o(.text) refers to stm32_eth.o(.text) for ETH_DeInit
    stm32f107.o(.text) refers to misc.o(.text) for NVIC_SetVectorTable
    stm32f107.o(.text) refers to system_stm32f10x.o(.text) for SystemInit
    rtc_time.o(.text) refers to localtime.o(.text) for localtime
    rtc_time.o(.text) refers to rt_memcpy_w.o(.text) for __aeabi_memcpy4
    rtc_time.o(.text) refers to mktime.o(.text) for mktime
    rtc_time.o(.text) refers to stm32f10x_rtc.o(.text) for RTC_GetCounter
    rtc_time.o(.text) refers to stm32f10x_rcc.o(.text) for RCC_APB1PeriphClockCmd
    rtc_time.o(.text) refers to stm32f10x_pwr.o(.text) for PWR_BackupAccessCmd
    rtc_time.o(.text) refers to stm32f10x_bkp.o(.text) for BKP_DeInit
    rtc_time.o(.text) refers to rt_memclr_w.o(.text) for __aeabi_memclr4
    rtc_time.o(.text) refers to main.o(.data) for SelfCheckFailure
[...]
    TIM5_IRQHandler                          0x080033a3   Thumb Code     0  startup_stm32f10x_cl.o(.text)
    TIM6_IRQHandler                          0x080033a3   Thumb Code     0  startup_stm32f10x_cl.o(.text)
    TIM7_IRQHandler                          0x080033a3   Thumb Code     0  startup_stm32f10x_cl.o(.text)
    UART5_IRQHandler                         0x080033a3   Thumb Code     0  startup_stm32f10x_cl.o(.text)
    USART3_IRQHandler                        0x080033a3   Thumb Code     0  startup_stm32f10x_cl.o(.text)
    WWDG_IRQHandler                          0x080033a3   Thumb Code     0  startup_stm32f10x_cl.o(.text)
    __user_initial_stackheap                 0x080033a5   Thumb Code     0  startup_stm32f10x_cl.o(.text)
    rssichk                                  0x080033c5   Thumb Code    48  main.o(.text)
    DelayMs                                  0x080033f5   Thumb Code    18  main.o(.text)
    SelfCheck                                0x08003407   Thumb Code    70  main.o(.text)
    reboot                                   0x0800344d   Thumb Code    50  main.o(.text)
    Watchdog_init                            0x0800347f   Thumb Code    34  main.o(.text)
    SelFreq                                  0x080034a1   Thumb Code   330  main.o(.text)
    registryParams                           0x080035eb   Thumb Code  1238  main.o(.text)
    SaveData                                 0x08003ac1   Thumb Code    24  main.o(.text)
    defaultPara                              0x08003ad9   Thumb Code   984  main.o(.text)
    ReadPara                                 0x08003eb1   Thumb Code    80  main.o(.text)
    initPara                                 0x08003f01   Thumb Code   254  main.o(.text)
    CMDCtrl                                  0x08003fff   Thumb Code    58  main.o(.text)
    charTohex                                0x08004039   Thumb Code    18  main.o(.text)
    judgeTag                                 0x0800404b   Thumb Code   908  main.o(.text)
    sendDataOut                              0x080043d7   Thumb Code  3028  main.o(.text)
    workACT                                  0x08004fab   Thumb Code   266  main.o(.text)
    Delay2us                                 0x080050b5   Thumb Code    36  main.o(.text)
    TIM3_IRQHandler                          0x080050d9   Thumb Code    38  main.o(.text)
    time3init                                0x080050ff   Thumb Code   126  main.o(.text)
    main                                     0x0800517d   Thumb Code   144  main.o(.text)
    Time_Update                              0x0800520d   Thumb Code   582  main.o(.text)
    LwIP_Init                                0x08005495   Thumb Code   192  netconf.o(.text)
    LwIP_Pkt_Handle                          0x08005555   Thumb Code    10  netconf.o(.text)
    LwIP_Periodic_Handle                     0x0800555f   Thumb Code    52  netconf.o(.text)
    NMI_Handler                              0x080055ad   Thumb Code     2  stm32f10x_it.o(.text)
    HardFault_Handler                        0x080055af   Thumb Code     4  stm32f10x_it.o(.text)
    MemManage_Handler                        0x080055b3   Thumb Code     4  stm32f10x_it.o(.text)
    BusFault_Handler                         0x080055b7   Thumb Code     4  stm32f10x_it.o(.text)
    UsageFault_Handler                       0x080055bb   Thumb Code     4  stm32f10x_it.o(.text)
    SVC_Handler                              0x080055bf   Thumb Code     2  stm32f10x_it.o(.text)
    DebugMon_Handler                         0x080055c1   Thumb Code     2  stm32f10x_it.o(.text)
    PendSV_Handler                           0x080055c3   Thumb Code     2  stm32f10x_it.o(.text)
    SysTick_Handler                          0x080055c5   Thumb Code     8  stm32f10x_it.o(.text)
    ETH_IRQHandler                           0x080055cd   Thumb Code    32  stm32f10x_it.o(.text)
    EXTI15_10_IRQHandler                     0x080055ed   Thumb Code     2  stm32f10x_it.o(.text)
    Ethernet_Configuration                   0x08005611   Thumb Code   156  stm32f107.o(.text)
    GPIO_Configuration                       0x080056ad   Thumb Code   536  stm32f107.o(.text)
    NVIC_Configuration                       0x080058c5   Thumb Code   170  stm32f107.o(.text)
    System_Setup                             0x0800596f   Thumb Code   158  stm32f107.o(.text)
    Time_ConvUnixToCalendar                  0x08005a0d   Thumb Code    32  rtc_time.o(.text)
    Time_ConvCalendarToUnix                  0x08005a2d   Thumb Code    24  rtc_time.o(.text)
    Time_GetUnixTime                         0x08005a45   Thumb Code     8  rtc_time.o(.text)
    Time_GetCalendarTime                     0x08005a4d   Thumb Code    34  rtc_time.o(.text)
    Time_SetUnixTime                         0x08005a6f   Thumb Code    20  rtc_time.o(.text)
    Time_SetCalendarTime                     0x08005a83   Thumb Code    38  rtc_time.o(.text)
    setTime                                  0x08005b01   Thumb Code    66  rtc_time.o(.text)
    getTime                                  0x08005b43   Thumb Code    52  rtc_time.o(.text)
    RTC_Init                                 0x08005b77   Thumb Code    90  rtc_time.o(.text)
    IIC_init                                 0x08005bd5   Thumb Code    64  iic.o(.text)
    I2C_EE_WaitEepromStandbyState            0x08005c15   Thumb Code    82  iic.o(.text)
    I2C_EE_PageWrite                         0x08005c67   Thumb Code   198  iic.o(.text)
    I2C_EE_BufferWrite                       0x08005d2d   Thumb Code   290  iic.o(.text)
    I2C_EE_ByteWrite                         0x08005e4f   Thumb Code   152  iic.o(.text)
    I2C_EE_BufferRead                        0x08005ee7   Thumb Code   314  iic.o(.text)
    RS232_init                               0x08006025   Thumb Code   134  local_232_module.o(.text)
    RS232Send                                0x080060ab   Thumb Code    42  local_232_module.o(.text)
    USART2_IRQHandler                        0x080060d5   Thumb Code   194  local_232_module.o(.text)
    Local_232_module                         0x08006197   Thumb Code   110  local_232_module.o(.text)
    UDP_sendData                             0x08006219   Thumb Code    58  udp_module.o(.text)
    UDP_Receive                              0x08006253   Thumb Code   126  udp_module.o(.text)
    UDP_init                                 0x080062d1   Thumb Code    68  udp_module.o(.text)
    Udp_BroadCast                            0x08006315   Thumb Code   124  udp_module.o(.text)
    timerStart                               0x080063a9   Thumb Code    14  common.o(.text)
    timerStop                                0x080063b7   Thumb Code     8  common.o(.text)
    timerInit                                0x080063bf   Thumb Code     8  common.o(.text)
    timerIsOverflow                          0x080063c7   Thumb Code    14  common.o(.text)
    SetChecksum                              0x080063d5   Thumb Code    32  common.o(.text)
    EPC1G2_ListTagTID                        0x080063f5   Thumb Code    76  common.o(.text)
    SetBaudRate                              0x08006441   Thumb Code    22  common.o(.text)
    SetRelay                                 0x08006457   Thumb Code    74  common.o(.text)
    SetOutputPower                           0x080064a1   Thumb Code   116  common.o(.text)
    SetFrequency                             0x08006515   Thumb Code    78  common.o(.text)
    SetFrequency1                            0x08006563   Thumb Code    96  common.o(.text)
    ReadParam                                0x080065c3   Thumb Code    38  common.o(.text)
    WriteRadioDeep                           0x080065e9   Thumb Code     2  common.o(.text)
    ReadRadioDeep                            0x080065eb   Thumb Code     2  common.o(.text)
    Reboot                                   0x080065ed   Thumb Code     8  common.o(.text)
    WriteParam                               0x080065f5   Thumb Code    12  common.o(.text)
    AntennaCtrl                              0x08006601   Thumb Code   208  common.o(.text)
    SetAntenna                               0x080066d1   Thumb Code    82  common.o(.text)
    SetReaderPara                            0x08006723   Thumb Code     2  common.o(.text)
    ReadReaderPara                           0x08006725   Thumb Code    44  common.o(.text)
    SetReaderWorkType                        0x08006751   Thumb Code   212  common.o(.text)
    ClearTagListMem                          0x08006825   Thumb Code    36  common.o(.text)
    SetReaderTime                            0x08006849   Thumb Code    12  common.o(.text)
    GetReaderTime                            0x08006855   Thumb Code    12  common.o(.text)
    SetAutoPara                              0x08006861   Thumb Code     2  common.o(.text)
    GetAutoPara                              0x08006863   Thumb Code     2  common.o(.text)
    SetTagFilter                             0x08006865   Thumb Code     2  common.o(.text)
    SetReaderNetwork                         0x08006867   Thumb Code     2  common.o(.text)
    SetReaderMAC                             0x08006869   Thumb Code     2  common.o(.text)
    GetReaderRevStatus                       0x0800686b   Thumb Code    24  common.o(.text)
    SetReaderOutStatus                       0x08006883   Thumb Code     2  common.o(.text)
    GetReaderOutStatus                       0x08006885   Thumb Code     2  common.o(.text)
    ImmediatelyNotify                        0x08006887   Thumb Code     2  common.o(.text)
    GetTagRecord                             0x08006889   Thumb Code   752  common.o(.text)
    UpdateProgrram                           0x08006b79   Thumb Code     2  common.o(.text)
    DetectTagNum                             0x08006b7b   Thumb Code    80  common.o(.text)
    ReadLabelID                              0x08006bcb   Thumb Code   238  common.o(.text)
    ListIDReport                             0x08006cb9   Thumb Code   148  common.o(.text)
    ListSelectedID                           0x08006d4d   Thumb Code   206  common.o(.text)
    ReadByteBlock                            0x08006e1b   Thumb Code    94  common.o(.text)
    WriteByteBlock                           0x08006e79   Thumb Code    96  common.o(.text)
    WriteProtect                             0x08006ed9   Thumb Code    82  common.o(.text)
    ReadWriteProtect                         0x08006f2b   Thumb Code    88  common.o(.text)
    WriteAByte                               0x08006f83   Thumb Code    96  common.o(.text)
    read_r2000vertion                        0x08006fe3   Thumb Code    78  common.o(.text)
    EPC1G2_Accessmatch                       0x08007031   Thumb Code   138  common.o(.text)
    EPC1G2_ListTagID                         0x080070bb   Thumb Code   152  common.o(.text)
    EPC1G2_ListMaskTagID                     0x08007153   Thumb Code   326  common.o(.text)
    EPC1G2_GetIDList                         0x08007299   Thumb Code   176  common.o(.text)
    EPC1G2_ReadWordBlock                     0x08007349   Thumb Code   142  common.o(.text)
    EPC1G2_WriteWordBlock                    0x080073d7   Thumb Code   134  common.o(.text)
    EPC1G2_WriteSetBlock                     0x0800745d   Thumb Code   194  common.o(.text)
    EraseTagData                             0x0800751f   Thumb Code     8  common.o(.text)
    DestroyTag                               0x08007527   Thumb Code   134  common.o(.text)
    EPC1G2_WriteEPC                          0x080075ad   Thumb Code   280  common.o(.text)
    DataLocking                              0x080076c5   Thumb Code     8  common.o(.text)
    EPC1G2_changeeas                         0x080076cd   Thumb Code     8  common.o(.text)
    EPC1G2_EasAlarm                          0x080076d5   Thumb Code     8  common.o(.text)
    EPC1G2_ReadProtect                       0x080076dd   Thumb Code     8  common.o(.text)
    EPC1G2_RSTReadProtect                    0x080076e5   Thumb Code     8  common.o(.text)
    SetUserDataProtect                       0x080076ed   Thumb Code     8  common.o(.text)
    ReadEPCAndData                           0x080076f5   Thumb Code   282  common.o(.text)
    hextochar                                0x0800780f   Thumb Code    24  common.o(.text)
    RelayControl                             0x08007827   Thumb Code    84  common.o(.text)
    packet                                   0x0800789d   Thumb Code   152  paramitem.o(.text)
    TagDataLenPurse                          0x08007935   Thumb Code  1040  paramitem.o(.text)
    rangeControl                             0x08007d45   Thumb Code    98  paramitem.o(.text)
    compare                                  0x08007da7   Thumb Code    32  paramitem.o(.text)
    getparaindex                             0x08007dc7   Thumb Code    34  paramitem.o(.text)
    processParamTable                        0x08007de9   Thumb Code  1960  paramitem.o(.text)
    registryParam                            0x08008591   Thumb Code   120  paramitem.o(.text)
    unRegistryParam                          0x08008609   Thumb Code    58  paramitem.o(.text)
    packetDataWG26                           0x08008651   Thumb Code   508  wg.o(.text)
    packetDataWG34                           0x0800884d   Thumb Code   506  wg.o(.text)
    packetDataWG261                          0x08008a47   Thumb Code   516  wg.o(.text)
    packetDataWG341                          0x08008c4b   Thumb Code   506  wg.o(.text)
    RS485_init                               0x08008e4d   Thumb Code   134  local_485_module.o(.text)
    RS485Send                                0x08008ed3   Thumb Code    70  local_485_module.o(.text)
    USART1_IRQHandler                        0x08008f19   Thumb Code   194  local_485_module.o(.text)
    Local_485_module                         0x08008fdb   Thumb Code   110  local_485_module.o(.text)
    readCard6B                               0x08009061   Thumb Code    30  rfidmodule.o(.text)
    readCard6C                               0x0800907f   Thumb Code   212  rfidmodule.o(.text)
    readCard                                 0x08009153   Thumb Code    82  rfidmodule.o(.text)
    UART4Send                                0x080091dd   Thumb Code    42  r2000.o(.text)
    close_r2000_beep                         0x08009207   Thumb Code   138  r2000.o(.text)
    reset_R2000                              0x08009291   Thumb Code    48  r2000.o(.text)
    set_output_power                         0x080092c1   Thumb Code   142  r2000.o(.text)
    R2000_init                               0x0800934f   Thumb Code    72  r2000.o(.text)
    Mask6BCheck                              0x08009397   Thumb Code   188  r2000.o(.text)
    MaskCheck                                0x08009453   Thumb Code   146  r2000.o(.text)
    decodeR2000                              0x080094e5   Thumb Code  1438  r2000.o(.text)
    UART4_IRQHandler                         0x08009a83   Thumb Code   240  r2000.o(.text)
    encodeR2000                              0x08009b73   Thumb Code  1582  r2000.o(.text)
    Set_MAC_Address                          0x0800a1b5   Thumb Code    40  ethernetif.o(.text)
    ETH_TxPkt_ChainMode                      0x0800a26b   Thumb Code    94  ethernetif.o(.text)
    ETH_GetCurrentTxBuffer                   0x0800a2c9   Thumb Code     8  ethernetif.o(.text)
    ETH_RxPkt_ChainMode                      0x0800a305   Thumb Code   148  ethernetif.o(.text)
    ethernetif_input                         0x0800a407   Thumb Code    44  ethernetif.o(.text)
    ethernetif_init                          0x0800a433   Thumb Code    68  ethernetif.o(.text)
    mem_init                                 0x0800a549   Thumb Code    78  mem.o(.text)
    mem_free                                 0x0800a597   Thumb Code   106  mem.o(.text)
    mem_realloc                              0x0800a601   Thumb Code   316  mem.o(.text)
    mem_malloc                               0x0800a73d   Thumb Code   290  mem.o(.text)
    mem_calloc                               0x0800a85f   Thumb Code    54  mem.o(.text)
    memp_init                                0x0800a895   Thumb Code    82  memp.o(.text)
    memp_malloc                              0x0800a8e7   Thumb Code    54  memp.o(.text)
    memp_free                                0x0800a91d   Thumb Code    38  memp.o(.text)
    netif_set_gw                             0x0800a955   Thumb Code    12  netif.o(.text)
    netif_set_netmask                        0x0800a961   Thumb Code    12  netif.o(.text)
    netif_set_ipaddr                         0x0800a96d   Thumb Code   110  netif.o(.text)
    netif_set_addr                           0x0800a9db   Thumb Code    40  netif.o(.text)
    netif_add                                0x0800aa03   Thumb Code    96  netif.o(.text)
    netif_set_default                        0x0800aa63   Thumb Code     6  netif.o(.text)
    netif_remove                             0x0800aa69   Thumb Code    74  netif.o(.text)
    netif_find                               0x0800aab3   Thumb Code    64  netif.o(.text)
    netif_set_up                             0x0800aaf3   Thumb Code    44  netif.o(.text)
    netif_set_down                           0x0800ab1f   Thumb Code    24  netif.o(.text)
    netif_is_up                              0x0800ab37   Thumb Code    12  netif.o(.text)
    pbuf_free                                0x0800ab59   Thumb Code   152  pbuf.o(.text)
    pbuf_alloc                               0x0800abf1   Thumb Code   520  pbuf.o(.text)
    pbuf_realloc                             0x0800adf9   Thumb Code   176  pbuf.o(.text)
    pbuf_header                              0x0800aea9   Thumb Code   140  pbuf.o(.text)
    pbuf_clen                                0x0800af35   Thumb Code    18  pbuf.o(.text)
    pbuf_ref                                 0x0800af47   Thumb Code    10  pbuf.o(.text)
    pbuf_cat                                 0x0800af51   Thumb Code    80  pbuf.o(.text)
    pbuf_chain                               0x0800afa1   Thumb Code    22  pbuf.o(.text)
    pbuf_dechain                             0x0800afb7   Thumb Code    84  pbuf.o(.text)
    pbuf_copy                                0x0800b00b   Thumb Code   220  pbuf.o(.text)
    pbuf_copy_partial                        0x0800b0e7   Thumb Code   154  pbuf.o(.text)
    pbuf_take                                0x0800b181   Thumb Code   138  pbuf.o(.text)
    pbuf_coalesce                            0x0800b20b   Thumb Code    66  pbuf.o(.text)
    raw_input                                0x0800b24d   Thumb Code   100  raw.o(.text)
    raw_bind                                 0x0800b2b1   Thumb Code    16  raw.o(.text)
    raw_connect                              0x0800b2c1   Thumb Code    16  raw.o(.text)
    raw_recv                                 0x0800b2d1   Thumb Code     6  raw.o(.text)
    raw_sendto                               0x0800b2d7   Thumb Code   158  raw.o(.text)
    raw_send                                 0x0800b375   Thumb Code    18  raw.o(.text)
    raw_remove                               0x0800b387   Thumb Code    60  raw.o(.text)
    raw_new                                  0x0800b3c3   Thumb Code    42  raw.o(.text)
    tcp_seg_free                             0x0800b3f1   Thumb Code    32  tcp.o(.text)
    tcp_segs_free                            0x0800b411   Thumb Code    30  tcp.o(.text)
    tcp_pcb_purge                            0x0800b42f   Thumb Code    54  tcp.o(.text)
    tcp_pcb_remove                           0x0800b465   Thumb Code   170  tcp.o(.text)
    tcp_abandon                              0x0800b50f   Thumb Code   146  tcp.o(.text)
    tcp_slowtmr                              0x0800b5a1   Thumb Code   798  tcp.o(.text)
    tcp_fasttmr                              0x0800b8bf   Thumb Code   112  tcp.o(.text)
    tcp_tmr                                  0x0800b92f   Thumb Code    30  tcp.o(.text)
    tcp_close                                0x0800b94d   Thumb Code   242  tcp.o(.text)
    tcp_bind                                 0x0800baa7   Thumb Code   232  tcp.o(.text)
    tcp_listen_with_backlog                  0x0800bb97   Thumb Code   204  tcp.o(.text)
    tcp_update_rcv_ann_wnd                   0x0800bc63   Thumb Code    90  tcp.o(.text)
    tcp_recved                               0x0800bcbd   Thumb Code    86  tcp.o(.text)
    tcp_eff_send_mss                         0x0800bd13   Thumb Code    46  tcp.o(.text)
    tcp_next_iss                             0x0800bd41   Thumb Code    20  tcp.o(.text)
    tcp_connect                              0x0800bd55   Thumb Code   278  tcp.o(.text)
    tcp_setprio                              0x0800be6b   Thumb Code     4  tcp.o(.text)
    tcp_alloc                                0x0800bf19   Thumb Code   186  tcp.o(.text)
    tcp_new                                  0x0800bfd3   Thumb Code    10  tcp.o(.text)
    tcp_arg                                  0x0800bfdd   Thumb Code     4  tcp.o(.text)
    tcp_recv                                 0x0800bfe1   Thumb Code     6  tcp.o(.text)
    tcp_sent                                 0x0800bfe7   Thumb Code     6  tcp.o(.text)
    tcp_err                                  0x0800bfed   Thumb Code     6  tcp.o(.text)
    tcp_accept                               0x0800bff3   Thumb Code     4  tcp.o(.text)
    tcp_poll                                 0x0800bff7   Thumb Code    10  tcp.o(.text)
    tcp_input                                0x0800ced1   Thumb Code  1152  tcp_in.o(.text)
    tcp_enqueue                              0x0800d409   Thumb Code  1066  tcp_out.o(.text)
    tcp_send_ctrl                            0x0800d833   Thumb Code    28  tcp_out.o(.text)
    tcp_write                                0x0800d84f   Thumb Code    72  tcp_out.o(.text)
    tcp_output                               0x0800d955   Thumb Code   608  tcp_out.o(.text)
    tcp_rst                                  0x0800dbb5   Thumb Code   174  tcp_out.o(.text)
    tcp_rexmit_rto                           0x0800dc63   Thumb Code    58  tcp_out.o(.text)
    tcp_rexmit                               0x0800dc9d   Thumb Code   100  tcp_out.o(.text)
    tcp_keepalive                            0x0800dd01   Thumb Code    92  tcp_out.o(.text)
    tcp_zero_window_probe                    0x0800dd5d   Thumb Code   102  tcp_out.o(.text)
    udp_input                                0x0800ddc5   Thumb Code   408  udp.o(.text)
    udp_bind                                 0x0800df5d   Thumb Code   112  udp.o(.text)
    udp_sendto_if                            0x0800dfcd   Thumb Code   212  udp.o(.text)
    udp_sendto                               0x0800e0a1   Thumb Code    46  udp.o(.text)
    udp_send                                 0x0800e0cf   Thumb Code    20  udp.o(.text)
    udp_connect                              0x0800e0e3   Thumb Code    94  udp.o(.text)
    udp_disconnect                           0x0800e141   Thumb Code    28  udp.o(.text)
    udp_recv                                 0x0800e15d   Thumb Code     6  udp.o(.text)
    udp_remove                               0x0800e163   Thumb Code    60  udp.o(.text)
    udp_new                                  0x0800e19f   Thumb Code    28  udp.o(.text)
    icmp_input                               0x0800e1c5   Thumb Code   404  icmp.o(.text)
    icmp_dest_unreach                        0x0800e3cf   Thumb Code    18  icmp.o(.text)
    icmp_time_exceeded                       0x0800e3e1   Thumb Code    18  icmp.o(.text)
    htonl                                    0x0800e3f5   Thumb Code    26  inet.o(.text)
    inet_aton                                0x0800e40f   Thumb Code   342  inet.o(.text)
    inet_addr                                0x0800e565   Thumb Code    24  inet.o(.text)
    inet_ntoa                                0x0800e57d   Thumb Code   112  inet.o(.text)
    htons                                    0x0800e5ed   Thumb Code    12  inet.o(.text)
    ntohs                                    0x0800e5f9   Thumb Code    12  inet.o(.text)
    ntohl                                    0x0800e605   Thumb Code    12  inet.o(.text)
    inet_chksum_pseudo                       0x0800e65f   Thumb Code   162  inet_chksum.o(.text)
    inet_chksum                              0x0800e701   Thumb Code    20  inet_chksum.o(.text)
    inet_chksum_pbuf                         0x0800e715   Thumb Code    86  inet_chksum.o(.text)
    ip_current_netif                         0x0800e76d   Thumb Code     6  ip.o(.text)
    ip_current_header                        0x0800e773   Thumb Code     6  ip.o(.text)
    ip_route                                 0x0800e779   Thumb Code    70  ip.o(.text)
    ip_input                                 0x0800e7bf   Thumb Code   398  ip.o(.text)
    ip_output_if                             0x0800e94d   Thumb Code   254  ip.o(.text)
    ip_output                                0x0800ea4b   Thumb Code    52  ip.o(.text)
    ip_addr_isbroadcast                      0x0800ea95   Thumb Code    78  ip_addr.o(.text)
    ip_reass_tmr                             0x0800ebb9   Thumb Code    48  ip_frag.o(.text)
    ip_reass                                 0x0800ee4f   Thumb Code   410  ip_frag.o(.text)
    ip_frag                                  0x0800efe9   Thumb Code   326  ip_frag.o(.text)
    etharp_tmr                               0x0800f179   Thumb Code   154  etharp.o(.text)
    etharp_find_addr                         0x0800f54f   Thumb Code    90  etharp.o(.text)
    etharp_ip_input                          0x0800f5a9   Thumb Code    58  etharp.o(.text)
    etharp_arp_input                         0x0800f5e3   Thumb Code   306  etharp.o(.text)
    etharp_request                           0x0800f7df   Thumb Code    36  etharp.o(.text)
    etharp_query                             0x0800f803   Thumb Code   436  etharp.o(.text)
    etharp_output                            0x0800f9b7   Thumb Code   198  etharp.o(.text)
    ethernet_input                           0x0800fa7d   Thumb Code   108  etharp.o(.text)
    ETH_DeInit                               0x0800faf5   Thumb Code    22  stm32_eth.o(.text)
    ETH_WritePHYRegister                     0x0800fb27   Thumb Code    92  stm32_eth.o(.text)
    ETH_ReadPHYRegister                      0x0800fb83   Thumb Code    94  stm32_eth.o(.text)
    ETH_Init                                 0x0800fbe1   Thumb Code   534  stm32_eth.o(.text)
    ETH_StructInit                           0x0800fdf7   Thumb Code   164  stm32_eth.o(.text)
    ETH_DMAReceptionCmd                      0x0800fe9b   Thumb Code    30  stm32_eth.o(.text)
    ETH_DMATransmissionCmd                   0x0800feb9   Thumb Code    30  stm32_eth.o(.text)
    ETH_MACReceptionCmd                      0x0800fed7   Thumb Code    30  stm32_eth.o(.text)
    ETH_FlushTransmitFIFO                    0x0800fef5   Thumb Code    14  stm32_eth.o(.text)
    ETH_MACTransmissionCmd                   0x0800ff03   Thumb Code    64  stm32_eth.o(.text)
    ETH_Start                                0x0800ff43   Thumb Code    32  stm32_eth.o(.text)
    ETH_HandleTxPkt                          0x0800ff63   Thumb Code   176  stm32_eth.o(.text)
    ETH_HandleRxPkt                          0x08010013   Thumb Code   196  stm32_eth.o(.text)
    ETH_GetDMARxDescFrameLength              0x080100d7   Thumb Code    10  stm32_eth.o(.text)
    ETH_GetRxPktSize                         0x080100e1   Thumb Code    66  stm32_eth.o(.text)
    ETH_DropRxPkt                            0x08010123   Thumb Code    78  stm32_eth.o(.text)
    ETH_PHYLoopBackCmd                       0x08010171   Thumb Code    52  stm32_eth.o(.text)
    ETH_GetFlowControlBusyStatus             0x080101a5   Thumb Code    20  stm32_eth.o(.text)
    ETH_InitiatePauseControlFrame            0x080101b9   Thumb Code    14  stm32_eth.o(.text)
    ETH_BackPressureActivationCmd            0x080101c7   Thumb Code    30  stm32_eth.o(.text)
    ETH_GetMACFlagStatus                     0x080101e5   Thumb Code    20  stm32_eth.o(.text)
    ETH_GetMACITStatus                       0x080101f9   Thumb Code    20  stm32_eth.o(.text)
    ETH_MACITConfig                          0x0801020d   Thumb Code    26  stm32_eth.o(.text)
    ETH_MACAddressConfig                     0x08010227   Thumb Code    46  stm32_eth.o(.text)
    ETH_GetMACAddress                        0x08010255   Thumb Code    36  stm32_eth.o(.text)
    ETH_MACAddressPerfectFilterCmd           0x08010279   Thumb Code    38  stm32_eth.o(.text)
    ETH_MACAddressFilterConfig               0x0801029f   Thumb Code    40  stm32_eth.o(.text)
    ETH_MACAddressMaskBytesFilterConfig      0x080102c7   Thumb Code    32  stm32_eth.o(.text)
    ETH_DMATxDescChainInit                   0x080102e7   Thumb Code    88  stm32_eth.o(.text)
    ETH_DMATxDescRingInit                    0x0801033f   Thumb Code    72  stm32_eth.o(.text)
    ETH_GetDMATxDescFlagStatus               0x08010387   Thumb Code    18  stm32_eth.o(.text)
    ETH_GetDMATxDescCollisionCount           0x08010399   Thumb Code    10  stm32_eth.o(.text)
    ETH_SetDMATxDescOwnBit                   0x080103a3   Thumb Code    10  stm32_eth.o(.text)
    ETH_DMATxDescTransmitITConfig            0x080103ad   Thumb Code    22  stm32_eth.o(.text)
    ETH_DMATxDescFrameSegmentConfig          0x080103c3   Thumb Code     8  stm32_eth.o(.text)
    ETH_DMATxDescChecksumInsertionConfig     0x080103cb   Thumb Code     8  stm32_eth.o(.text)
    ETH_DMATxDescCRCCmd                      0x080103d3   Thumb Code    22  stm32_eth.o(.text)
    ETH_DMATxDescEndOfRingCmd                0x080103e9   Thumb Code    22  stm32_eth.o(.text)
    ETH_DMATxDescSecondAddressChainedCmd     0x080103ff   Thumb Code    22  stm32_eth.o(.text)
    ETH_DMATxDescShortFramePaddingCmd        0x08010415   Thumb Code    22  stm32_eth.o(.text)
    ETH_DMATxDescTimeStampCmd                0x0801042b   Thumb Code    22  stm32_eth.o(.text)
    ETH_DMATxDescBufferSizeConfig            0x08010441   Thumb Code    14  stm32_eth.o(.text)
    ETH_DMARxDescChainInit                   0x0801044f   Thumb Code    76  stm32_eth.o(.text)
    ETH_DMARxDescRingInit                    0x0801049b   Thumb Code    86  stm32_eth.o(.text)
    ETH_GetDMARxDescFlagStatus               0x080104f1   Thumb Code    18  stm32_eth.o(.text)
    ETH_SetDMARxDescOwnBit                   0x08010503   Thumb Code    10  stm32_eth.o(.text)
    ETH_DMARxDescReceiveITConfig             0x0801050d   Thumb Code    22  stm32_eth.o(.text)
    ETH_DMARxDescEndOfRingCmd                0x08010523   Thumb Code    22  stm32_eth.o(.text)
    ETH_DMARxDescSecondAddressChainedCmd     0x08010539   Thumb Code    22  stm32_eth.o(.text)
    ETH_GetDMARxDescBufferSize               0x0801054f   Thumb Code    20  stm32_eth.o(.text)
    ETH_SoftwareReset                        0x08010563   Thumb Code    14  stm32_eth.o(.text)
    ETH_GetSoftwareResetStatus               0x08010571   Thumb Code    20  stm32_eth.o(.text)
    ETH_GetDMAFlagStatus                     0x08010585   Thumb Code    20  stm32_eth.o(.text)
    ETH_DMAClearFlag                         0x08010599   Thumb Code     6  stm32_eth.o(.text)
    ETH_GetDMAITStatus                       0x0801059f   Thumb Code    20  stm32_eth.o(.text)
    ETH_DMAClearITPendingBit                 0x080105b3   Thumb Code     6  stm32_eth.o(.text)
    ETH_GetTransmitProcessState              0x080105b9   Thumb Code    10  stm32_eth.o(.text)
    ETH_GetReceiveProcessState               0x080105c3   Thumb Code    10  stm32_eth.o(.text)
    ETH_GetFlushTransmitFIFOStatus           0x080105cd   Thumb Code    20  stm32_eth.o(.text)
    ETH_DMAITConfig                          0x080105e1   Thumb Code    26  stm32_eth.o(.text)
    ETH_GetDMAOverflowStatus                 0x080105fb   Thumb Code    20  stm32_eth.o(.text)
    ETH_GetRxOverflowMissedFrameCounter      0x0801060f   Thumb Code    10  stm32_eth.o(.text)
    ETH_GetBufferUnavailableMissedFrameCounter 0x08010619   Thumb Code     8  stm32_eth.o(.text)
    ETH_GetCurrentTxDescStartAddress         0x08010621   Thumb Code     6  stm32_eth.o(.text)
    ETH_GetCurrentRxDescStartAddress         0x08010627   Thumb Code     6  stm32_eth.o(.text)
    ETH_GetCurrentTxBufferAddress            0x0801062d   Thumb Code     6  stm32_eth.o(.text)
    ETH_GetCurrentRxBufferAddress            0x08010633   Thumb Code     6  stm32_eth.o(.text)
    ETH_ResumeDMATransmission                0x08010639   Thumb Code     8  stm32_eth.o(.text)
    ETH_ResumeDMAReception                   0x08010641   Thumb Code     8  stm32_eth.o(.text)
    ETH_ResetWakeUpFrameFilterRegisterPointer 0x08010649   Thumb Code    14  stm32_eth.o(.text)
    ETH_SetWakeUpFrameFilterRegister         0x08010657   Thumb Code    24  stm32_eth.o(.text)
    ETH_GlobalUnicastWakeUpCmd               0x0801066f   Thumb Code    30  stm32_eth.o(.text)
    ETH_GetPMTFlagStatus                     0x0801068d   Thumb Code    20  stm32_eth.o(.text)
    ETH_WakeUpFrameDetectionCmd              0x080106a1   Thumb Code    30  stm32_eth.o(.text)
    ETH_MagicPacketDetectionCmd              0x080106bf   Thumb Code    30  stm32_eth.o(.text)
    ETH_PowerDownCmd                         0x080106dd   Thumb Code    30  stm32_eth.o(.text)
    ETH_MMCCounterFreezeCmd                  0x080106fb   Thumb Code    54  stm32_eth.o(.text)
    ETH_MMCResetOnReadCmd                    0x08010731   Thumb Code    34  stm32_eth.o(.text)
    ETH_MMCCounterRolloverCmd                0x08010753   Thumb Code    34  stm32_eth.o(.text)
    ETH_MMCCountersReset                     0x08010775   Thumb Code    16  stm32_eth.o(.text)
    ETH_MMCITConfig                          0x08010785   Thumb Code    78  stm32_eth.o(.text)
    ETH_GetMMCITStatus                       0x080107d3   Thumb Code    58  stm32_eth.o(.text)
    ETH_GetMMCRegister                       0x0801080d   Thumb Code     8  stm32_eth.o(.text)
    ETH_EnablePTPTimeStampAddend             0x08010815   Thumb Code    14  stm32_eth.o(.text)
    ETH_EnablePTPTimeStampInterruptTrigger   0x08010823   Thumb Code    14  stm32_eth.o(.text)
    ETH_EnablePTPTimeStampUpdate             0x08010831   Thumb Code    14  stm32_eth.o(.text)
    ETH_InitializePTPTimeStamp               0x0801083f   Thumb Code    14  stm32_eth.o(.text)
    ETH_PTPUpdateMethodConfig                0x0801084d   Thumb Code    30  stm32_eth.o(.text)
    ETH_PTPTimeStampCmd                      0x0801086b   Thumb Code    30  stm32_eth.o(.text)
    ETH_GetPTPFlagStatus                     0x08010889   Thumb Code    20  stm32_eth.o(.text)
    ETH_SetPTPSubSecondIncrement             0x0801089d   Thumb Code     8  stm32_eth.o(.text)
    ETH_SetPTPTimeStampUpdate                0x080108a5   Thumb Code    20  stm32_eth.o(.text)
    ETH_SetPTPTimeStampAddend                0x080108b9   Thumb Code     8  stm32_eth.o(.text)
    ETH_SetPTPTargetTime                     0x080108c1   Thumb Code    12  stm32_eth.o(.text)
    ETH_GetPTPRegister                       0x080108cd   Thumb Code     8  stm32_eth.o(.text)
    ETH_DMAPTPTxDescChainInit                0x080108d5   Thumb Code    98  stm32_eth.o(.text)
    ETH_DMAPTPRxDescChainInit                0x08010937   Thumb Code   104  stm32_eth.o(.text)
    ETH_HandlePTPTxPkt                       0x0801099f   Thumb Code   300  stm32_eth.o(.text)
    ETH_HandlePTPRxPkt                       0x08010acb   Thumb Code   298  stm32_eth.o(.text)
    NVIC_PriorityGroupConfig                 0x08010c01   Thumb Code    10  misc.o(.text)
    NVIC_Init                                0x08010c0b   Thumb Code   102  misc.o(.text)
    NVIC_SetVectorTable                      0x08010c71   Thumb Code    14  misc.o(.text)
    NVIC_SystemLPConfig                      0x08010c7f   Thumb Code    34  misc.o(.text)
    SysTick_CLKSourceConfig                  0x08010ca1   Thumb Code    40  misc.o(.text)
    BKP_DeInit                               0x08010cdd   Thumb Code    16  stm32f10x_bkp.o(.text)
    BKP_TamperPinLevelConfig                 0x08010ced   Thumb Code     6  stm32f10x_bkp.o(.text)
    BKP_TamperPinCmd                         0x08010cf3   Thumb Code     8  stm32f10x_bkp.o(.text)
    BKP_ITConfig                             0x08010cfb   Thumb Code     8  stm32f10x_bkp.o(.text)
    BKP_RTCOutputConfig                      0x08010d03   Thumb Code    22  stm32f10x_bkp.o(.text)
    BKP_SetRTCCalibrationValue               0x08010d19   Thumb Code    22  stm32f10x_bkp.o(.text)
    BKP_WriteBackupRegister                  0x08010d2f   Thumb Code    24  stm32f10x_bkp.o(.text)
    BKP_ReadBackupRegister                   0x08010d47   Thumb Code    26  stm32f10x_bkp.o(.text)
    BKP_GetFlagStatus                        0x08010d61   Thumb Code    10  stm32f10x_bkp.o(.text)
    BKP_ClearFlag                            0x08010d6b   Thumb Code    18  stm32f10x_bkp.o(.text)
    BKP_GetITStatus                          0x08010d7d   Thumb Code    10  stm32f10x_bkp.o(.text)
    BKP_ClearITPendingBit                    0x08010d87   Thumb Code    18  stm32f10x_bkp.o(.text)
    GPIO_DeInit                              0x08010da1   Thumb Code   172  stm32f10x_gpio.o(.text)
    GPIO_AFIODeInit                          0x08010e4d   Thumb Code    20  stm32f10x_gpio.o(.text)
    GPIO_Init                                0x08010e61   Thumb Code   274  stm32f10x_gpio.o(.text)
    GPIO_StructInit                          0x08010f73   Thumb Code    16  stm32f10x_gpio.o(.text)
    GPIO_ReadInputDataBit                    0x08010f83   Thumb Code    18  stm32f10x_gpio.o(.text)
    GPIO_ReadInputData                       0x08010f95   Thumb Code     8  stm32f10x_gpio.o(.text)
    GPIO_ReadOutputDataBit                   0x08010f9d   Thumb Code    18  stm32f10x_gpio.o(.text)
    GPIO_ReadOutputData                      0x08010faf   Thumb Code     8  stm32f10x_gpio.o(.text)
    GPIO_SetBits                             0x08010fb7   Thumb Code     4  stm32f10x_gpio.o(.text)
    GPIO_ResetBits                           0x08010fbb   Thumb Code     4  stm32f10x_gpio.o(.text)
    GPIO_WriteBit                            0x08010fbf   Thumb Code    10  stm32f10x_gpio.o(.text)
    GPIO_Write                               0x08010fc9   Thumb Code     4  stm32f10x_gpio.o(.text)
    GPIO_PinLockConfig                       0x08010fcd   Thumb Code    18  stm32f10x_gpio.o(.text)
    GPIO_EventOutputConfig                   0x08010fdf   Thumb Code    26  stm32f10x_gpio.o(.text)
    GPIO_EventOutputCmd                      0x08010ff9   Thumb Code     6  stm32f10x_gpio.o(.text)
    GPIO_PinRemapConfig                      0x08010fff   Thumb Code   106  stm32f10x_gpio.o(.text)
    GPIO_EXTILineConfig                      0x08011069   Thumb Code    66  stm32f10x_gpio.o(.text)
    GPIO_ETH_MediaInterfaceConfig            0x080110ab   Thumb Code     6  stm32f10x_gpio.o(.text)
    I2C_DeInit                               0x080110d9   Thumb Code    50  stm32f10x_i2c.o(.text)
    I2C_Init                                 0x0801110b   Thumb Code   222  stm32f10x_i2c.o(.text)
    I2C_StructInit                           0x080111e9   Thumb Code    30  stm32f10x_i2c.o(.text)
    I2C_Cmd                                  0x08011207   Thumb Code    24  stm32f10x_i2c.o(.text)
    I2C_DMACmd                               0x0801121f   Thumb Code    24  stm32f10x_i2c.o(.text)
    I2C_DMALastTransferCmd                   0x08011237   Thumb Code    24  stm32f10x_i2c.o(.text)
    I2C_GenerateSTART                        0x0801124f   Thumb Code    24  stm32f10x_i2c.o(.text)
    I2C_GenerateSTOP                         0x08011267   Thumb Code    24  stm32f10x_i2c.o(.text)
    I2C_AcknowledgeConfig                    0x0801127f   Thumb Code    24  stm32f10x_i2c.o(.text)
    I2C_OwnAddress2Config                    0x08011297   Thumb Code    22  stm32f10x_i2c.o(.text)
    I2C_DualAddressCmd                       0x080112ad   Thumb Code    24  stm32f10x_i2c.o(.text)
    I2C_GeneralCallCmd                       0x080112c5   Thumb Code    24  stm32f10x_i2c.o(.text)
    I2C_ITConfig                             0x080112dd   Thumb Code    18  stm32f10x_i2c.o(.text)
    I2C_SendData                             0x080112ef   Thumb Code     4  stm32f10x_i2c.o(.text)
    I2C_ReceiveData                          0x080112f3   Thumb Code     8  stm32f10x_i2c.o(.text)
    I2C_Send7bitAddress                      0x080112fb   Thumb Code    18  stm32f10x_i2c.o(.text)
    I2C_ReadRegister                         0x0801130d   Thumb Code    22  stm32f10x_i2c.o(.text)
    I2C_SoftwareResetCmd                     0x08011323   Thumb Code    22  stm32f10x_i2c.o(.text)
    I2C_SMBusAlertConfig                     0x08011339   Thumb Code    28  stm32f10x_i2c.o(.text)
    I2C_TransmitPEC                          0x08011355   Thumb Code    24  stm32f10x_i2c.o(.text)
    I2C_PECPositionConfig                    0x0801136d   Thumb Code    28  stm32f10x_i2c.o(.text)
    I2C_CalculatePEC                         0x08011389   Thumb Code    24  stm32f10x_i2c.o(.text)
    I2C_GetPEC                               0x080113a1   Thumb Code     8  stm32f10x_i2c.o(.text)
    I2C_ARPCmd                               0x080113a9   Thumb Code    24  stm32f10x_i2c.o(.text)
    I2C_StretchClockCmd                      0x080113c1   Thumb Code    24  stm32f10x_i2c.o(.text)
    I2C_FastModeDutyCycleConfig              0x080113d9   Thumb Code    28  stm32f10x_i2c.o(.text)
    I2C_GetLastEvent                         0x080113f5   Thumb Code    26  stm32f10x_i2c.o(.text)
    I2C_CheckEvent                           0x0801140f   Thumb Code    38  stm32f10x_i2c.o(.text)
    I2C_GetFlagStatus                        0x08011435   Thumb Code    58  stm32f10x_i2c.o(.text)
    I2C_ClearFlag                            0x0801146f   Thumb Code    12  stm32f10x_i2c.o(.text)
    I2C_GetITStatus                          0x0801147b   Thumb Code    38  stm32f10x_i2c.o(.text)
    I2C_ClearITPendingBit                    0x080114a1   Thumb Code    12  stm32f10x_i2c.o(.text)
    IWDG_WriteAccessCmd                      0x080114bd   Thumb Code     6  stm32f10x_iwdg.o(.text)
    IWDG_SetPrescaler                        0x080114c3   Thumb Code     6  stm32f10x_iwdg.o(.text)
    IWDG_SetReload                           0x080114c9   Thumb Code     6  stm32f10x_iwdg.o(.text)
    IWDG_ReloadCounter                       0x080114cf   Thumb Code    10  stm32f10x_iwdg.o(.text)
    IWDG_Enable                              0x080114d9   Thumb Code    10  stm32f10x_iwdg.o(.text)
    IWDG_GetFlagStatus                       0x080114e3   Thumb Code    20  stm32f10x_iwdg.o(.text)
    PWR_DeInit                               0x080114fd   Thumb Code    22  stm32f10x_pwr.o(.text)
    PWR_BackupAccessCmd                      0x08011513   Thumb Code     6  stm32f10x_pwr.o(.text)
    PWR_PVDCmd                               0x08011519   Thumb Code     6  stm32f10x_pwr.o(.text)
    PWR_PVDLevelConfig                       0x0801151f   Thumb Code    18  stm32f10x_pwr.o(.text)
    PWR_WakeUpPinCmd                         0x08011531   Thumb Code     6  stm32f10x_pwr.o(.text)
    PWR_EnterSTOPMode                        0x08011537   Thumb Code    42  stm32f10x_pwr.o(.text)
    PWR_EnterSTANDBYMode                     0x08011561   Thumb Code    42  stm32f10x_pwr.o(.text)
    PWR_GetFlagStatus                        0x0801158b   Thumb Code    20  stm32f10x_pwr.o(.text)
    PWR_ClearFlag                            0x0801159f   Thumb Code    14  stm32f10x_pwr.o(.text)
    RCC_DeInit                               0x080115bd   Thumb Code    78  stm32f10x_rcc.o(.text)
    RCC_HSEConfig                            0x0801160b   Thumb Code    70  stm32f10x_rcc.o(.text)
    RCC_GetFlagStatus                        0x08011651   Thumb Code    56  stm32f10x_rcc.o(.text)
    RCC_WaitForHSEStartUp                    0x08011689   Thumb Code    56  stm32f10x_rcc.o(.text)
    RCC_AdjustHSICalibrationValue            0x080116c1   Thumb Code    20  stm32f10x_rcc.o(.text)
    RCC_HSICmd                               0x080116d5   Thumb Code     6  stm32f10x_rcc.o(.text)
    RCC_PLLConfig                            0x080116db   Thumb Code    24  stm32f10x_rcc.o(.text)
    RCC_PLLCmd                               0x080116f3   Thumb Code     6  stm32f10x_rcc.o(.text)
    RCC_PREDIV1Config                        0x080116f9   Thumb Code    24  stm32f10x_rcc.o(.text)
    RCC_PREDIV2Config                        0x08011711   Thumb Code    18  stm32f10x_rcc.o(.text)
    RCC_PLL2Config                           0x08011723   Thumb Code    18  stm32f10x_rcc.o(.text)
    RCC_PLL2Cmd                              0x08011735   Thumb Code     6  stm32f10x_rcc.o(.text)
    RCC_PLL3Config                           0x0801173b   Thumb Code    18  stm32f10x_rcc.o(.text)
    RCC_PLL3Cmd                              0x0801174d   Thumb Code     6  stm32f10x_rcc.o(.text)
    RCC_SYSCLKConfig                         0x08011753   Thumb Code    18  stm32f10x_rcc.o(.text)
    RCC_GetSYSCLKSource                      0x08011765   Thumb Code    10  stm32f10x_rcc.o(.text)
    RCC_HCLKConfig                           0x0801176f   Thumb Code    18  stm32f10x_rcc.o(.text)
    RCC_PCLK1Config                          0x08011781   Thumb Code    18  stm32f10x_rcc.o(.text)
    RCC_PCLK2Config                          0x08011793   Thumb Code    20  stm32f10x_rcc.o(.text)
    RCC_ITConfig                             0x080117a7   Thumb Code    26  stm32f10x_rcc.o(.text)
    RCC_OTGFSCLKConfig                       0x080117c1   Thumb Code     6  stm32f10x_rcc.o(.text)
    RCC_ADCCLKConfig                         0x080117c7   Thumb Code    18  stm32f10x_rcc.o(.text)
    RCC_I2S2CLKConfig                        0x080117d9   Thumb Code     6  stm32f10x_rcc.o(.text)
    RCC_I2S3CLKConfig                        0x080117df   Thumb Code     8  stm32f10x_rcc.o(.text)
    RCC_LSEConfig                            0x080117e7   Thumb Code    44  stm32f10x_rcc.o(.text)
    RCC_LSICmd                               0x08011813   Thumb Code     6  stm32f10x_rcc.o(.text)
    RCC_RTCCLKConfig                         0x08011819   Thumb Code    12  stm32f10x_rcc.o(.text)
    RCC_RTCCLKCmd                            0x08011825   Thumb Code     8  stm32f10x_rcc.o(.text)
    RCC_GetClocksFreq                        0x0801182d   Thumb Code   432  stm32f10x_rcc.o(.text)
    RCC_AHBPeriphClockCmd                    0x080119dd   Thumb Code    26  stm32f10x_rcc.o(.text)
    RCC_APB2PeriphClockCmd                   0x080119f7   Thumb Code    26  stm32f10x_rcc.o(.text)
    RCC_APB1PeriphClockCmd                   0x08011a11   Thumb Code    26  stm32f10x_rcc.o(.text)
    RCC_AHBPeriphResetCmd                    0x08011a2b   Thumb Code    26  stm32f10x_rcc.o(.text)
    RCC_APB2PeriphResetCmd                   0x08011a45   Thumb Code    26  stm32f10x_rcc.o(.text)
    RCC_APB1PeriphResetCmd                   0x08011a5f   Thumb Code    26  stm32f10x_rcc.o(.text)
    RCC_BackupResetCmd                       0x08011a79   Thumb Code     6  stm32f10x_rcc.o(.text)
    RCC_ClockSecuritySystemCmd               0x08011a7f   Thumb Code     6  stm32f10x_rcc.o(.text)
    RCC_MCOConfig                            0x08011a85   Thumb Code     6  stm32f10x_rcc.o(.text)
    RCC_ClearFlag                            0x08011a8b   Thumb Code    14  stm32f10x_rcc.o(.text)
    RCC_GetITStatus                          0x08011a99   Thumb Code    20  stm32f10x_rcc.o(.text)
    RCC_ClearITPendingBit                    0x08011aad   Thumb Code     6  stm32f10x_rcc.o(.text)
    RTC_ITConfig                             0x08011ac1   Thumb Code    26  stm32f10x_rtc.o(.text)
    RTC_EnterConfigMode                      0x08011adb   Thumb Code    18  stm32f10x_rtc.o(.text)
    RTC_ExitConfigMode                       0x08011aed   Thumb Code    20  stm32f10x_rtc.o(.text)
    RTC_GetCounter                           0x08011b01   Thumb Code    18  stm32f10x_rtc.o(.text)
    RTC_SetCounter                           0x08011b13   Thumb Code    26  stm32f10x_rtc.o(.text)
    RTC_SetPrescaler                         0x08011b2d   Thumb Code    28  stm32f10x_rtc.o(.text)
    RTC_SetAlarm                             0x08011b49   Thumb Code    26  stm32f10x_rtc.o(.text)
    RTC_GetDivider                           0x08011b63   Thumb Code    22  stm32f10x_rtc.o(.text)
    RTC_WaitForLastTask                      0x08011b79   Thumb Code    16  stm32f10x_rtc.o(.text)
    RTC_WaitForSynchro                       0x08011b89   Thumb Code    34  stm32f10x_rtc.o(.text)
    RTC_GetFlagStatus                        0x08011bab   Thumb Code    22  stm32f10x_rtc.o(.text)
    RTC_ClearFlag                            0x08011bc1   Thumb Code    16  stm32f10x_rtc.o(.text)
    RTC_GetITStatus                          0x08011bd1   Thumb Code    32  stm32f10x_rtc.o(.text)
    RTC_ClearITPendingBit                    0x08011bf1   Thumb Code    16  stm32f10x_rtc.o(.text)
    TIM_DeInit                               0x08011c05   Thumb Code   196  stm32f10x_tim.o(.text)
    TIM_TimeBaseInit                         0x08011cc9   Thumb Code    50  stm32f10x_tim.o(.text)
    TIM_OC1Init                              0x08011cfb   Thumb Code   110  stm32f10x_tim.o(.text)
    TIM_OC2Init                              0x08011d69   Thumb Code   148  stm32f10x_tim.o(.text)
    TIM_OC3Init                              0x08011dfd   Thumb Code   144  stm32f10x_tim.o(.text)
    TIM_OC4Init                              0x08011e8d   Thumb Code   106  stm32f10x_tim.o(.text)
    TIM_SetIC4Prescaler                      0x08011ef7   Thumb Code    26  stm32f10x_tim.o(.text)
    TIM_SetIC3Prescaler                      0x08011f61   Thumb Code    18  stm32f10x_tim.o(.text)
    TIM_SetIC2Prescaler                      0x08011fbb   Thumb Code    26  stm32f10x_tim.o(.text)
    TIM_SetIC1Prescaler                      0x08012043   Thumb Code    18  stm32f10x_tim.o(.text)
    TIM_ICInit                               0x0801208d   Thumb Code   110  stm32f10x_tim.o(.text)
    TIM_PWMIConfig                           0x080120fb   Thumb Code   124  stm32f10x_tim.o(.text)
    TIM_BDTRConfig                           0x08012177   Thumb Code    32  stm32f10x_tim.o(.text)
    TIM_TimeBaseStructInit                   0x08012197   Thumb Code    18  stm32f10x_tim.o(.text)
    TIM_OCStructInit                         0x080121a9   Thumb Code    20  stm32f10x_tim.o(.text)
    TIM_ICStructInit                         0x080121bd   Thumb Code    18  stm32f10x_tim.o(.text)
    TIM_BDTRStructInit                       0x080121cf   Thumb Code    18  stm32f10x_tim.o(.text)
    TIM_Cmd                                  0x080121e1   Thumb Code    24  stm32f10x_tim.o(.text)
    TIM_CtrlPWMOutputs                       0x080121f9   Thumb Code    30  stm32f10x_tim.o(.text)
    TIM_ITConfig                             0x08012217   Thumb Code    18  stm32f10x_tim.o(.text)
    TIM_GenerateEvent                        0x08012229   Thumb Code     4  stm32f10x_tim.o(.text)
    TIM_DMAConfig                            0x0801222d   Thumb Code    10  stm32f10x_tim.o(.text)
    TIM_DMACmd                               0x08012237   Thumb Code    18  stm32f10x_tim.o(.text)
    TIM_InternalClockConfig                  0x08012249   Thumb Code    12  stm32f10x_tim.o(.text)
    TIM_SelectInputTrigger                   0x08012255   Thumb Code    18  stm32f10x_tim.o(.text)
    TIM_ITRxExternalClockConfig              0x08012267   Thumb Code    24  stm32f10x_tim.o(.text)
    TIM_TIxExternalClockConfig               0x0801227f   Thumb Code    62  stm32f10x_tim.o(.text)
    TIM_ETRConfig                            0x080122bd   Thumb Code    28  stm32f10x_tim.o(.text)
    TIM_ETRClockMode1Config                  0x080122d9   Thumb Code    54  stm32f10x_tim.o(.text)
    TIM_ETRClockMode2Config                  0x0801230f   Thumb Code    32  stm32f10x_tim.o(.text)
    TIM_PrescalerConfig                      0x0801232f   Thumb Code     6  stm32f10x_tim.o(.text)
    TIM_CounterModeConfig                    0x08012335   Thumb Code    18  stm32f10x_tim.o(.text)
    TIM_EncoderInterfaceConfig               0x08012347   Thumb Code    66  stm32f10x_tim.o(.text)
    TIM_ForcedOC1Config                      0x08012389   Thumb Code    18  stm32f10x_tim.o(.text)
    TIM_ForcedOC2Config                      0x0801239b   Thumb Code    26  stm32f10x_tim.o(.text)
    TIM_ForcedOC3Config                      0x080123b5   Thumb Code    18  stm32f10x_tim.o(.text)
    TIM_ForcedOC4Config                      0x080123c7   Thumb Code    26  stm32f10x_tim.o(.text)
    TIM_ARRPreloadConfig                     0x080123e1   Thumb Code    24  stm32f10x_tim.o(.text)
    TIM_SelectCOM                            0x080123f9   Thumb Code    24  stm32f10x_tim.o(.text)
    TIM_SelectCCDMA                          0x08012411   Thumb Code    24  stm32f10x_tim.o(.text)
    TIM_CCPreloadControl                     0x08012429   Thumb Code    24  stm32f10x_tim.o(.text)
    TIM_OC1PreloadConfig                     0x08012441   Thumb Code    18  stm32f10x_tim.o(.text)
    TIM_OC2PreloadConfig                     0x08012453   Thumb Code    26  stm32f10x_tim.o(.text)
    TIM_OC3PreloadConfig                     0x0801246d   Thumb Code    18  stm32f10x_tim.o(.text)
    TIM_OC4PreloadConfig                     0x0801247f   Thumb Code    26  stm32f10x_tim.o(.text)
    TIM_OC1FastConfig                        0x08012499   Thumb Code    18  stm32f10x_tim.o(.text)
    TIM_OC2FastConfig                        0x080124ab   Thumb Code    26  stm32f10x_tim.o(.text)
    TIM_OC3FastConfig                        0x080124c5   Thumb Code    18  stm32f10x_tim.o(.text)
    TIM_OC4FastConfig                        0x080124d7   Thumb Code    26  stm32f10x_tim.o(.text)
    TIM_ClearOC1Ref                          0x080124f1   Thumb Code    18  stm32f10x_tim.o(.text)
    TIM_ClearOC2Ref                          0x08012503   Thumb Code    24  stm32f10x_tim.o(.text)
    TIM_ClearOC3Ref                          0x0801251b   Thumb Code    18  stm32f10x_tim.o(.text)
    TIM_ClearOC4Ref                          0x0801252d   Thumb Code    24  stm32f10x_tim.o(.text)
    TIM_OC1PolarityConfig                    0x08012545   Thumb Code    18  stm32f10x_tim.o(.text)
    TIM_OC1NPolarityConfig                   0x08012557   Thumb Code    18  stm32f10x_tim.o(.text)
    TIM_OC2PolarityConfig                    0x08012569   Thumb Code    26  stm32f10x_tim.o(.text)
    TIM_OC2NPolarityConfig                   0x08012583   Thumb Code    26  stm32f10x_tim.o(.text)
    TIM_OC3PolarityConfig                    0x0801259d   Thumb Code    26  stm32f10x_tim.o(.text)
    TIM_OC3NPolarityConfig                   0x080125b7   Thumb Code    26  stm32f10x_tim.o(.text)
    TIM_OC4PolarityConfig                    0x080125d1   Thumb Code    26  stm32f10x_tim.o(.text)
    TIM_CCxCmd                               0x080125eb   Thumb Code    30  stm32f10x_tim.o(.text)
    TIM_CCxNCmd                              0x08012609   Thumb Code    30  stm32f10x_tim.o(.text)
    TIM_SelectOCxM                           0x08012627   Thumb Code    86  stm32f10x_tim.o(.text)
    TIM_UpdateDisableConfig                  0x0801267d   Thumb Code    24  stm32f10x_tim.o(.text)
    TIM_UpdateRequestConfig                  0x08012695   Thumb Code    24  stm32f10x_tim.o(.text)
    TIM_SelectHallSensor                     0x080126ad   Thumb Code    24  stm32f10x_tim.o(.text)
    TIM_SelectOnePulseMode                   0x080126c5   Thumb Code    18  stm32f10x_tim.o(.text)
    TIM_SelectOutputTrigger                  0x080126d7   Thumb Code    18  stm32f10x_tim.o(.text)
    TIM_SelectSlaveMode                      0x080126e9   Thumb Code    18  stm32f10x_tim.o(.text)
    TIM_SelectMasterSlaveMode                0x080126fb   Thumb Code    18  stm32f10x_tim.o(.text)
    TIM_SetCounter                           0x0801270d   Thumb Code     4  stm32f10x_tim.o(.text)
    TIM_SetAutoreload                        0x08012711   Thumb Code     4  stm32f10x_tim.o(.text)
    TIM_SetCompare1                          0x08012715   Thumb Code     4  stm32f10x_tim.o(.text)
    TIM_SetCompare2                          0x08012719   Thumb Code     4  stm32f10x_tim.o(.text)
    TIM_SetCompare3                          0x0801271d   Thumb Code     4  stm32f10x_tim.o(.text)
    TIM_SetCompare4                          0x08012721   Thumb Code     6  stm32f10x_tim.o(.text)
    TIM_SetClockDivision                     0x08012727   Thumb Code    14  stm32f10x_tim.o(.text)
    TIM_GetCapture1                          0x08012735   Thumb Code     6  stm32f10x_tim.o(.text)
    TIM_GetCapture2                          0x0801273b   Thumb Code     6  stm32f10x_tim.o(.text)
    TIM_GetCapture3                          0x08012741   Thumb Code     6  stm32f10x_tim.o(.text)
    TIM_GetCapture4                          0x08012747   Thumb Code     8  stm32f10x_tim.o(.text)
    TIM_GetCounter                           0x0801274f   Thumb Code     6  stm32f10x_tim.o(.text)
    TIM_GetPrescaler                         0x08012755   Thumb Code     6  stm32f10x_tim.o(.text)
    TIM_GetFlagStatus                        0x0801275b   Thumb Code    18  stm32f10x_tim.o(.text)
    TIM_ClearFlag                            0x0801276d   Thumb Code     6  stm32f10x_tim.o(.text)
    TIM_GetITStatus                          0x08012773   Thumb Code    34  stm32f10x_tim.o(.text)
    TIM_ClearITPendingBit                    0x08012795   Thumb Code     6  stm32f10x_tim.o(.text)
    USART_DeInit                             0x0801279d   Thumb Code   134  stm32f10x_usart.o(.text)
    USART_Init                               0x08012823   Thumb Code   156  stm32f10x_usart.o(.text)
    USART_StructInit                         0x080128bf   Thumb Code    24  stm32f10x_usart.o(.text)
    USART_ClockInit                          0x080128d7   Thumb Code    34  stm32f10x_usart.o(.text)
    USART_ClockStructInit                    0x080128f9   Thumb Code    12  stm32f10x_usart.o(.text)
    USART_Cmd                                0x08012905   Thumb Code    24  stm32f10x_usart.o(.text)
    USART_ITConfig                           0x0801291d   Thumb Code    74  stm32f10x_usart.o(.text)
    USART_DMACmd                             0x08012967   Thumb Code    18  stm32f10x_usart.o(.text)
    USART_SetAddress                         0x08012979   Thumb Code    18  stm32f10x_usart.o(.text)
    USART_WakeUpConfig                       0x0801298b   Thumb Code    18  stm32f10x_usart.o(.text)
    USART_ReceiverWakeUpCmd                  0x0801299d   Thumb Code    24  stm32f10x_usart.o(.text)
    USART_LINBreakDetectLengthConfig         0x080129b5   Thumb Code    18  stm32f10x_usart.o(.text)
    USART_LINCmd                             0x080129c7   Thumb Code    24  stm32f10x_usart.o(.text)
    USART_SendData                           0x080129df   Thumb Code     8  stm32f10x_usart.o(.text)
    USART_ReceiveData                        0x080129e7   Thumb Code    10  stm32f10x_usart.o(.text)
    USART_SendBreak                          0x080129f1   Thumb Code    10  stm32f10x_usart.o(.text)
    USART_SetGuardTime                       0x080129fb   Thumb Code    16  stm32f10x_usart.o(.text)
    USART_SetPrescaler                       0x08012a0b   Thumb Code    16  stm32f10x_usart.o(.text)
    USART_SmartCardCmd                       0x08012a1b   Thumb Code    24  stm32f10x_usart.o(.text)
    USART_SmartCardNACKCmd                   0x08012a33   Thumb Code    24  stm32f10x_usart.o(.text)
    USART_HalfDuplexCmd                      0x08012a4b   Thumb Code    24  stm32f10x_usart.o(.text)
    USART_IrDAConfig                         0x08012a63   Thumb Code    18  stm32f10x_usart.o(.text)
    USART_IrDACmd                            0x08012a75   Thumb Code    24  stm32f10x_usart.o(.text)
    USART_GetFlagStatus                      0x08012a8d   Thumb Code    26  stm32f10x_usart.o(.text)
    USART_ClearFlag                          0x08012aa7   Thumb Code    18  stm32f10x_usart.o(.text)
    USART_GetITStatus                        0x08012ab9   Thumb Code    84  stm32f10x_usart.o(.text)
    USART_ClearITPendingBit                  0x08012b0d   Thumb Code    30  stm32f10x_usart.o(.text)
    __aeabi_memcpy                           0x08012b41   Thumb Code     0  rt_memcpy_v6.o(.text)
    __rt_memcpy                              0x08012b41   Thumb Code   138  rt_memcpy_v6.o(.text)
    _memcpy_lastbytes                        0x08012ba7   Thumb Code     0  rt_memcpy_v6.o(.text)
    __aeabi_memcpy4                          0x08012bcb   Thumb Code     0  rt_memcpy_w.o(.text)
    __aeabi_memcpy8                          0x08012bcb   Thumb Code     0  rt_memcpy_w.o(.text)
    __rt_memcpy_w                            0x08012bcb   Thumb Code   100  rt_memcpy_w.o(.text)
    _memcpy_lastbytes_aligned                0x08012c13   Thumb Code     0  rt_memcpy_w.o(.text)
    __aeabi_memclr                           0x08012c2f   Thumb Code     0  rt_memclr.o(.text)
    __rt_memclr                              0x08012c2f   Thumb Code    68  rt_memclr.o(.text)
    _memset                                  0x08012c33   Thumb Code     0  rt_memclr.o(.text)
    __aeabi_memclr4                          0x08012c73   Thumb Code     0  rt_memclr_w.o(.text)
    __aeabi_memclr8                          0x08012c73   Thumb Code     0  rt_memclr_w.o(.text)
    __rt_memclr_w                            0x08012c73   Thumb Code    78  rt_memclr_w.o(.text)
    _memset_w                                0x08012c77   Thumb Code     0  rt_memclr_w.o(.text)
    localtime                                0x08012cc1   Thumb Code     6  localtime.o(.text)
    mktime                                   0x08012d03   Thumb Code   358  mktime.o(.text)
    __use_two_region_memory                  0x08012e71   Thumb Code     2  heapauxi.o(.text)
    __rt_heap_escrow$2region                 0x08012e73   Thumb Code     2  heapauxi.o(.text)
    __rt_heap_expand$2region                 0x08012e75   Thumb Code     2  heapauxi.o(.text)
    _localtime_r                             0x08012e79   Thumb Code   158  localtime_internal.o(.text)
    _n$localtime_r                           0x08012e79   Thumb Code     0  localtime_internal.o(.text)
    __user_setup_stackheap                   0x08012f1d   Thumb Code    74  sys_stackheap_outer.o(.text)
    exit                                     0x08012f67   Thumb Code    12  exit.o(.text)
    __user_libspace                          0x08012f75   Thumb Code     8  libspace.o(.text)
    __user_perproc_libspace                  0x08012f75   Thumb Code     0  libspace.o(.text)
    __user_perthread_libspace                0x08012f75   Thumb Code     0  libspace.o(.text)
    _sys_exit                                0x08012f7d   Thumb Code     8  sys_exit.o(.text)
    __I$use$semihosting                      0x08012f89   Thumb Code     0  use_no_semi.o(.text)
    __use_no_semihosting_swi                 0x08012f89   Thumb Code     2  use_no_semi.o(.text)
    __semihosting_library_function           0x08012f8b   Thumb Code     0  indicate_semi.o(.text)
    rssitab                                  0x08012f8a   Data          68  main.o(.constdata)
    tcp_backoff                              0x08012ff2   Data          13  tcp.o(.constdata)
    tcp_persist_backoff                      0x08012fff   Data           7  tcp.o(.constdata)
    ip_addr_any                              0x08013006   Data           4  ip_addr.o(.constdata)
    ip_addr_broadcast                        0x0801300a   Data           4  ip_addr.o(.constdata)
    ethbroadcast                             0x0801300e   Data           6  etharp.o(.constdata)
    ethzero                                  0x08013014   Data           6  etharp.o(.constdata)
    _monlen                                  0x0801301a   Data          12  _monlen.o(.constdata)
    Region$$Table$$Base                      0x08013028   Number         0  anon$$obj.o(Region$$Table)
    Region$$Table$$Limit                     0x08013048   Number         0  anon$$obj.o(Region$$Table)
    LocalTime                                0x20000000   Data           4  main.o(.data)
    Version                                  0x20000004   Data           4  main.o(.data)
    sys_timer                                0x20000008   Data           4  main.o(.data)
    sys_timer1                               0x2000000c   Data           4  main.o(.data)
    beepFlag                                 0x20000010   Data           1  main.o(.data)
    beepCountTimes                           0x20000011   Data           1  main.o(.data)
    cmd57ReadTagCount                        0x20000012   Data           1  main.o(.data)
    SelfCheckFailure                         0x20000014   Data           4  main.o(.data)
    CardPos                                  0x20000018   Data           4  main.o(.data)
    read_count                               0x2000001c   Data           4  main.o(.data)
    sysReboot                                0x20000020   Data           1  main.o(.data)
    switchAtenna                             0x20000021   Data           1  main.o(.data)
    sendswitchAtenna                         0x20000022   Data           1  main.o(.data)
    TagSaveCount                             0x20000024   Data           4  main.o(.data)
    bakrssi                                  0x20000028   Data           4  main.o(.data)
    timingdelay                              0x2000002c   Data           4  main.o(.data)
    TimingmsDelay                            0x20000030   Data           4  main.o(.data)
    ReadCardTimeInterver                     0x20000034   Data           1  main.o(.data)
    ReadCardTimer                            0x20000035   Data           6  main.o(.data)
    OutPutTimer                              0x2000003b   Data           6  main.o(.data)
    cmdTmpLen                                0x20000041   Data           1  main.o(.data)
    tmpAntenna                               0x20000042   Data           1  main.o(.data)
    TCPTimer                                 0x20000044   Data           4  netconf.o(.data)
    ARPTimer                                 0x20000048   Data           4  netconf.o(.data)
    DHCPfineTimer                            0x2000004c   Data           4  netconf.o(.data)
    DHCPcoarseTimer                          0x20000050   Data           4  netconf.o(.data)
    EEPROM_ADDRESS                           0x20000054   Data           2  iic.o(.data)
    UdpPcb                                   0x20000058   Data           4  udp_module.o(.data)
    RelayFlag                                0x2000005c   Data           1  common.o(.data)
    RelayCountTimes                          0x20000060   Data           4  common.o(.data)
    frequency_num                            0x20000064   Data           1  common.o(.data)
    Tag_send_count                           0x20000065   Data           1  common.o(.data)
    Tag_all_number                           0x20000066   Data           2  common.o(.data)
    Tag_R2000_CMD80_number                   0x20000068   Data           4  common.o(.data)
    Tag_R2000_CMD91_number                   0x2000006c   Data           4  common.o(.data)
    CMDMaskaddr                              0x20000070   Data           2  common.o(.data)
    CMDMasklen                               0x20000072   Data           1  common.o(.data)
    MASKSEL                                  0x20000073   Data           1  common.o(.data)
    MASKAddr6B                               0x20000074   Data           1  common.o(.data)
    MASK6B                                   0x20000075   Data           1  common.o(.data)
    MASKData6B                               0x20000076   Data           8  common.o(.data)
    TagDataOrigin                            0x2000007e   Data           1  paramitem.o(.data)
    TagReadFirstFlag                         0x2000007f   Data           1  rfidmodule.o(.data)
    AntId                                    0x20000080   Data           1  rfidmodule.o(.data)
    DMATxDesc                                0x20000084   Data           4  ethernetif.o(.data)
    tcp_end_time                             0x20000088   Data           4  ethernetif.o(.data)
    arp_end_time                             0x2000008c   Data           4  ethernetif.o(.data)
    MACaddr                                  0x20000090   Data           6  ethernetif.o(.data)
    netif_list                               0x200000ac   Data           4  netif.o(.data)
    netif_default                            0x200000b0   Data           4  netif.o(.data)
    tcp_ticks                                0x200000c0   Data           4  tcp.o(.data)
    tcp_bound_pcbs                           0x200000c4   Data           4  tcp.o(.data)
    tcp_listen_pcbs                          0x200000c8   Data           4  tcp.o(.data)
    tcp_active_pcbs                          0x200000cc   Data           4  tcp.o(.data)
    tcp_tw_pcbs                              0x200000d0   Data           4  tcp.o(.data)
    tcp_tmp_pcb                              0x200000d4   Data           4  tcp.o(.data)
    tcp_input_pcb                            0x200000f8   Data           4  tcp_in.o(.data)
    udp_pcbs                                 0x200000fc   Data           4  udp.o(.data)
    DMATxDescToSet                           0x20000114   Data           4  stm32_eth.o(.data)
    DMARxDescToGet                           0x20000118   Data           4  stm32_eth.o(.data)
    DMAPTPTxDescToSet                        0x2000011c   Data           4  stm32_eth.o(.data)
    DMAPTPRxDescToGet                        0x20000120   Data           4  stm32_eth.o(.data)
    CardIndex                                0x20000138   Data       19500  main.o(.bss)
    TagSaveBuf                               0x20004d64   Data       19500  main.o(.bss)
    buf                                      0x20009990   Data         170  main.o(.bss)
    g_device                                 0x20009a3a   Data         209  main.o(.bss)
    cmdTmpBuf                                0x20009b0b   Data         255  main.o(.bss)
    netif                                    0x20009c0c   Data          48  netconf.o(.bss)
    local                                    0x20009c3c   Data         270  local_232_module.o(.bss)
    uip                                      0x20009d4a   Data         269  udp_module.o(.bss)
    CMDMaskData                              0x20009e57   Data          31  common.o(.bss)
    g_paramTable                             0x20009e76   Data         844  paramitem.o(.bss)
    local485                                 0x2000a1c2   Data         270  local_485_module.o(.bss)
    R2000                                    0x2000a2d0   Data         276  r2000.o(.bss)
    DMARxDscrTab                             0x2000a3e4   Data          64  ethernetif.o(.bss)
    DMATxDscrTab                             0x2000a424   Data          32  ethernetif.o(.bss)
    Rx_Buff                                  0x2000a444   Data        6080  ethernetif.o(.bss)
    Tx_Buff                                  0x2000bc04   Data        3040  ethernetif.o(.bss)
    __libspace_start                         0x2000e5a8   Data          96  libspace.o(.bss)
    __temporary_stack_top$libspace           0x2000e608   Data           0  libspace.o(.bss)



==============================================================================

Memory Map of the image

  Image Entry point : 0x08003151

  Load Region LR_IROM1 (Base: 0x08003000, Size: 0x00010180, Max: 0x00040000, ABSOLUTE, COMPRESSED[0x0001006c])

    Execution Region ER_IROM1 (Base: 0x08003000, Size: 0x00010048, Max: 0x00040000, ABSOLUTE)

    Base Addr    Size         Type   Attr      Idx    E Section Name        Object

    0x08003000   0x00000150   Data   RO           82    RESET               startup_stm32f10x_cl.o
    0x08003150   0x00000008   Code   RO         1235  * !!!main             c_w.l(__main.o)
    0x08003158   0x00000034   Code   RO         1394    !!!scatter          c_w.l(__scatter.o)
    0x0800318c   0x0000003a   Code   RO         1392    !!dczerorl          c_w.l(__dczerorl.o)
    0x080031c6   0x00000002   PAD
    0x080031c8   0x0000001c   Code   RO         1396    !!handler_zi        c_w.l(__scatter_zi.o)
    0x080031e4   0x00000002   Code   RO         1265    .ARM.Collect$$libinit$$00000000  c_w.l(libinit.o)
    0x080031e6   0x00000000   Code   RO         1272    .ARM.Collect$$libinit$$00000002  c_w.l(libinit2.o)
    0x080031e6   0x00000000   Code   RO         1275    .ARM.Collect$$libinit$$00000008  c_w.l(libinit2.o)
    0x080031e6   0x00000000   Code   RO         1277    .ARM.Collect$$libinit$$0000000A  c_w.l(libinit2.o)
    0x080031e6   0x00000000   Code   RO         1279    .ARM.Collect$$libinit$$0000000C  c_w.l(libinit2.o)
    0x080031e6   0x00000000   Code   RO         1282    .ARM.Collect$$libinit$$0000000F  c_w.l(libinit2.o)
    0x080031e6   0x00000000   Code   RO         1284    .ARM.Collect$$libinit$$00000011  c_w.l(libinit2.o)
    0x080031e6   0x00000000   Code   RO         1286    .ARM.Collect$$libinit$$00000013  c_w.l(libinit2.o)
    0x080031e6   0x00000000   Code   RO         1288    .ARM.Collect$$libinit$$00000015  c_w.l(libinit2.o)
    0x080031e6   0x00000000   Code   RO         1290    .ARM.Collect$$libinit$$00000017  c_w.l(libinit2.o)
    0x080031e6   0x00000000   Code   RO         1292    .ARM.Collect$$libinit$$00000019  c_w.l(libinit2.o)
    0x080031e6   0x00000000   Code   RO         1294    .ARM.Collect$$libinit$$0000001B  c_w.l(libinit2.o)
    0x080031e6   0x00000000   Code   RO         1296    .ARM.Collect$$libinit$$0000001D  c_w.l(libinit2.o)
    0x080031e6   0x00000000   Code   RO         1298    .ARM.Collect$$libinit$$0000001F  c_w.l(libinit2.o)
    0x080031e6   0x00000000   Code   RO         1300    .ARM.Collect$$libinit$$00000021  c_w.l(libinit2.o)
    0x080031e6   0x00000000   Code   RO         1302    .ARM.Collect$$libinit$$00000023  c_w.l(libinit2.o)
    0x080031e6   0x00000000   Code   RO         1306    .ARM.Collect$$libinit$$0000002A  c_w.l(libinit2.o)
    0x080031e6   0x00000000   Code   RO         1308    .ARM.Collect$$libinit$$0000002C  c_w.l(libinit2.o)
    0x080031e6   0x00000000   Code   RO         1310    .ARM.Collect$$libinit$$0000002E  c_w.l(libinit2.o)
    0x080031e6   0x00000000   Code   RO         1312    .ARM.Collect$$libinit$$00000030  c_w.l(libinit2.o)
    0x080031e6   0x00000002   Code   RO         1313    .ARM.Collect$$libinit$$00000031  c_w.l(libinit2.o)
    0x080031e8   0x00000002   Code   RO         1333    .ARM.Collect$$libshutdown$$00000000  c_w.l(libshutdown.o)
    0x080031ea   0x00000000   Code   RO         1347    .ARM.Collect$$libshutdown$$00000003  c_w.l(libshutdown2.o)
    0x080031ea   0x00000000   Code   RO         1350    .ARM.Collect$$libshutdown$$00000006  c_w.l(libshutdown2.o)
    0x080031ea   0x00000000   Code   RO         1353    .ARM.Collect$$libshutdown$$00000009  c_w.l(libshutdown2.o)
    0x080031ea   0x00000000   Code   RO         1355    .ARM.Collect$$libshutdown$$0000000B  c_w.l(libshutdown2.o)
    0x080031ea   0x00000000   Code   RO         1358    .ARM.Collect$$libshutdown$$0000000E  c_w.l(libshutdown2.o)
    0x080031ea   0x00000002   Code   RO         1359    .ARM.Collect$$libshutdown$$0000000F  c_w.l(libshutdown2.o)
    0x080031ec   0x00000000   Code   RO         1237    .ARM.Collect$$rtentry$$00000000  c_w.l(rtentry.o)
    0x080031ec   0x00000000   Code   RO         1242    .ARM.Collect$$rtentry$$00000002  c_w.l(rtentry2.o)
    0x080031ec   0x00000006   Code   RO         1254    .ARM.Collect$$rtentry$$00000004  c_w.l(rtentry4.o)
    0x080031f2   0x00000000   Code   RO         1244    .ARM.Collect$$rtentry$$00000009  c_w.l(rtentry2.o)
    0x080031f2   0x00000004   Code   RO         1245    .ARM.Collect$$rtentry$$0000000A  c_w.l(rtentry2.o)
    0x080031f6   0x00000000   Code   RO         1247    .ARM.Collect$$rtentry$$0000000C  c_w.l(rtentry2.o)
    0x080031f6   0x00000008   Code   RO         1248    .ARM.Collect$$rtentry$$0000000D  c_w.l(rtentry2.o)
    0x080031fe   0x00000002   Code   RO         1269    .ARM.Collect$$rtexit$$00000000  c_w.l(rtexit.o)
    0x08003200   0x00000000   Code   RO         1315    .ARM.Collect$$rtexit$$00000002  c_w.l(rtexit2.o)
    0x08003200   0x00000004   Code   RO         1316    .ARM.Collect$$rtexit$$00000003  c_w.l(rtexit2.o)
    0x08003204   0x00000006   Code   RO         1317    .ARM.Collect$$rtexit$$00000004  c_w.l(rtexit2.o)
    0x0800320a   0x00000002   PAD
    0x0800320c   0x00000180   Code   RO           17    .text               system_stm32f10x.o
    0x0800338c   0x00000038   Code   RO           83    .text               startup_stm32f10x_cl.o
    0x080033c4   0x000020d0   Code   RO           87    .text               main.o
    0x08005494   0x00000118   Code   RO          206    .text               netconf.o
    0x080055ac   0x00000042   Code   RO          266    .text               stm32f10x_it.o
    0x080055ee   0x00000002   PAD
    0x080055f0   0x0000041c   Code   RO          282    .text               stm32f107.o
    0x08005a0c   0x000001c8   Code   RO          297    .text               rtc_time.o
    0x08005bd4   0x00000450   Code   RO          316    .text               iic.o
    0x08006024   0x000001f4   Code   RO          331    .text               local_232_module.o
    0x08006218   0x00000190   Code   RO          356    .text               udp_module.o
    0x080063a8   0x000014f4   Code   RO          376    .text               common.o
    0x0800789c   0x00000db4   Code   RO          403    .text               paramitem.o
    0x08008650   0x000007fc   Code   RO          420    .text               wg.o
    0x08008e4c   0x00000214   Code   RO          433    .text               local_485_module.o
    0x08009060   0x0000017c   Code   RO          452    .text               rfidmodule.o
    0x080091dc   0x00000fd8   Code   RO          468    .text               r2000.o
    0x0800a1b4   0x000002ec   Code   RO          484    .text               ethernetif.o
    0x0800a4a0   0x000003f4   Code   RO          609    .text               mem.o
    0x0800a894   0x000000c0   Code   RO          624    .text               memp.o
    0x0800a954   0x00000204   Code   RO          654    .text               netif.o
    0x0800ab58   0x000006f4   Code   RO          672    .text               pbuf.o
    0x0800b24c   0x000001a4   Code   RO          687    .text               raw.o
    0x0800b3f0   0x00000c30   Code   RO          713    .text               tcp.o
    0x0800c020   0x00001364   Code   RO          733    .text               tcp_in.o
    0x0800d384   0x00000a3e   Code   RO          756    .text               tcp_out.o
    0x0800ddc2   0x00000002   PAD
    0x0800ddc4   0x00000400   Code   RO          768    .text               udp.o
    0x0800e1c4   0x0000022e   Code   RO          792    .text               icmp.o
    0x0800e3f2   0x00000002   PAD
    0x0800e3f4   0x00000220   Code   RO          810    .text               inet.o
    0x0800e614   0x00000156   Code   RO          823    .text               inet_chksum.o
    0x0800e76a   0x00000002   PAD
    0x0800e76c   0x00000328   Code   RO          842    .text               ip.o
    0x0800ea94   0x0000004e   Code   RO          856    .text               ip_addr.o
    0x0800eae2   0x00000002   PAD
    0x0800eae4   0x00000654   Code   RO          878    .text               ip_frag.o
    0x0800f138   0x000009bc   Code   RO          893    .text               etharp.o
    0x0800faf4   0x0000110c   Code   RO          913    .text               stm32_eth.o
    0x08010c00   0x000000dc   Code   RO          928    .text               misc.o
    0x08010cdc   0x000000c4   Code   RO          955    .text               stm32f10x_bkp.o
    0x08010da0   0x00000338   Code   RO         1078    .text               stm32f10x_gpio.o
    0x080110d8   0x000003e4   Code   RO         1090    .text               stm32f10x_i2c.o
    0x080114bc   0x00000040   Code   RO         1102    .text               stm32f10x_iwdg.o
    0x080114fc   0x000000c0   Code   RO         1114    .text               stm32f10x_pwr.o
    0x080115bc   0x00000504   Code   RO         1126    .text               stm32f10x_rcc.o
    0x08011ac0   0x00000144   Code   RO         1140    .text               stm32f10x_rtc.o
    0x08011c04   0x00000b96   Code   RO         1179    .text               stm32f10x_tim.o
    0x0801279a   0x00000002   PAD
    0x0801279c   0x000003a4   Code   RO         1191    .text               stm32f10x_usart.o
    0x08012b40   0x0000008a   Code   RO         1220    .text               c_w.l(rt_memcpy_v6.o)
    0x08012bca   0x00000064   Code   RO         1222    .text               c_w.l(rt_memcpy_w.o)
    0x08012c2e   0x00000044   Code   RO         1224    .text               c_w.l(rt_memclr.o)
    0x08012c72   0x0000004e   Code   RO         1226    .text               c_w.l(rt_memclr_w.o)
    0x08012cc0   0x0000000c   Code   RO         1228    .text               c_w.l(localtime.o)
    0x08012ccc   0x000001a4   Code   RO         1231    .text               c_w.l(mktime.o)
    0x08012e70   0x00000006   Code   RO         1233    .text               c_w.l(heapauxi.o)
    0x08012e76   0x00000002   PAD
    0x08012e78   0x000000a4   Code   RO         1239    .text               c_w.l(localtime_internal.o)
    0x08012f1c   0x0000004a   Code   RO         1256    .text               c_w.l(sys_stackheap_outer.o)
    0x08012f66   0x0000000c   Code   RO         1258    .text               c_w.l(exit.o)
    0x08012f72   0x00000002   PAD
    0x08012f74   0x00000008   Code   RO         1266    .text               c_w.l(libspace.o)
    0x08012f7c   0x0000000c   Code   RO         1325    .text               c_w.l(sys_exit.o)
    0x08012f88   0x00000002   Code   RO         1336    .text               c_w.l(use_no_semi.o)
    0x08012f8a   0x00000000   Code   RO         1338    .text               c_w.l(indicate_semi.o)
    0x08012f8a   0x00000044   Data   RO           89    .constdata          main.o
    0x08012fce   0x00000024   Data   RO          626    .constdata          memp.o
    0x08012ff2   0x00000014   Data   RO          714    .constdata          tcp.o
    0x08013006   0x00000008   Data   RO          857    .constdata          ip_addr.o
    0x0801300e   0x0000000c   Data   RO          895    .constdata          etharp.o
    0x0801301a   0x0000000c   Data   RO         1238    .constdata          c_w.l(_monlen.o)
    0x08013026   0x00000002   PAD
    0x08013028   0x00000020   Data   RO         1390    Region$$Table       anon$$obj.o


    Execution Region RW_IRAM1 (Base: 0x20000000, Size: 0x0000ec08, Max: 0x00010000, ABSOLUTE, COMPRESSED[0x00000024])

    Base Addr    Size         Type   Attr      Idx    E Section Name        Object

    0x20000000   0x00000043   Data   RW           90    .data               main.o
    0x20000043   0x00000001   PAD
    0x20000044   0x00000010   Data   RW          208    .data               netconf.o
    0x20000054   0x00000002   Data   RW          317    .data               iic.o
    0x20000056   0x00000002   PAD
    0x20000058   0x00000004   Data   RW          358    .data               udp_module.o
    0x2000005c   0x00000022   Data   RW          378    .data               common.o
    0x2000007e   0x00000001   Data   RW          405    .data               paramitem.o
    0x2000007f   0x00000002   Data   RW          453    .data               rfidmodule.o
    0x20000081   0x00000003   PAD
    0x20000084   0x00000012   Data   RW          486    .data               ethernetif.o
    0x20000096   0x00000002   PAD
    0x20000098   0x0000000d   Data   RW          611    .data               mem.o
    0x200000a5   0x00000003   PAD
    0x200000a8   0x0000000c   Data   RW          655    .data               netif.o
    0x200000b4   0x00000004   Data   RW          688    .data               raw.o
    0x200000b8   0x00000021   Data   RW          715    .data               tcp.o
    0x200000d9   0x00000003   PAD
    0x200000dc   0x00000020   Data   RW          735    .data               tcp_in.o
    0x200000fc   0x00000004   Data   RW          769    .data               udp.o
    0x20000100   0x0000000c   Data   RW          843    .data               ip.o
    0x2000010c   0x00000006   Data   RW          880    .data               ip_frag.o
    0x20000112   0x00000001   Data   RW          896    .data               etharp.o
    0x20000113   0x00000001   PAD
    0x20000114   0x00000010   Data   RW          914    .data               stm32_eth.o
    0x20000124   0x00000014   Data   RW         1127    .data               stm32f10x_rcc.o
    0x20000138   0x00009ad2   Zero   RW           88    .bss                main.o
    0x20009c0a   0x00000002   PAD
    0x20009c0c   0x00000030   Zero   RW          207    .bss                netconf.o
    0x20009c3c   0x0000010e   Zero   RW          332    .bss                local_232_module.o
    0x20009d4a   0x0000010d   Zero   RW          357    .bss                udp_module.o
    0x20009e57   0x0000001f   Zero   RW          377    .bss                common.o
    0x20009e76   0x0000034c   Zero   RW          404    .bss                paramitem.o
    0x2000a1c2   0x0000010e   Zero   RW          434    .bss                local_485_module.o
    0x2000a2d0   0x00000114   Zero   RW          469    .bss                r2000.o
    0x2000a3e4   0x00002400   Zero   RW          485    .bss                ethernetif.o
    0x2000c7e4   0x00000414   Zero   RW          610    .bss                mem.o
    0x2000cbf8   0x000012b7   Zero   RW          625    .bss                memp.o
    0x2000deaf   0x00000001   PAD
    0x2000deb0   0x00000014   Zero   RW          734    .bss                tcp_in.o
    0x2000dec4   0x00000010   Zero   RW          811    .bss                inet.o
    0x2000ded4   0x000005e0   Zero   RW          879    .bss                ip_frag.o
    0x2000e4b4   0x000000c8   Zero   RW          894    .bss                etharp.o
    0x2000e57c   0x0000002c   Zero   RW         1229    .bss                c_w.l(localtime.o)
    0x2000e5a8   0x00000060   Zero   RW         1267    .bss                c_w.l(libspace.o)
    0x2000e608   0x00000200   Zero   RW           81    HEAP                startup_stm32f10x_cl.o
    0x2000e808   0x00000400   Zero   RW           80    STACK               startup_stm32f10x_cl.o


==============================================================================

Image component sizes


      Code (inc. data)   RO Data    RW Data    ZI Data      Debug   Object Name

      5364        276          0         34         31      19879   common.o
         0          0          0          0          0       4248   core_cm3.o
      2492         22         12          1        200       8695   etharp.o
       748         42          0         18       9216       4446   ethernetif.o
       558          0          0          0          0       2374   icmp.o
      1104         28          0          2          0       3229   iic.o
       544         10          0          0         16       2980   inet.o
       342          0          0          0          0       4878   inet_chksum.o
         0          0          0          0          0        572   init.o
       808         22          0         12          0       3546   ip.o
        78          0          8          0          0       4969   ip_addr.o
      1620         20          0          6       1504       5596   ip_frag.o
       500         26          0          0        270       6426   local_232_module.o
       532         30          0          0        270       1769   local_485_module.o
      8400        562         68         67      39634      63021   main.o
      1012         20          0         13       1044       3534   mem.o
       192         18         36          0       4791       2634   memp.o
       220         20          0          0          0       1769   misc.o
       280         26          0         16         48      16861   netconf.o
       516         22          0         12          0       4944   netif.o
      3508         82          0          1        844       5092   paramitem.o
      1780          0          0          0          0       5644   pbuf.o
      4056        156          0          0        276       4756   r2000.o
       420          4          0          4          0       3133   raw.o
       380         56          0          2          0       1066   rfidmodule.o
       456          4          0          0          0       2759   rtc_time.o
        56         22        336          0       1536        788   startup_stm32f10x_cl.o
      4364        134          0         16          0      23477   stm32_eth.o
      1052         38          0          0          0       6456   stm32f107.o
       196          8          0          0          0       3500   stm32f10x_bkp.o
       824         40          0          0          0       5517   stm32f10x_gpio.o
       996         16          0          0          0       8840   stm32f10x_i2c.o
        66          0          0          0          0       1470   stm32f10x_it.o
        64          6          0          0          0       1237   stm32f10x_iwdg.o
       192         16          0          0          0       1903   stm32f10x_pwr.o
      1284         72          0         20          0      11102   stm32f10x_rcc.o
       324          4          0          0          0       2642   stm32f10x_rtc.o
      2966         28          0          0          0      24040   stm32f10x_tim.o
       932         22          0          0          0       7827   stm32f10x_usart.o
       384         26          0          0          0     270301   system_stm32f10x.o
      3120        104         20         33          0      17048   tcp.o
      4964        204          0         32         20      12704   tcp_in.o
      2622         14          0          0          0       6239   tcp_out.o
      1024         10          0          4          0       5857   udp.o
       400         24          0          4        269       2395   udp_module.o
      2044         16          0          0          0       3276   wg.o

    ----------------------------------------------------------------------
     63796       2250        512        312      59972     605439   Object Totals
         0          0         32          0          0          0   (incl. Generated)
        12          0          0         15          3          0   (incl. Padding)

    ----------------------------------------------------------------------

      Code (inc. data)   RO Data    RW Data    ZI Data      Debug   Library Member Name

        58          0          0          0          0          0   __dczerorl.o
         8          0          0          0          0         68   __main.o
        52          8          0          0          0          0   __scatter.o
        28          0          0          0          0          0   __scatter_zi.o
         0          0         12          0          0          0   _monlen.o
        12          0          0          0          0         72   exit.o
         6          0          0          0          0        152   heapauxi.o
         0          0          0          0          0          0   indicate_semi.o
         2          0          0          0          0          0   libinit.o
         2          0          0          0          0          0   libinit2.o
         2          0          0          0          0          0   libshutdown.o
         2          0          0          0          0          0   libshutdown2.o
         8          4          0          0         96         68   libspace.o
        12          6          0          0         44         68   localtime.o
       164          6          0          0          0         80   localtime_internal.o
       420          8          0          0          0        124   mktime.o
        68          0          0          0          0         68   rt_memclr.o
        78          0          0          0          0         80   rt_memclr_w.o
       138          0          0          0          0         68   rt_memcpy_v6.o
       100          0          0          0          0         80   rt_memcpy_w.o
         0          0          0          0          0          0   rtentry.o
        12          0          0          0          0          0   rtentry2.o
         6          0          0          0          0          0   rtentry4.o
         2          0          0          0          0          0   rtexit.o
        10          0          0          0          0          0   rtexit2.o
        12          4          0          0          0         68   sys_exit.o
        74          0          0          0          0         80   sys_stackheap_outer.o
         2          0          0          0          0         68   use_no_semi.o

    ----------------------------------------------------------------------
      1286         36         14          0        140       1144   Library Totals
         8          0          2          0          0          0   (incl. Padding)

    ----------------------------------------------------------------------

      Code (inc. data)   RO Data    RW Data    ZI Data      Debug   Library Name

      1278         36         12          0        140       1144   c_w.l

    ----------------------------------------------------------------------
      1286         36         14          0        140       1144   Library Totals

    ----------------------------------------------------------------------

==============================================================================


      Code (inc. data)   RO Data    RW Data    ZI Data      Debug   

     65082       2286        526        312      60112     601487   Grand Totals
     65082       2286        526         36      60112     601487   ELF Image Totals (compressed)
     65082       2286        526         36          0          0   ROM Totals

==============================================================================

    Total RO  Size (Code + RO Data)                65608 (  64.07kB)
    Total RW  Size (RW Data + ZI Data)             60424 (  59.01kB)
    Total ROM Size (Code + RO Data + RW Data)      65644 (  64.11kB)

==============================================================================

