ARM Linker, 5.03 [Build 76] [MDK-ARM Standard]

==============================================================================

Section Cross References

    system_stm32f10x.o(i.SetSysClock) refers to system_stm32f10x.o(i.SetSysClockTo72) for SetSysClockTo72
    system_stm32f10x.o(i.SystemInit) refers to system_stm32f10x.o(i.SetSysClock) for SetSysClock
    startup_stm32f10x_cl.o(STACK) refers (Special) to heapauxi.o(.text) for __use_two_region_memory
    startup_stm32f10x_cl.o(HEAP) refers (Special) to heapauxi.o(.text) for __use_two_region_memory
    startup_stm32f10x_cl.o(RESET) refers (Special) to heapauxi.o(.text) for __use_two_region_memory
    startup_stm32f10x_cl.o(RESET) refers to startup_stm32f10x_cl.o(STACK) for __initial_sp
    startup_stm32f10x_cl.o(RESET) refers to startup_stm32f10x_cl.o(.text) for Reset_Handler
    startup_stm32f10x_cl.o(RESET) refers to stm32f10x_it.o(i.NMI_Handler) for NMI_Handler
    startup_stm32f10x_cl.o(RESET) refers to stm32f10x_it.o(i.HardFault_Handler) for HardFault_Handler
    startup_stm32f10x_cl.o(RESET) refers to stm32f10x_it.o(i.MemManage_Handler) for MemManage_Handler
    startup_stm32f10x_cl.o(RESET) refers to stm32f10x_it.o(i.BusFault_Handler) for BusFault_Handler
    startup_stm32f10x_cl.o(RESET) refers to stm32f10x_it.o(i.UsageFault_Handler) for UsageFault_Handler
    startup_stm32f10x_cl.o(RESET) refers to stm32f10x_it.o(i.SVC_Handler) for SVC_Handler
    startup_stm32f10x_cl.o(RESET) refers to stm32f10x_it.o(i.DebugMon_Handler) for DebugMon_Handler
    startup_stm32f10x_cl.o(RESET) refers to stm32f10x_it.o(i.PendSV_Handler) for PendSV_Handler
    startup_stm32f10x_cl.o(RESET) refers to stm32f10x_it.o(i.SysTick_Handler) for SysTick_Handler
    startup_stm32f10x_cl.o(RESET) refers to main.o(i.TIM3_IRQHandler) for TIM3_IRQHandler
    startup_stm32f10x_cl.o(RESET) refers to local_485_module.o(i.USART1_IRQHandler) for USART1_IRQHandler
    startup_stm32f10x_cl.o(RESET) refers to local_232_module.o(i.USART2_IRQHandler) for USART2_IRQHandler
    startup_stm32f10x_cl.o(RESET) refers to stm32f10x_it.o(i.EXTI15_10_IRQHandler) for EXTI15_10_IRQHandler
    startup_stm32f10x_cl.o(RESET) refers to r2000.o(i.UART4_IRQHandler) for UART4_IRQHandler
    startup_stm32f10x_cl.o(RESET) refers to stm32f10x_it.o(i.ETH_IRQHandler) for ETH_IRQHandler
    startup_stm32f10x_cl.o(.text) refers (Special) to heapauxi.o(.text) for __use_two_region_memory
    startup_stm32f10x_cl.o(.text) refers to __main.o(!!!main) for __main
    startup_stm32f10x_cl.o(.text) refers to startup_stm32f10x_cl.o(HEAP) for Heap_Mem
    startup_stm32f10x_cl.o(.text) refers to startup_stm32f10x_cl.o(STACK) for Stack_Mem
    main.o(i.CMDCtrl) refers to local_485_module.o(i.RS485_init) for RS485_init
    main.o(i.CMDCtrl) refers to local_232_module.o(i.RS232_init) for RS232_init
    main.o(i.CMDCtrl) refers to main.o(.bss) for g_device
    main.o(i.CMDCtrl) refers to main.o(.data) for sysReboot
    main.o(i.Delay2us) refers to stm32f10x_tim.o(i.TIM_Cmd) for TIM_Cmd
    main.o(i.Delay2us) refers to main.o(.data) for timingdelay
    main.o(i.DelayMs) refers to main.o(.data) for TimingmsDelay
    main.o(i.ReadPara) refers to stm32flash.o(i.STMFLASH_Read) for STMFLASH_Read
    main.o(i.ReadPara) refers to main.o(i.defaultPara) for defaultPara
    main.o(i.ReadPara) refers to main.o(i.SaveData) for SaveData
    main.o(i.ReadPara) refers to main.o(.bss) for g_device
    main.o(i.ReadPara) refers to main.o(.data) for SelfCheckFailure
    main.o(i.SaveData) refers to stm32flash.o(i.STMFLASH_Write) for STMFLASH_Write
    main.o(i.SaveData) refers to main.o(.bss) for g_device
    main.o(i.SelFreq) refers to common.o(i.SetChecksum) for SetChecksum
    main.o(i.SelFreq) refers to r2000.o(i.UART4Send) for UART4Send
    main.o(i.SelFreq) refers to common.o(i.timerStart) for timerStart
    main.o(i.SelFreq) refers to common.o(i.timerStop) for timerStop
    main.o(i.SelFreq) refers to common.o(i.timerIsOverflow) for timerIsOverflow
    main.o(i.SelFreq) refers to r2000.o(.bss) for R2000
    main.o(i.SelFreq) refers to main.o(.bss) for g_device
    main.o(i.SelFreq) refers to main.o(.data) for SelfCheckFailure
    main.o(i.SelfCheck) refers to stm32f10x_gpio.o(i.GPIO_ResetBits) for GPIO_ResetBits
    main.o(i.SelfCheck) refers to stm32f10x_gpio.o(i.GPIO_SetBits) for GPIO_SetBits
    main.o(i.SelfCheck) refers to main.o(i.DelayMs) for DelayMs
    main.o(i.SelfCheck) refers to main.o(.data) for SelfCheckFailure
    main.o(i.TIM3_IRQHandler) refers to stm32f10x_tim.o(i.TIM_GetITStatus) for TIM_GetITStatus
    main.o(i.TIM3_IRQHandler) refers to stm32f10x_tim.o(i.TIM_ClearITPendingBit) for TIM_ClearITPendingBit
    main.o(i.TIM3_IRQHandler) refers to main.o(.data) for timingdelay
    main.o(i.Time_Update) refers to main.o(i.relay_isr_polling) for relay_isr_polling
    main.o(i.Time_Update) refers to netconf.o(i.LwIP_Periodic_Handle) for LwIP_Periodic_Handle
    main.o(i.Time_Update) refers to main.o(i.reboot) for reboot
[...]
    DMA1_Channel5_IRQHandler                 0x08003243   Thumb Code     0  startup_stm32f10x_cl.o(.text)
    DMA1_Channel6_IRQHandler                 0x08003243   Thumb Code     0  startup_stm32f10x_cl.o(.text)
    DMA1_Channel7_IRQHandler                 0x08003243   Thumb Code     0  startup_stm32f10x_cl.o(.text)
    DMA2_Channel1_IRQHandler                 0x08003243   Thumb Code     0  startup_stm32f10x_cl.o(.text)
    DMA2_Channel2_IRQHandler                 0x08003243   Thumb Code     0  startup_stm32f10x_cl.o(.text)
    DMA2_Channel3_IRQHandler                 0x08003243   Thumb Code     0  startup_stm32f10x_cl.o(.text)
    DMA2_Channel4_IRQHandler                 0x08003243   Thumb Code     0  startup_stm32f10x_cl.o(.text)
    DMA2_Channel5_IRQHandler                 0x08003243   Thumb Code     0  startup_stm32f10x_cl.o(.text)
    ETH_WKUP_IRQHandler                      0x08003243   Thumb Code     0  startup_stm32f10x_cl.o(.text)
    EXTI0_IRQHandler                         0x08003243   Thumb Code     0  startup_stm32f10x_cl.o(.text)
    EXTI1_IRQHandler                         0x08003243   Thumb Code     0  startup_stm32f10x_cl.o(.text)
    EXTI2_IRQHandler                         0x08003243   Thumb Code     0  startup_stm32f10x_cl.o(.text)
    EXTI3_IRQHandler                         0x08003243   Thumb Code     0  startup_stm32f10x_cl.o(.text)
    EXTI4_IRQHandler                         0x08003243   Thumb Code     0  startup_stm32f10x_cl.o(.text)
    EXTI9_5_IRQHandler                       0x08003243   Thumb Code     0  startup_stm32f10x_cl.o(.text)
    FLASH_IRQHandler                         0x08003243   Thumb Code     0  startup_stm32f10x_cl.o(.text)
    I2C1_ER_IRQHandler                       0x08003243   Thumb Code     0  startup_stm32f10x_cl.o(.text)
    I2C1_EV_IRQHandler                       0x08003243   Thumb Code     0  startup_stm32f10x_cl.o(.text)
    I2C2_ER_IRQHandler                       0x08003243   Thumb Code     0  startup_stm32f10x_cl.o(.text)
    I2C2_EV_IRQHandler                       0x08003243   Thumb Code     0  startup_stm32f10x_cl.o(.text)
    OTG_FS_IRQHandler                        0x08003243   Thumb Code     0  startup_stm32f10x_cl.o(.text)
    OTG_FS_WKUP_IRQHandler                   0x08003243   Thumb Code     0  startup_stm32f10x_cl.o(.text)
    PVD_IRQHandler                           0x08003243   Thumb Code     0  startup_stm32f10x_cl.o(.text)
    RCC_IRQHandler                           0x08003243   Thumb Code     0  startup_stm32f10x_cl.o(.text)
    RTCAlarm_IRQHandler                      0x08003243   Thumb Code     0  startup_stm32f10x_cl.o(.text)
    RTC_IRQHandler                           0x08003243   Thumb Code     0  startup_stm32f10x_cl.o(.text)
    SPI1_IRQHandler                          0x08003243   Thumb Code     0  startup_stm32f10x_cl.o(.text)
    SPI2_IRQHandler                          0x08003243   Thumb Code     0  startup_stm32f10x_cl.o(.text)
    SPI3_IRQHandler                          0x08003243   Thumb Code     0  startup_stm32f10x_cl.o(.text)
    TAMPER_IRQHandler                        0x08003243   Thumb Code     0  startup_stm32f10x_cl.o(.text)
    TIM1_BRK_IRQHandler                      0x08003243   Thumb Code     0  startup_stm32f10x_cl.o(.text)
    TIM1_CC_IRQHandler                       0x08003243   Thumb Code     0  startup_stm32f10x_cl.o(.text)
    TIM1_TRG_COM_IRQHandler                  0x08003243   Thumb Code     0  startup_stm32f10x_cl.o(.text)
    TIM1_UP_IRQHandler                       0x08003243   Thumb Code     0  startup_stm32f10x_cl.o(.text)
    TIM2_IRQHandler                          0x08003243   Thumb Code     0  startup_stm32f10x_cl.o(.text)
    TIM4_IRQHandler                          0x08003243   Thumb Code     0  startup_stm32f10x_cl.o(.text)
    TIM5_IRQHandler                          0x08003243   Thumb Code     0  startup_stm32f10x_cl.o(.text)
    TIM6_IRQHandler                          0x08003243   Thumb Code     0  startup_stm32f10x_cl.o(.text)
    TIM7_IRQHandler                          0x08003243   Thumb Code     0  startup_stm32f10x_cl.o(.text)
    UART5_IRQHandler                         0x08003243   Thumb Code     0  startup_stm32f10x_cl.o(.text)
    USART3_IRQHandler                        0x08003243   Thumb Code     0  startup_stm32f10x_cl.o(.text)
    WWDG_IRQHandler                          0x08003243   Thumb Code     0  startup_stm32f10x_cl.o(.text)
    __user_initial_stackheap                 0x08003245   Thumb Code     0  startup_stm32f10x_cl.o(.text)
    __aeabi_memcpy                           0x08003265   Thumb Code     0  rt_memcpy_v6.o(.text)
    __rt_memcpy                              0x08003265   Thumb Code   138  rt_memcpy_v6.o(.text)
    _memcpy_lastbytes                        0x080032cb   Thumb Code     0  rt_memcpy_v6.o(.text)
    __aeabi_memclr                           0x080032ef   Thumb Code     0  rt_memclr.o(.text)
    __rt_memclr                              0x080032ef   Thumb Code    68  rt_memclr.o(.text)
    _memset                                  0x080032f3   Thumb Code     0  rt_memclr.o(.text)
    __aeabi_memclr4                          0x08003333   Thumb Code     0  rt_memclr_w.o(.text)
    __aeabi_memclr8                          0x08003333   Thumb Code     0  rt_memclr_w.o(.text)
    __rt_memclr_w                            0x08003333   Thumb Code    78  rt_memclr_w.o(.text)
    _memset_w                                0x08003337   Thumb Code     0  rt_memclr_w.o(.text)
    __use_two_region_memory                  0x08003381   Thumb Code     2  heapauxi.o(.text)
    __rt_heap_escrow$2region                 0x08003383   Thumb Code     2  heapauxi.o(.text)
    __rt_heap_expand$2region                 0x08003385   Thumb Code     2  heapauxi.o(.text)
    __aeabi_memcpy4                          0x08003387   Thumb Code     0  rt_memcpy_w.o(.text)
    __aeabi_memcpy8                          0x08003387   Thumb Code     0  rt_memcpy_w.o(.text)
    __rt_memcpy_w                            0x08003387   Thumb Code   100  rt_memcpy_w.o(.text)
    _memcpy_lastbytes_aligned                0x080033cf   Thumb Code     0  rt_memcpy_w.o(.text)
    __user_setup_stackheap                   0x080033eb   Thumb Code    74  sys_stackheap_outer.o(.text)
    exit                                     0x08003435   Thumb Code    12  exit.o(.text)
    __user_libspace                          0x08003441   Thumb Code     8  libspace.o(.text)
    __user_perproc_libspace                  0x08003441   Thumb Code     0  libspace.o(.text)
    __user_perthread_libspace                0x08003441   Thumb Code     0  libspace.o(.text)
    _sys_exit                                0x08003449   Thumb Code     8  sys_exit.o(.text)
    __I$use$semihosting                      0x08003455   Thumb Code     0  use_no_semi.o(.text)
    __use_no_semihosting_swi                 0x08003455   Thumb Code     2  use_no_semi.o(.text)
    __semihosting_library_function           0x08003457   Thumb Code     0  indicate_semi.o(.text)
    AntennaCtrl                              0x08003459   Thumb Code   206  common.o(i.AntennaCtrl)
    BCD2HEX                                  0x08003535   Thumb Code    42  rtc_ds1302.o(i.BCD2HEX)
    BusFault_Handler                         0x0800355f   Thumb Code     4  stm32f10x_it.o(i.BusFault_Handler)
    CMDCtrl                                  0x08003565   Thumb Code    58  main.o(i.CMDCtrl)
    ClearTagListMem                          0x080035a9   Thumb Code    36  common.o(i.ClearTagListMem)
    DS1302_Delay_Init                        0x080035dd   Thumb Code    24  rtc_ds1302.o(i.DS1302_Delay_Init)
    DataLocking                              0x080035f9   Thumb Code     8  common.o(i.DataLocking)
    DebugMon_Handler                         0x08003605   Thumb Code     2  stm32f10x_it.o(i.DebugMon_Handler)
    Delay2us                                 0x08003609   Thumb Code    36  main.o(i.Delay2us)
    DelayMs                                  0x08003635   Thumb Code    18  main.o(i.DelayMs)
    DestroyTag                               0x08003691   Thumb Code   134  common.o(i.DestroyTag)
    DetectTagNum                             0x08003729   Thumb Code    82  common.o(i.DetectTagNum)
    EPC1G2_Accessmatch                       0x08003795   Thumb Code    82  common.o(i.EPC1G2_Accessmatch)
    EPC1G2_EasAlarm                          0x080037f9   Thumb Code     8  common.o(i.EPC1G2_EasAlarm)
    EPC1G2_GetIDList                         0x08003805   Thumb Code   176  common.o(i.EPC1G2_GetIDList)
    EPC1G2_GetRSSIIDList                     0x080038c9   Thumb Code   202  common.o(i.EPC1G2_GetRSSIIDList)
    EPC1G2_ListMaskTagID                     0x080039a9   Thumb Code   340  common.o(i.EPC1G2_ListMaskTagID)
    EPC1G2_ListRSSIMaskTag                   0x08003b35   Thumb Code   350  common.o(i.EPC1G2_ListRSSIMaskTag)
    EPC1G2_ListTagID                         0x08003cc9   Thumb Code   152  common.o(i.EPC1G2_ListTagID)
    EPC1G2_ListTagTID                        0x08003d79   Thumb Code    76  common.o(i.EPC1G2_ListTagTID)
    EPC1G2_RSTReadProtect                    0x08003dd5   Thumb Code     8  common.o(i.EPC1G2_RSTReadProtect)
    EPC1G2_ReadProtect                       0x08003de1   Thumb Code     8  common.o(i.EPC1G2_ReadProtect)
    EPC1G2_ReadWordBlock                     0x08003ded   Thumb Code   142  common.o(i.EPC1G2_ReadWordBlock)
    EPC1G2_WriteEPC                          0x08003e8d   Thumb Code   280  common.o(i.EPC1G2_WriteEPC)
    EPC1G2_WriteSetBlock                     0x08003fb5   Thumb Code   134  common.o(i.EPC1G2_WriteSetBlock)
    EPC1G2_WriteWordBlock                    0x0800404d   Thumb Code   134  common.o(i.EPC1G2_WriteWordBlock)
    EPC1G2_changeeas                         0x080040e5   Thumb Code     8  common.o(i.EPC1G2_changeeas)
    ETH_DMAClearITPendingBit                 0x080040f1   Thumb Code     6  stm32_eth.o(i.ETH_DMAClearITPendingBit)
    ETH_DMAITConfig                          0x080040fd   Thumb Code    26  stm32_eth.o(i.ETH_DMAITConfig)
    ETH_DMAReceptionCmd                      0x0800411d   Thumb Code    30  stm32_eth.o(i.ETH_DMAReceptionCmd)
    ETH_DMARxDescChainInit                   0x08004141   Thumb Code    76  stm32_eth.o(i.ETH_DMARxDescChainInit)
    ETH_DMARxDescReceiveITConfig             0x08004195   Thumb Code    22  stm32_eth.o(i.ETH_DMARxDescReceiveITConfig)
    ETH_DMATransmissionCmd                   0x080041ad   Thumb Code    30  stm32_eth.o(i.ETH_DMATransmissionCmd)
    ETH_DMATxDescChainInit                   0x080041d1   Thumb Code    70  stm32_eth.o(i.ETH_DMATxDescChainInit)
    ETH_DMATxDescChecksumInsertionConfig     0x08004221   Thumb Code     8  stm32_eth.o(i.ETH_DMATxDescChecksumInsertionConfig)
    ETH_DeInit                               0x08004229   Thumb Code    22  stm32_eth.o(i.ETH_DeInit)
    ETH_FlushTransmitFIFO                    0x0800425d   Thumb Code    14  stm32_eth.o(i.ETH_FlushTransmitFIFO)
    ETH_GetCurrentTxBuffer                   0x08004271   Thumb Code     8  ethernetif.o(i.ETH_GetCurrentTxBuffer)
    ETH_GetDMARxDescFrameLength              0x0800427d   Thumb Code    10  stm32_eth.o(i.ETH_GetDMARxDescFrameLength)
    ETH_GetRxPktSize                         0x08004289   Thumb Code    66  stm32_eth.o(i.ETH_GetRxPktSize)
    ETH_GetSoftwareResetStatus               0x080042d1   Thumb Code    20  stm32_eth.o(i.ETH_GetSoftwareResetStatus)
    ETH_IRQHandler                           0x080042e9   Thumb Code    32  stm32f10x_it.o(i.ETH_IRQHandler)
    ETH_Init                                 0x08004309   Thumb Code   534  stm32_eth.o(i.ETH_Init)
    ETH_MACAddressConfig                     0x08004541   Thumb Code    46  stm32_eth.o(i.ETH_MACAddressConfig)
    ETH_MACReceptionCmd                      0x08004575   Thumb Code    30  stm32_eth.o(i.ETH_MACReceptionCmd)
    ETH_MACTransmissionCmd                   0x08004599   Thumb Code    30  stm32_eth.o(i.ETH_MACTransmissionCmd)
    ETH_ReadPHYRegister                      0x080045bd   Thumb Code    94  stm32_eth.o(i.ETH_ReadPHYRegister)
    ETH_RxPkt_ChainMode                      0x08004621   Thumb Code   148  ethernetif.o(i.ETH_RxPkt_ChainMode)
    ETH_SoftwareReset                        0x080046bd   Thumb Code    14  stm32_eth.o(i.ETH_SoftwareReset)
    ETH_Start                                0x080046d1   Thumb Code    32  stm32_eth.o(i.ETH_Start)
    ETH_StructInit                           0x080046f1   Thumb Code   164  stm32_eth.o(i.ETH_StructInit)
    ETH_TxPkt_ChainMode                      0x08004795   Thumb Code    94  ethernetif.o(i.ETH_TxPkt_ChainMode)
    ETH_WritePHYRegister                     0x080047fd   Thumb Code    92  stm32_eth.o(i.ETH_WritePHYRegister)
    EXTI15_10_IRQHandler                     0x0800485d   Thumb Code     2  stm32f10x_it.o(i.EXTI15_10_IRQHandler)
    EraseTagData                             0x08004861   Thumb Code     8  common.o(i.EraseTagData)
    Ethernet_Configuration                   0x0800486d   Thumb Code   156  stm32f107.o(i.Ethernet_Configuration)
    FLASH_ErasePage                          0x0800490d   Thumb Code    76  stm32f10x_flash.o(i.FLASH_ErasePage)
    FLASH_GetStatus                          0x0800495d   Thumb Code    48  stm32f10x_flash.o(i.FLASH_GetStatus)
    FLASH_Lock                               0x08004991   Thumb Code    14  stm32f10x_flash.o(i.FLASH_Lock)
    FLASH_ProgramHalfWord                    0x080049a5   Thumb Code    64  stm32f10x_flash.o(i.FLASH_ProgramHalfWord)
    FLASH_Unlock                             0x080049e9   Thumb Code    12  stm32f10x_flash.o(i.FLASH_Unlock)
    FLASH_WaitForLastOperation               0x08004a01   Thumb Code    42  stm32f10x_flash.o(i.FLASH_WaitForLastOperation)
    GPIO_Configuration                       0x08004a2d   Thumb Code   536  stm32f107.o(i.GPIO_Configuration)
    GPIO_ETH_MediaInterfaceConfig            0x08004c59   Thumb Code     6  stm32f10x_gpio.o(i.GPIO_ETH_MediaInterfaceConfig)
    GPIO_Init                                0x08004c65   Thumb Code   274  stm32f10x_gpio.o(i.GPIO_Init)
    GPIO_PinRemapConfig                      0x08004d79   Thumb Code   106  stm32f10x_gpio.o(i.GPIO_PinRemapConfig)
    GPIO_ReadInputDataBit                    0x08004de9   Thumb Code    18  stm32f10x_gpio.o(i.GPIO_ReadInputDataBit)
    GPIO_ResetBits                           0x08004dfb   Thumb Code     4  stm32f10x_gpio.o(i.GPIO_ResetBits)
    GPIO_SetBits                             0x08004dff   Thumb Code     4  stm32f10x_gpio.o(i.GPIO_SetBits)
    GetAutoPara                              0x08004e03   Thumb Code     2  common.o(i.GetAutoPara)
    GetReaderOutStatus                       0x08004e05   Thumb Code     2  common.o(i.GetReaderOutStatus)
    GetReaderRevStatus                       0x08004e09   Thumb Code    22  common.o(i.GetReaderRevStatus)
    GetReaderTime                            0x08004e29   Thumb Code    12  common.o(i.GetReaderTime)
    GetTagRecord                             0x08004e39   Thumb Code   752  common.o(i.GetTagRecord)
    HEX2BCD                                  0x08005141   Thumb Code    24  rtc_ds1302.o(i.HEX2BCD)
    HardFault_Handler                        0x08005159   Thumb Code     4  stm32f10x_it.o(i.HardFault_Handler)
    IWDG_Enable                              0x0800515d   Thumb Code    10  stm32f10x_iwdg.o(i.IWDG_Enable)
    IWDG_ReloadCounter                       0x0800516d   Thumb Code    10  stm32f10x_iwdg.o(i.IWDG_ReloadCounter)
    IWDG_SetPrescaler                        0x0800517d   Thumb Code     6  stm32f10x_iwdg.o(i.IWDG_SetPrescaler)
    IWDG_SetReload                           0x08005189   Thumb Code     6  stm32f10x_iwdg.o(i.IWDG_SetReload)
    IWDG_WriteAccessCmd                      0x08005195   Thumb Code     6  stm32f10x_iwdg.o(i.IWDG_WriteAccessCmd)
    ImmediatelyNotify                        0x080051a1   Thumb Code     2  common.o(i.ImmediatelyNotify)
    ListIDReport                             0x080051a5   Thumb Code   148  common.o(i.ListIDReport)
    ListSelectedID                           0x0800524d   Thumb Code   206  common.o(i.ListSelectedID)
    Local_232_module                         0x0800534d   Thumb Code   110  local_232_module.o(i.Local_232_module)
    Local_485_module                         0x080053c5   Thumb Code   110  local_485_module.o(i.Local_485_module)
    LwIP_Init                                0x0800543d   Thumb Code   192  netconf.o(i.LwIP_Init)
    LwIP_Periodic_Handle                     0x0800550d   Thumb Code    52  netconf.o(i.LwIP_Periodic_Handle)
    LwIP_Pkt_Handle                          0x08005549   Thumb Code    10  netconf.o(i.LwIP_Pkt_Handle)
    Mask6BCheck                              0x08005559   Thumb Code   188  r2000.o(i.Mask6BCheck)
    MaskCheck                                0x08005625   Thumb Code   146  r2000.o(i.MaskCheck)
    MemManage_Handler                        0x080056c5   Thumb Code     4  stm32f10x_it.o(i.MemManage_Handler)
    NMI_Handler                              0x080056c9   Thumb Code     2  stm32f10x_it.o(i.NMI_Handler)
    NVIC_Configuration                       0x080056cb   Thumb Code   170  stm32f107.o(i.NVIC_Configuration)
    NVIC_Init                                0x08005775   Thumb Code   102  misc.o(i.NVIC_Init)
    NVIC_PriorityGroupConfig                 0x080057e9   Thumb Code    10  misc.o(i.NVIC_PriorityGroupConfig)
    NVIC_SetVectorTable                      0x08005825   Thumb Code    12  misc.o(i.NVIC_SetVectorTable)
    PendSV_Handler                           0x08005839   Thumb Code     2  stm32f10x_it.o(i.PendSV_Handler)
    R2000_init                               0x0800583d   Thumb Code    72  r2000.o(i.R2000_init)
    RCC_AHBPeriphClockCmd                    0x0800588d   Thumb Code    26  stm32f10x_rcc.o(i.RCC_AHBPeriphClockCmd)
    RCC_AHBPeriphResetCmd                    0x080058ad   Thumb Code    26  stm32f10x_rcc.o(i.RCC_AHBPeriphResetCmd)
    RCC_APB1PeriphClockCmd                   0x080058cd   Thumb Code    26  stm32f10x_rcc.o(i.RCC_APB1PeriphClockCmd)
    RCC_APB1PeriphResetCmd                   0x080058ed   Thumb Code    26  stm32f10x_rcc.o(i.RCC_APB1PeriphResetCmd)
    RCC_APB2PeriphClockCmd                   0x0800590d   Thumb Code    26  stm32f10x_rcc.o(i.RCC_APB2PeriphClockCmd)
    RCC_APB2PeriphResetCmd                   0x0800592d   Thumb Code    26  stm32f10x_rcc.o(i.RCC_APB2PeriphResetCmd)
    RCC_GetClocksFreq                        0x0800594d   Thumb Code   374  stm32f10x_rcc.o(i.RCC_GetClocksFreq)
    RCC_GetFlagStatus                        0x08005add   Thumb Code    56  stm32f10x_rcc.o(i.RCC_GetFlagStatus)
    RCC_MCOConfig                            0x08005b19   Thumb Code     6  stm32f10x_rcc.o(i.RCC_MCOConfig)
    RCC_PLL3Cmd                              0x08005b25   Thumb Code     6  stm32f10x_rcc.o(i.RCC_PLL3Cmd)
    RCC_PLL3Config                           0x08005b31   Thumb Code    18  stm32f10x_rcc.o(i.RCC_PLL3Config)
    RS232Send                                0x08005b49   Thumb Code    42  local_232_module.o(i.RS232Send)
    RS232_init                               0x08005b79   Thumb Code   134  local_232_module.o(i.RS232_init)
    RS485Send                                0x08005c11   Thumb Code    70  local_485_module.o(i.RS485Send)
    RS485_init                               0x08005c61   Thumb Code   134  local_485_module.o(i.RS485_init)
    RTC_init                                 0x08005cf9   Thumb Code    72  rtc_ds1302.o(i.RTC_init)
    ReadByteBlock                            0x08005d45   Thumb Code    94  common.o(i.ReadByteBlock)
    ReadEPCAndData                           0x08005db5   Thumb Code   282  common.o(i.ReadEPCAndData)
    ReadID                                   0x08005ee1   Thumb Code    38  paramitem.o(i.ReadID)
    ReadLabelID                              0x08005f0d   Thumb Code   176  common.o(i.ReadLabelID)
    ReadPara                                 0x08005fe1   Thumb Code   106  main.o(i.ReadPara)
    ReadParam                                0x08006061   Thumb Code    58  common.o(i.ReadParam)
    ReadRadioDeep                            0x080060ad   Thumb Code     2  common.o(i.ReadRadioDeep)
    ReadReaderPara                           0x080060b1   Thumb Code   218  common.o(i.ReadReaderPara)
    ReadWriteProtect                         0x08006191   Thumb Code    88  common.o(i.ReadWriteProtect)
    Reboot                                   0x080061f9   Thumb Code     8  common.o(i.Reboot)
    RelayControl                             0x08006205   Thumb Code    84  common.o(i.RelayControl)
    STMFLASH_Read                            0x08006269   Thumb Code    38  stm32flash.o(i.STMFLASH_Read)
    STMFLASH_Write                           0x08006295   Thumb Code   222  stm32flash.o(i.STMFLASH_Write)
    SVC_Handler                              0x080063a3   Thumb Code     2  stm32f10x_it.o(i.SVC_Handler)
    SaveData                                 0x080063a5   Thumb Code    18  main.o(i.SaveData)
    SelFreq                                  0x080063c5   Thumb Code   330  main.o(i.SelFreq)
    SelfCheck                                0x08006521   Thumb Code    70  main.o(i.SelfCheck)
    SetAntenna                               0x08006571   Thumb Code    82  common.o(i.SetAntenna)
    SetAutoPara                              0x080065d1   Thumb Code     2  common.o(i.SetAutoPara)
    SetBaudRate                              0x080065d5   Thumb Code    18  common.o(i.SetBaudRate)
    SetChecksum                              0x080065ed   Thumb Code    32  common.o(i.SetChecksum)
    SetFrequency                             0x0800660d   Thumb Code    76  common.o(i.SetFrequency)
    SetFrequency1                            0x08006669   Thumb Code    92  common.o(i.SetFrequency1)
    SetOutputPower                           0x080066d5   Thumb Code   114  common.o(i.SetOutputPower)
    SetReaderMAC                             0x0800675d   Thumb Code     2  common.o(i.SetReaderMAC)
    SetReaderNetwork                         0x0800675f   Thumb Code     2  common.o(i.SetReaderNetwork)
    SetReaderOutStatus                       0x08006761   Thumb Code     2  common.o(i.SetReaderOutStatus)
    SetReaderPara                            0x08006763   Thumb Code     2  common.o(i.SetReaderPara)
    SetReaderTime                            0x08006765   Thumb Code    12  common.o(i.SetReaderTime)
    SetReaderWorkType                        0x08006775   Thumb Code   128  common.o(i.SetReaderWorkType)
    SetRelay                                 0x0800680d   Thumb Code    70  common.o(i.SetRelay)
    SetTagFilter                             0x08006985   Thumb Code     2  common.o(i.SetTagFilter)
    SetUserDataProtect                       0x08006989   Thumb Code     8  common.o(i.SetUserDataProtect)
    Set_MAC_Address                          0x08006995   Thumb Code    40  ethernetif.o(i.Set_MAC_Address)
    SysTick_Handler                          0x080069c1   Thumb Code     8  stm32f10x_it.o(i.SysTick_Handler)
    SystemInit                               0x080069c9   Thumb Code    84  system_stm32f10x.o(i.SystemInit)
    System_Setup                             0x08006a29   Thumb Code   120  stm32f107.o(i.System_Setup)
    TIM3_IRQHandler                          0x08006aa5   Thumb Code    38  main.o(i.TIM3_IRQHandler)
    TIM_ClearFlag                            0x08006ad5   Thumb Code     6  stm32f10x_tim.o(i.TIM_ClearFlag)
    TIM_ClearITPendingBit                    0x08006adb   Thumb Code     6  stm32f10x_tim.o(i.TIM_ClearITPendingBit)
    TIM_Cmd                                  0x08006ae1   Thumb Code    24  stm32f10x_tim.o(i.TIM_Cmd)
    TIM_DeInit                               0x08006af9   Thumb Code   196  stm32f10x_tim.o(i.TIM_DeInit)
    TIM_GetITStatus                          0x08006bd9   Thumb Code    34  stm32f10x_tim.o(i.TIM_GetITStatus)
    TIM_ITConfig                             0x08006bfb   Thumb Code    18  stm32f10x_tim.o(i.TIM_ITConfig)
    TIM_TimeBaseInit                         0x08006c0d   Thumb Code    50  stm32f10x_tim.o(i.TIM_TimeBaseInit)
    TagDataLenPurse                          0x08006c49   Thumb Code  1022  paramitem.o(i.TagDataLenPurse)
    Time_Update                              0x08007049   Thumb Code   596  main.o(i.Time_Update)
    UART4Send                                0x080072d9   Thumb Code    42  r2000.o(i.UART4Send)
    UART4_IRQHandler                         0x08007309   Thumb Code   240  r2000.o(i.UART4_IRQHandler)
    UDP_Receive                              0x08007401   Thumb Code   126  udp_module.o(i.UDP_Receive)
    UDP_init                                 0x08007485   Thumb Code    66  udp_module.o(i.UDP_init)
    UDP_sendData                             0x080074dd   Thumb Code    58  udp_module.o(i.UDP_sendData)
    USART1_IRQHandler                        0x08007519   Thumb Code   194  local_485_module.o(i.USART1_IRQHandler)
    USART2_IRQHandler                        0x080075e5   Thumb Code   194  local_232_module.o(i.USART2_IRQHandler)
    USART_Cmd                                0x080076b1   Thumb Code    24  stm32f10x_usart.o(i.USART_Cmd)
    USART_GetITStatus                        0x080076c9   Thumb Code    84  stm32f10x_usart.o(i.USART_GetITStatus)
    USART_ITConfig                           0x0800771d   Thumb Code    74  stm32f10x_usart.o(i.USART_ITConfig)
    USART_Init                               0x08007769   Thumb Code   156  stm32f10x_usart.o(i.USART_Init)
    USART_ReceiveData                        0x08007809   Thumb Code    10  stm32f10x_usart.o(i.USART_ReceiveData)
    Udp_BroadCast                            0x08007815   Thumb Code   122  udp_module.o(i.Udp_BroadCast)
    UpdateProgrram                           0x080078a1   Thumb Code     2  common.o(i.UpdateProgrram)
    UsageFault_Handler                       0x080078a3   Thumb Code     4  stm32f10x_it.o(i.UsageFault_Handler)
    Watchdog_init                            0x080078a7   Thumb Code    34  main.o(i.Watchdog_init)
    WriteAByte                               0x080078c9   Thumb Code    96  common.o(i.WriteAByte)
    WriteByteBlock                           0x08007939   Thumb Code    96  common.o(i.WriteByteBlock)
    WriteParam                               0x080079a9   Thumb Code     2  common.o(i.WriteParam)
    WriteProtect                             0x080079ad   Thumb Code    82  common.o(i.WriteProtect)
    WriteRadioDeep                           0x08007a11   Thumb Code     2  common.o(i.WriteRadioDeep)
    compare                                  0x08007a13   Thumb Code    32  paramitem.o(i.compare)
    decodeR2000                              0x08007a35   Thumb Code  1400  r2000.o(i.decodeR2000)
    defaultPara                              0x08007fc5   Thumb Code   850  main.o(i.defaultPara)
    encodeR2000                              0x08008351   Thumb Code  1592  r2000.o(i.encodeR2000)
    etharp_arp_input                         0x0800899d   Thumb Code   306  etharp.o(i.etharp_arp_input)
    etharp_ip_input                          0x08008acf   Thumb Code    58  etharp.o(i.etharp_ip_input)
    etharp_output                            0x08008b09   Thumb Code   198  etharp.o(i.etharp_output)
    etharp_query                             0x08008bd5   Thumb Code   436  etharp.o(i.etharp_query)
    etharp_request                           0x08008e59   Thumb Code    36  etharp.o(i.etharp_request)
    etharp_tmr                               0x08008ed5   Thumb Code   154  etharp.o(i.etharp_tmr)
    ethernet_input                           0x08008f75   Thumb Code   108  etharp.o(i.ethernet_input)
    ethernetif_init                          0x08008fe1   Thumb Code    68  ethernetif.o(i.ethernetif_init)
    ethernetif_input                         0x0800902d   Thumb Code    44  ethernetif.o(i.ethernetif_input)
    getTime                                  0x0800929d   Thumb Code   100  rtc_ds1302.o(i.getTime)
    getparaindex                             0x08009301   Thumb Code    34  paramitem.o(i.getparaindex)
    hextochar                                0x08009329   Thumb Code    24  common.o(i.hextochar)
    htonl                                    0x08009341   Thumb Code    26  inet.o(i.htonl)
    htons                                    0x0800935b   Thumb Code    12  inet.o(i.htons)
    icmp_dest_unreach                        0x08009367   Thumb Code    18  icmp.o(i.icmp_dest_unreach)
    icmp_input                               0x08009379   Thumb Code   404  icmp.o(i.icmp_input)
    icmp_time_exceeded                       0x08009583   Thumb Code    18  icmp.o(i.icmp_time_exceeded)
    inet_chksum                              0x08009595   Thumb Code    20  inet_chksum.o(i.inet_chksum)
    inet_chksum_pbuf                         0x080095a9   Thumb Code    86  inet_chksum.o(i.inet_chksum_pbuf)
    initPara                                 0x08009601   Thumb Code   286  main.o(i.initPara)
    ip_addr_isbroadcast                      0x08009741   Thumb Code    78  ip_addr.o(i.ip_addr_isbroadcast)
    ip_frag                                  0x08009791   Thumb Code   326  ip_frag.o(i.ip_frag)
    ip_input                                 0x080098dd   Thumb Code   398  ip.o(i.ip_input)
    ip_output                                0x08009a79   Thumb Code    52  ip.o(i.ip_output)
    ip_output_if                             0x08009aad   Thumb Code   254  ip.o(i.ip_output_if)
    ip_reass                                 0x08009bb1   Thumb Code   400  ip_frag.o(i.ip_reass)
    ip_route                                 0x0800a09d   Thumb Code    70  ip.o(i.ip_route)
    judgeTag                                 0x0800a0ed   Thumb Code   866  main.o(i.judgeTag)
    main                                     0x0800a601   Thumb Code   140  main.o(i.main)
    mem_free                                 0x0800a69d   Thumb Code   106  mem.o(i.mem_free)
    mem_init                                 0x0800a715   Thumb Code    78  mem.o(i.mem_init)
    mem_malloc                               0x0800a779   Thumb Code   290  mem.o(i.mem_malloc)
    mem_realloc                              0x0800a8a9   Thumb Code   316  mem.o(i.mem_realloc)
    memp_free                                0x0800a9f1   Thumb Code    38  memp.o(i.memp_free)
    memp_init                                0x0800aa1d   Thumb Code    82  memp.o(i.memp_init)
    memp_malloc                              0x0800aa81   Thumb Code    54  memp.o(i.memp_malloc)
    netif_add                                0x0800aabd   Thumb Code    96  netif.o(i.netif_add)
    netif_is_up                              0x0800ab25   Thumb Code    12  netif.o(i.netif_is_up)
    netif_set_addr                           0x0800ab31   Thumb Code    40  netif.o(i.netif_set_addr)
    netif_set_default                        0x0800ab59   Thumb Code     6  netif.o(i.netif_set_default)
    netif_set_gw                             0x0800ab65   Thumb Code    12  netif.o(i.netif_set_gw)
    netif_set_ipaddr                         0x0800ab71   Thumb Code   110  netif.o(i.netif_set_ipaddr)
    netif_set_netmask                        0x0800abe9   Thumb Code    12  netif.o(i.netif_set_netmask)
    netif_set_up                             0x0800abf5   Thumb Code    44  netif.o(i.netif_set_up)
    ntohl                                    0x0800ac21   Thumb Code    12  inet.o(i.ntohl)
    ntohs                                    0x0800ac2d   Thumb Code    12  inet.o(i.ntohs)
    packet                                   0x0800ac39   Thumb Code   152  paramitem.o(i.packet)
    packetDataWG26                           0x0800acd1   Thumb Code   508  wg.o(i.packetDataWG26)
    packetDataWG261                          0x0800aed5   Thumb Code   508  wg.o(i.packetDataWG261)
    packetDataWG34                           0x0800b0d9   Thumb Code   506  wg.o(i.packetDataWG34)
    packetDataWG341                          0x0800b2dd   Thumb Code   506  wg.o(i.packetDataWG341)
    pbuf_alloc                               0x0800b4e1   Thumb Code   532  pbuf.o(i.pbuf_alloc)
    pbuf_cat                                 0x0800b6f5   Thumb Code    80  pbuf.o(i.pbuf_cat)
    pbuf_chain                               0x0800b745   Thumb Code    22  pbuf.o(i.pbuf_chain)
    pbuf_clen                                0x0800b75b   Thumb Code    18  pbuf.o(i.pbuf_clen)
    pbuf_copy                                0x0800b76d   Thumb Code   220  pbuf.o(i.pbuf_copy)
    pbuf_copy_partial                        0x0800b849   Thumb Code   154  pbuf.o(i.pbuf_copy_partial)
    pbuf_free                                0x0800b8e3   Thumb Code   152  pbuf.o(i.pbuf_free)
    pbuf_header                              0x0800b97b   Thumb Code   140  pbuf.o(i.pbuf_header)
    pbuf_realloc                             0x0800ba07   Thumb Code   176  pbuf.o(i.pbuf_realloc)
    pbuf_ref                                 0x0800bab7   Thumb Code    10  pbuf.o(i.pbuf_ref)
    processParamTable                        0x0800bb75   Thumb Code  1992  paramitem.o(i.processParamTable)
    rangeControl                             0x0800c34d   Thumb Code    98  paramitem.o(i.rangeControl)
    raw_input                                0x0800c3b1   Thumb Code   100  raw.o(i.raw_input)
    readCard                                 0x0800c501   Thumb Code    78  rfidmodule.o(i.readCard)
    readCard6B                               0x0800c561   Thumb Code    32  rfidmodule.o(i.readCard6B)
    readCard6C                               0x0800c58d   Thumb Code   204  rfidmodule.o(i.readCard6C)
    read_r2000vertion                        0x0800c681   Thumb Code    78  common.o(i.read_r2000vertion)
    reboot                                   0x0800c6dd   Thumb Code    50  main.o(i.reboot)
    registryParam                            0x0800c71d   Thumb Code    94  paramitem.o(i.registryParam)
    registryParams                           0x0800c789   Thumb Code  1362  main.o(i.registryParams)
    relayON                                  0x0800ccfd   Thumb Code    72  main.o(i.relayON)
    relay_isr_polling                        0x0800cd55   Thumb Code    68  main.o(i.relay_isr_polling)
    rssichk                                  0x0800cda9   Thumb Code    48  main.o(i.rssichk)
    sendDataOut                              0x0800ce49   Thumb Code  3104  main.o(i.sendDataOut)
    setTime                                  0x0800da85   Thumb Code   196  rtc_ds1302.o(i.setTime)
    set_output_power                         0x0800db75   Thumb Code   142  r2000.o(i.set_output_power)
    tcp_abandon                              0x0800dc15   Thumb Code   146  tcp.o(i.tcp_abandon)
    tcp_alloc                                0x0800dcb1   Thumb Code   186  tcp.o(i.tcp_alloc)
    tcp_close                                0x0800dd79   Thumb Code   242  tcp.o(i.tcp_close)
    tcp_eff_send_mss                         0x0800de7d   Thumb Code    46  tcp.o(i.tcp_eff_send_mss)
    tcp_enqueue                              0x0800deab   Thumb Code  1066  tcp_out.o(i.tcp_enqueue)
    tcp_fasttmr                              0x0800e2d5   Thumb Code   112  tcp.o(i.tcp_fasttmr)
    tcp_input                                0x0800e349   Thumb Code  1166  tcp_in.o(i.tcp_input)
    tcp_keepalive                            0x0800e7f1   Thumb Code    92  tcp_out.o(i.tcp_keepalive)
    tcp_next_iss                             0x0800ea0d   Thumb Code    20  tcp.o(i.tcp_next_iss)
    tcp_output                               0x0800ea29   Thumb Code   608  tcp_out.o(i.tcp_output)
    tcp_pcb_purge                            0x0800ee91   Thumb Code    54  tcp.o(i.tcp_pcb_purge)
    tcp_pcb_remove                           0x0800eec9   Thumb Code   170  tcp.o(i.tcp_pcb_remove)
    tcp_rexmit                               0x0800fc55   Thumb Code    86  tcp_out.o(i.tcp_rexmit)
    tcp_rexmit_rto                           0x0800fcab   Thumb Code    58  tcp_out.o(i.tcp_rexmit_rto)
    tcp_rst                                  0x0800fce5   Thumb Code   174  tcp_out.o(i.tcp_rst)
    tcp_seg_free                             0x0800fd93   Thumb Code    32  tcp.o(i.tcp_seg_free)
    tcp_segs_free                            0x0800fdb3   Thumb Code    30  tcp.o(i.tcp_segs_free)
    tcp_send_ctrl                            0x0800fdd1   Thumb Code    28  tcp_out.o(i.tcp_send_ctrl)
    tcp_slowtmr                              0x0800fded   Thumb Code   778  tcp.o(i.tcp_slowtmr)
    tcp_tmr                                  0x08010161   Thumb Code    30  tcp.o(i.tcp_tmr)
    tcp_update_rcv_ann_wnd                   0x08010185   Thumb Code    56  tcp.o(i.tcp_update_rcv_ann_wnd)
    tcp_zero_window_probe                    0x080101bd   Thumb Code   102  tcp_out.o(i.tcp_zero_window_probe)
    time3init                                0x08010225   Thumb Code    66  main.o(i.time3init)
    timerIsOverflow                          0x0801026d   Thumb Code    14  common.o(i.timerIsOverflow)
    timerStart                               0x0801027b   Thumb Code    14  common.o(i.timerStart)
    timerStop                                0x08010289   Thumb Code     8  common.o(i.timerStop)
    udp_bind                                 0x08010291   Thumb Code   112  udp.o(i.udp_bind)
    udp_input                                0x08010305   Thumb Code   408  udp.o(i.udp_input)
    udp_new                                  0x080104a1   Thumb Code    28  udp.o(i.udp_new)
    udp_recv                                 0x080104bd   Thumb Code     6  udp.o(i.udp_recv)
    udp_sendto                               0x080104c3   Thumb Code    46  udp.o(i.udp_sendto)
    udp_sendto_if                            0x080104f1   Thumb Code   212  udp.o(i.udp_sendto_if)
    workACT                                  0x080106bd   Thumb Code   266  main.o(i.workACT)
    rssitab                                  0x08010860   Data          68  main.o(.constdata)
    tcp_backoff                              0x080108c8   Data          13  tcp.o(.constdata)
    tcp_persist_backoff                      0x080108d5   Data           7  tcp.o(.constdata)
    ip_addr_any                              0x080108dc   Data           4  ip_addr.o(.constdata)
    ip_addr_broadcast                        0x080108e0   Data           4  ip_addr.o(.constdata)
    ethbroadcast                             0x080108e4   Data           6  etharp.o(.constdata)
    ethzero                                  0x080108ea   Data           6  etharp.o(.constdata)
    Region$$Table$$Base                      0x080108f0   Number         0  anon$$obj.o(Region$$Table)
    Region$$Table$$Limit                     0x08010910   Number         0  anon$$obj.o(Region$$Table)
    LocalTime                                0x20000000   Data           4  main.o(.data)
    Version                                  0x20000004   Data           4  main.o(.data)
    sys_timer                                0x20000008   Data           4  main.o(.data)
    sys_timer1                               0x2000000c   Data           4  main.o(.data)
    beepFlag                                 0x20000010   Data           1  main.o(.data)
    beepCountTimes                           0x20000011   Data           1  main.o(.data)
    cmd57ReadTagCount                        0x20000012   Data           1  main.o(.data)
    SelfCheckFailure                         0x20000014   Data           4  main.o(.data)
    CardPos                                  0x20000018   Data           4  main.o(.data)
    read_count                               0x2000001c   Data           4  main.o(.data)
    sysReboot                                0x20000020   Data           1  main.o(.data)
    switchAtenna                             0x20000021   Data           1  main.o(.data)
    sendswitchAtenna                         0x20000022   Data           1  main.o(.data)
    TagSaveCount                             0x20000024   Data           4  main.o(.data)
    bakrssi                                  0x20000028   Data           4  main.o(.data)
    timingdelay                              0x2000002c   Data           4  main.o(.data)
    TimingmsDelay                            0x20000030   Data           4  main.o(.data)
    ReadCardTimeInterver                     0x20000034   Data           1  main.o(.data)
    ReadCardTimer                            0x20000035   Data           6  main.o(.data)
    OutPutTimer                              0x2000003b   Data           6  main.o(.data)
    cmdTmpLen                                0x20000041   Data           1  main.o(.data)
    tmpAntenna                               0x20000042   Data           1  main.o(.data)
    TCPTimer                                 0x2000004c   Data           4  netconf.o(.data)
    ARPTimer                                 0x20000050   Data           4  netconf.o(.data)
    DHCPfineTimer                            0x20000054   Data           4  netconf.o(.data)
    DHCPcoarseTimer                          0x20000058   Data           4  netconf.o(.data)
    UdpPcb                                   0x2000005c   Data           4  udp_module.o(.data)
    RelayFlag                                0x20000060   Data           1  common.o(.data)
    RelayCountTimes                          0x20000064   Data           4  common.o(.data)
    frequency_num                            0x20000068   Data           1  common.o(.data)
    Tag_send_count                           0x20000069   Data           1  common.o(.data)
    Tag_all_number                           0x2000006a   Data           2  common.o(.data)
    Tag_R2000_CMD80_number                   0x2000006c   Data           4  common.o(.data)
    Tag_R2000_CMD91_number                   0x20000070   Data           4  common.o(.data)
    CMDMaskaddr                              0x20000074   Data           2  common.o(.data)
    CMDMasklen                               0x20000076   Data           1  common.o(.data)
    MASKSEL                                  0x20000077   Data           1  common.o(.data)
    MASKAddr6B                               0x20000078   Data           1  common.o(.data)
    MASK6B                                   0x20000079   Data           1  common.o(.data)
    MASKData6B                               0x2000007a   Data           8  common.o(.data)
    timess                                   0x20000084   Data           4  common.o(.data)
    TagDataOrigin                            0x20000088   Data           1  paramitem.o(.data)
    TagReadFirstFlag                         0x20000089   Data           1  rfidmodule.o(.data)
    AntId                                    0x2000008a   Data           1  rfidmodule.o(.data)
    DMATxDesc                                0x2000008c   Data           4  ethernetif.o(.data)
    tcp_end_time                             0x20000090   Data           4  ethernetif.o(.data)
    arp_end_time                             0x20000094   Data           4  ethernetif.o(.data)
    MACaddr                                  0x20000098   Data           6  ethernetif.o(.data)
    netif_list                               0x200000b4   Data           4  netif.o(.data)
    netif_default                            0x200000b8   Data           4  netif.o(.data)
    tcp_ticks                                0x200000c8   Data           4  tcp.o(.data)
    tcp_bound_pcbs                           0x200000cc   Data           4  tcp.o(.data)
    tcp_listen_pcbs                          0x200000d0   Data           4  tcp.o(.data)
    tcp_active_pcbs                          0x200000d4   Data           4  tcp.o(.data)
    tcp_tw_pcbs                              0x200000d8   Data           4  tcp.o(.data)
    tcp_tmp_pcb                              0x200000dc   Data           4  tcp.o(.data)
    tcp_input_pcb                            0x20000100   Data           4  tcp_in.o(.data)
    udp_pcbs                                 0x20000104   Data           4  udp.o(.data)
    DMATxDescToSet                           0x2000011c   Data           4  stm32_eth.o(.data)
    DMARxDescToGet                           0x20000120   Data           4  stm32_eth.o(.data)
    DMAPTPTxDescToSet                        0x20000124   Data           4  stm32_eth.o(.data)
    DMAPTPRxDescToGet                        0x20000128   Data           4  stm32_eth.o(.data)
    CardIndex                                0x20000140   Data       19500  main.o(.bss)
    TagSaveBuf                               0x20004d6c   Data       19500  main.o(.bss)
    buf                                      0x20009998   Data         170  main.o(.bss)
    g_device                                 0x20009a42   Data         210  main.o(.bss)
    cmdTmpBuf                                0x20009b14   Data         255  main.o(.bss)
    netif                                    0x20009c14   Data          48  netconf.o(.bss)
    local                                    0x20009c44   Data         270  local_232_module.o(.bss)
    uip                                      0x20009d52   Data         269  udp_module.o(.bss)
    CMDMaskData                              0x20009e5f   Data          31  common.o(.bss)
    g_paramTable                             0x20009e7e   Data         844  paramitem.o(.bss)
    local485                                 0x2000a1ca   Data         270  local_485_module.o(.bss)
    R2000                                    0x2000a2d8   Data         276  r2000.o(.bss)
    DMARxDscrTab                             0x2000abec   Data          64  ethernetif.o(.bss)
    DMATxDscrTab                             0x2000ac2c   Data          32  ethernetif.o(.bss)
    Rx_Buff                                  0x2000ac4c   Data        6080  ethernetif.o(.bss)
    Tx_Buff                                  0x2000c40c   Data        3040  ethernetif.o(.bss)
    __libspace_start                         0x2000ed74   Data          96  libspace.o(.bss)
    __temporary_stack_top$libspace           0x2000edd4   Data           0  libspace.o(.bss)



==============================================================================

Memory Map of the image

  Image Entry point : 0x08003151

  Load Region LR_IROM1 (Base: 0x08003000, Size: 0x0000da50, Max: 0x00040000, ABSOLUTE, COMPRESSED[0x0000d934])

    Execution Region ER_IROM1 (Base: 0x08003000, Size: 0x0000d910, Max: 0x00040000, ABSOLUTE)

    Base Addr    Size         Type   Attr      Idx    E Section Name        Object

    0x08003000   0x00000150   Data   RO           92    RESET               startup_stm32f10x_cl.o
    0x08003150   0x00000008   Code   RO         6122  * !!!main             c_w.l(__main.o)
    0x08003158   0x00000034   Code   RO         6280    !!!scatter          c_w.l(__scatter.o)
    0x0800318c   0x0000005a   Code   RO         6278    !!dczerorl2         c_w.l(__dczerorl2.o)
    0x080031e6   0x00000002   PAD
    0x080031e8   0x0000001c   Code   RO         6282    !!handler_zi        c_w.l(__scatter_zi.o)
    0x08003204   0x00000002   Code   RO         6151    .ARM.Collect$$libinit$$00000000  c_w.l(libinit.o)
    0x08003206   0x00000000   Code   RO         6158    .ARM.Collect$$libinit$$00000002  c_w.l(libinit2.o)
    0x08003206   0x00000000   Code   RO         6161    .ARM.Collect$$libinit$$00000008  c_w.l(libinit2.o)
    0x08003206   0x00000000   Code   RO         6163    .ARM.Collect$$libinit$$0000000A  c_w.l(libinit2.o)
    0x08003206   0x00000000   Code   RO         6165    .ARM.Collect$$libinit$$0000000C  c_w.l(libinit2.o)
    0x08003206   0x00000000   Code   RO         6168    .ARM.Collect$$libinit$$0000000F  c_w.l(libinit2.o)
    0x08003206   0x00000000   Code   RO         6170    .ARM.Collect$$libinit$$00000011  c_w.l(libinit2.o)
    0x08003206   0x00000000   Code   RO         6172    .ARM.Collect$$libinit$$00000013  c_w.l(libinit2.o)
    0x08003206   0x00000000   Code   RO         6174    .ARM.Collect$$libinit$$00000015  c_w.l(libinit2.o)
    0x08003206   0x00000000   Code   RO         6176    .ARM.Collect$$libinit$$00000017  c_w.l(libinit2.o)
    0x08003206   0x00000000   Code   RO         6178    .ARM.Collect$$libinit$$00000019  c_w.l(libinit2.o)
    0x08003206   0x00000000   Code   RO         6180    .ARM.Collect$$libinit$$0000001B  c_w.l(libinit2.o)
    0x08003206   0x00000000   Code   RO         6182    .ARM.Collect$$libinit$$0000001D  c_w.l(libinit2.o)
    0x08003206   0x00000000   Code   RO         6184    .ARM.Collect$$libinit$$0000001F  c_w.l(libinit2.o)
    0x08003206   0x00000000   Code   RO         6186    .ARM.Collect$$libinit$$00000021  c_w.l(libinit2.o)
    0x08003206   0x00000000   Code   RO         6188    .ARM.Collect$$libinit$$00000023  c_w.l(libinit2.o)
    0x08003206   0x00000000   Code   RO         6192    .ARM.Collect$$libinit$$0000002A  c_w.l(libinit2.o)
    0x08003206   0x00000000   Code   RO         6194    .ARM.Collect$$libinit$$0000002C  c_w.l(libinit2.o)
    0x08003206   0x00000000   Code   RO         6196    .ARM.Collect$$libinit$$0000002E  c_w.l(libinit2.o)
    0x08003206   0x00000000   Code   RO         6198    .ARM.Collect$$libinit$$00000030  c_w.l(libinit2.o)
    0x08003206   0x00000002   Code   RO         6199    .ARM.Collect$$libinit$$00000031  c_w.l(libinit2.o)
    0x08003208   0x00000002   Code   RO         6219    .ARM.Collect$$libshutdown$$00000000  c_w.l(libshutdown.o)
    0x0800320a   0x00000000   Code   RO         6233    .ARM.Collect$$libshutdown$$00000003  c_w.l(libshutdown2.o)
    0x0800320a   0x00000000   Code   RO         6236    .ARM.Collect$$libshutdown$$00000006  c_w.l(libshutdown2.o)
    0x0800320a   0x00000000   Code   RO         6239    .ARM.Collect$$libshutdown$$00000009  c_w.l(libshutdown2.o)
    0x0800320a   0x00000000   Code   RO         6241    .ARM.Collect$$libshutdown$$0000000B  c_w.l(libshutdown2.o)
    0x0800320a   0x00000000   Code   RO         6244    .ARM.Collect$$libshutdown$$0000000E  c_w.l(libshutdown2.o)
    0x0800320a   0x00000002   Code   RO         6245    .ARM.Collect$$libshutdown$$0000000F  c_w.l(libshutdown2.o)
    0x0800320c   0x00000000   Code   RO         6124    .ARM.Collect$$rtentry$$00000000  c_w.l(rtentry.o)
    0x0800320c   0x00000000   Code   RO         6128    .ARM.Collect$$rtentry$$00000002  c_w.l(rtentry2.o)
    0x0800320c   0x00000006   Code   RO         6140    .ARM.Collect$$rtentry$$00000004  c_w.l(rtentry4.o)
    0x08003212   0x00000000   Code   RO         6130    .ARM.Collect$$rtentry$$00000009  c_w.l(rtentry2.o)
    0x08003212   0x00000004   Code   RO         6131    .ARM.Collect$$rtentry$$0000000A  c_w.l(rtentry2.o)
    0x08003216   0x00000000   Code   RO         6133    .ARM.Collect$$rtentry$$0000000C  c_w.l(rtentry2.o)
    0x08003216   0x00000008   Code   RO         6134    .ARM.Collect$$rtentry$$0000000D  c_w.l(rtentry2.o)
    0x0800321e   0x00000002   Code   RO         6155    .ARM.Collect$$rtexit$$00000000  c_w.l(rtexit.o)
    0x08003220   0x00000000   Code   RO         6201    .ARM.Collect$$rtexit$$00000002  c_w.l(rtexit2.o)
    0x08003220   0x00000004   Code   RO         6202    .ARM.Collect$$rtexit$$00000003  c_w.l(rtexit2.o)
    0x08003224   0x00000006   Code   RO         6203    .ARM.Collect$$rtexit$$00000004  c_w.l(rtexit2.o)
    0x0800322a   0x00000002   PAD
    0x0800322c   0x00000038   Code   RO           93    .text               startup_stm32f10x_cl.o
    0x08003264   0x0000008a   Code   RO         6114    .text               c_w.l(rt_memcpy_v6.o)
    0x080032ee   0x00000044   Code   RO         6116    .text               c_w.l(rt_memclr.o)
    0x08003332   0x0000004e   Code   RO         6118    .text               c_w.l(rt_memclr_w.o)
    0x08003380   0x00000006   Code   RO         6120    .text               c_w.l(heapauxi.o)
    0x08003386   0x00000064   Code   RO         6125    .text               c_w.l(rt_memcpy_w.o)
    0x080033ea   0x0000004a   Code   RO         6142    .text               c_w.l(sys_stackheap_outer.o)
    0x08003434   0x0000000c   Code   RO         6144    .text               c_w.l(exit.o)
    0x08003440   0x00000008   Code   RO         6152    .text               c_w.l(libspace.o)
    0x08003448   0x0000000c   Code   RO         6211    .text               c_w.l(sys_exit.o)
    0x08003454   0x00000002   Code   RO         6222    .text               c_w.l(use_no_semi.o)
    0x08003456   0x00000000   Code   RO         6224    .text               c_w.l(indicate_semi.o)
    0x08003456   0x00000002   PAD
    0x08003458   0x000000dc   Code   RO          653    i.AntennaCtrl       common.o
    0x08003534   0x0000002a   Code   RO         1314    i.BCD2HEX           rtc_ds1302.o
    0x0800355e   0x00000004   Code   RO          410    i.BusFault_Handler  stm32f10x_it.o
    0x08003562   0x00000002   PAD
    0x08003564   0x00000044   Code   RO           97    i.CMDCtrl           main.o
    0x080035a8   0x00000034   Code   RO          654    i.ClearTagListMem   common.o
    0x080035dc   0x0000001c   Code   RO         1315    i.DS1302_Delay_Init  rtc_ds1302.o
    0x080035f8   0x0000000c   Code   RO          655    i.DataLocking       common.o
    0x08003604   0x00000002   Code   RO          411    i.DebugMon_Handler  stm32f10x_it.o
    0x08003606   0x00000002   PAD
    0x08003608   0x0000002c   Code   RO           98    i.Delay2us          main.o
    0x08003634   0x00000018   Code   RO           99    i.DelayMs           main.o
    0x0800364c   0x00000044   Code   RO         1316    i.DelayUS           rtc_ds1302.o
    0x08003690   0x00000098   Code   RO          656    i.DestroyTag        common.o
    0x08003728   0x0000006c   Code   RO          657    i.DetectTagNum      common.o
    0x08003794   0x00000064   Code   RO          658    i.EPC1G2_Accessmatch  common.o
    0x080037f8   0x0000000c   Code   RO          659    i.EPC1G2_EasAlarm   common.o
    0x08003804   0x000000c4   Code   RO          660    i.EPC1G2_GetIDList  common.o
    0x080038c8   0x000000e0   Code   RO          661    i.EPC1G2_GetRSSIIDList  common.o
    0x080039a8   0x0000018c   Code   RO          662    i.EPC1G2_ListMaskTagID  common.o
    0x08003b34   0x00000194   Code   RO          663    i.EPC1G2_ListRSSIMaskTag  common.o
    0x08003cc8   0x000000b0   Code   RO          664    i.EPC1G2_ListTagID  common.o
    0x08003d78   0x0000005c   Code   RO          665    i.EPC1G2_ListTagTID  common.o
    0x08003dd4   0x0000000c   Code   RO          666    i.EPC1G2_RSTReadProtect  common.o
    0x08003de0   0x0000000c   Code   RO          667    i.EPC1G2_ReadProtect  common.o
    0x08003dec   0x000000a0   Code   RO          668    i.EPC1G2_ReadWordBlock  common.o
    0x08003e8c   0x00000128   Code   RO          669    i.EPC1G2_WriteEPC   common.o
    0x08003fb4   0x00000098   Code   RO          670    i.EPC1G2_WriteSetBlock  common.o
    0x0800404c   0x00000098   Code   RO          671    i.EPC1G2_WriteWordBlock  common.o
    0x080040e4   0x0000000c   Code   RO          672    i.EPC1G2_changeeas  common.o
    0x080040f0   0x0000000c   Code   RO         2624    i.ETH_DMAClearITPendingBit  stm32_eth.o
    0x080040fc   0x00000020   Code   RO         2625    i.ETH_DMAITConfig   stm32_eth.o
    0x0800411c   0x00000024   Code   RO         2628    i.ETH_DMAReceptionCmd  stm32_eth.o
    0x08004140   0x00000054   Code   RO         2629    i.ETH_DMARxDescChainInit  stm32_eth.o
    0x08004194   0x00000016   Code   RO         2631    i.ETH_DMARxDescReceiveITConfig  stm32_eth.o
    0x080041aa   0x00000002   PAD
    0x080041ac   0x00000024   Code   RO         2634    i.ETH_DMATransmissionCmd  stm32_eth.o
    0x080041d0   0x00000050   Code   RO         2637    i.ETH_DMATxDescChainInit  stm32_eth.o
    0x08004220   0x00000008   Code   RO         2638    i.ETH_DMATxDescChecksumInsertionConfig  stm32_eth.o
    0x08004228   0x00000016   Code   RO         2646    i.ETH_DeInit        stm32_eth.o
    0x0800423e   0x0000001c   Code   RO         2647    i.ETH_Delay         stm32_eth.o
    0x0800425a   0x00000002   PAD
    0x0800425c   0x00000014   Code   RO         2652    i.ETH_FlushTransmitFIFO  stm32_eth.o
    0x08004270   0x0000000c   Code   RO         1423    i.ETH_GetCurrentTxBuffer  ethernetif.o
    0x0800427c   0x0000000a   Code   RO         2663    i.ETH_GetDMARxDescFrameLength  stm32_eth.o
    0x08004286   0x00000002   PAD
    0x08004288   0x00000048   Code   RO         2678    i.ETH_GetRxPktSize  stm32_eth.o
    0x080042d0   0x00000018   Code   RO         2679    i.ETH_GetSoftwareResetStatus  stm32_eth.o
    0x080042e8   0x00000020   Code   RO          412    i.ETH_IRQHandler    stm32f10x_it.o
    0x08004308   0x00000238   Code   RO         2686    i.ETH_Init          stm32_eth.o
    0x08004540   0x00000034   Code   RO         2689    i.ETH_MACAddressConfig  stm32_eth.o
    0x08004574   0x00000024   Code   RO         2694    i.ETH_MACReceptionCmd  stm32_eth.o
    0x08004598   0x00000024   Code   RO         2695    i.ETH_MACTransmissionCmd  stm32_eth.o
    0x080045bc   0x00000064   Code   RO         2706    i.ETH_ReadPHYRegister  stm32_eth.o
    0x08004620   0x0000009c   Code   RO         1424    i.ETH_RxPkt_ChainMode  ethernetif.o
    0x080046bc   0x00000014   Code   RO         2717    i.ETH_SoftwareReset  stm32_eth.o
    0x080046d0   0x00000020   Code   RO         2718    i.ETH_Start         stm32_eth.o
    0x080046f0   0x000000a4   Code   RO         2719    i.ETH_StructInit    stm32_eth.o
    0x08004794   0x00000068   Code   RO         1425    i.ETH_TxPkt_ChainMode  ethernetif.o
    0x080047fc   0x00000060   Code   RO         2721    i.ETH_WritePHYRegister  stm32_eth.o
    0x0800485c   0x00000002   Code   RO          413    i.EXTI15_10_IRQHandler  stm32f10x_it.o
    0x0800485e   0x00000002   PAD
    0x08004860   0x0000000c   Code   RO          673    i.EraseTagData      common.o
    0x0800486c   0x000000a0   Code   RO          486    i.Ethernet_Configuration  stm32f107.o
    0x0800490c   0x00000050   Code   RO         3977    i.FLASH_ErasePage   stm32f10x_flash.o
    0x0800495c   0x00000034   Code   RO         3981    i.FLASH_GetStatus   stm32f10x_flash.o
    0x08004990   0x00000014   Code   RO         3986    i.FLASH_Lock        stm32f10x_flash.o
    0x080049a4   0x00000044   Code   RO         3988    i.FLASH_ProgramHalfWord  stm32f10x_flash.o
    0x080049e8   0x00000018   Code   RO         3993    i.FLASH_Unlock      stm32f10x_flash.o
    0x08004a00   0x0000002a   Code   RO         3995    i.FLASH_WaitForLastOperation  stm32f10x_flash.o
    0x08004a2a   0x00000002   PAD
    0x08004a2c   0x0000022c   Code   RO          487    i.GPIO_Configuration  stm32f107.o
    0x08004c58   0x0000000c   Code   RO         4247    i.GPIO_ETH_MediaInterfaceConfig  stm32f10x_gpio.o
    0x08004c64   0x00000112   Code   RO         4251    i.GPIO_Init         stm32f10x_gpio.o
    0x08004d76   0x00000002   PAD
    0x08004d78   0x00000070   Code   RO         4253    i.GPIO_PinRemapConfig  stm32f10x_gpio.o
    0x08004de8   0x00000012   Code   RO         4255    i.GPIO_ReadInputDataBit  stm32f10x_gpio.o
    0x08004dfa   0x00000004   Code   RO         4258    i.GPIO_ResetBits    stm32f10x_gpio.o
    0x08004dfe   0x00000004   Code   RO         4259    i.GPIO_SetBits      stm32f10x_gpio.o
    0x08004e02   0x00000002   Code   RO          674    i.GetAutoPara       common.o
    0x08004e04   0x00000002   Code   RO          675    i.GetReaderOutStatus  common.o
    0x08004e06   0x00000002   PAD
    0x08004e08   0x00000020   Code   RO          676    i.GetReaderRevStatus  common.o
    0x08004e28   0x00000010   Code   RO          677    i.GetReaderTime     common.o
    0x08004e38   0x00000308   Code   RO          678    i.GetTagRecord      common.o
    0x08005140   0x00000018   Code   RO         1317    i.HEX2BCD           rtc_ds1302.o
    0x08005158   0x00000004   Code   RO          414    i.HardFault_Handler  stm32f10x_it.o
    0x0800515c   0x00000010   Code   RO         4557    i.IWDG_Enable       stm32f10x_iwdg.o
    0x0800516c   0x00000010   Code   RO         4559    i.IWDG_ReloadCounter  stm32f10x_iwdg.o
    0x0800517c   0x0000000c   Code   RO         4560    i.IWDG_SetPrescaler  stm32f10x_iwdg.o
    0x08005188   0x0000000c   Code   RO         4561    i.IWDG_SetReload    stm32f10x_iwdg.o
    0x08005194   0x0000000c   Code   RO         4562    i.IWDG_WriteAccessCmd  stm32f10x_iwdg.o
    0x080051a0   0x00000002   Code   RO          679    i.ImmediatelyNotify  common.o
    0x080051a2   0x00000002   PAD
    0x080051a4   0x000000a8   Code   RO          680    i.ListIDReport      common.o
    0x0800524c   0x00000100   Code   RO          681    i.ListSelectedID    common.o
    0x0800534c   0x00000078   Code   RO          569    i.Local_232_module  local_232_module.o
    0x080053c4   0x00000078   Code   RO         1169    i.Local_485_module  local_485_module.o
    0x0800543c   0x000000d0   Code   RO          341    i.LwIP_Init         netconf.o
    0x0800550c   0x0000003c   Code   RO          342    i.LwIP_Periodic_Handle  netconf.o
    0x08005548   0x00000010   Code   RO          343    i.LwIP_Pkt_Handle   netconf.o
    0x08005558   0x000000cc   Code   RO         1244    i.Mask6BCheck       r2000.o
    0x08005624   0x000000a0   Code   RO         1245    i.MaskCheck         r2000.o
    0x080056c4   0x00000004   Code   RO          415    i.MemManage_Handler  stm32f10x_it.o
    0x080056c8   0x00000002   Code   RO          416    i.NMI_Handler       stm32f10x_it.o
    0x080056ca   0x000000aa   Code   RO          488    i.NVIC_Configuration  stm32f107.o
    0x08005774   0x00000074   Code   RO         3230    i.NVIC_Init         misc.o
    0x080057e8   0x00000014   Code   RO         3231    i.NVIC_PriorityGroupConfig  misc.o
    0x080057fc   0x00000028   Code   RO          489    i.NVIC_SetPriority  stm32f107.o
    0x08005824   0x00000014   Code   RO         3232    i.NVIC_SetVectorTable  misc.o
    0x08005838   0x00000002   Code   RO          417    i.PendSV_Handler    stm32f10x_it.o
    0x0800583a   0x00000002   PAD
    0x0800583c   0x00000050   Code   RO         1246    i.R2000_init        r2000.o
    0x0800588c   0x00000020   Code   RO         4663    i.RCC_AHBPeriphClockCmd  stm32f10x_rcc.o
    0x080058ac   0x00000020   Code   RO         4664    i.RCC_AHBPeriphResetCmd  stm32f10x_rcc.o
    0x080058cc   0x00000020   Code   RO         4665    i.RCC_APB1PeriphClockCmd  stm32f10x_rcc.o
    0x080058ec   0x00000020   Code   RO         4666    i.RCC_APB1PeriphResetCmd  stm32f10x_rcc.o
    0x0800590c   0x00000020   Code   RO         4667    i.RCC_APB2PeriphClockCmd  stm32f10x_rcc.o
    0x0800592c   0x00000020   Code   RO         4668    i.RCC_APB2PeriphResetCmd  stm32f10x_rcc.o
    0x0800594c   0x00000190   Code   RO         4675    i.RCC_GetClocksFreq  stm32f10x_rcc.o
    0x08005adc   0x0000003c   Code   RO         4676    i.RCC_GetFlagStatus  stm32f10x_rcc.o
    0x08005b18   0x0000000c   Code   RO         4687    i.RCC_MCOConfig     stm32f10x_rcc.o
    0x08005b24   0x0000000c   Code   RO         4693    i.RCC_PLL3Cmd       stm32f10x_rcc.o
    0x08005b30   0x00000018   Code   RO         4694    i.RCC_PLL3Config    stm32f10x_rcc.o
    0x08005b48   0x00000030   Code   RO          570    i.RS232Send         local_232_module.o
    0x08005b78   0x00000098   Code   RO          571    i.RS232_init        local_232_module.o
    0x08005c10   0x00000050   Code   RO         1170    i.RS485Send         local_485_module.o
    0x08005c60   0x00000098   Code   RO         1171    i.RS485_init        local_485_module.o
    0x08005cf8   0x0000004c   Code   RO         1318    i.RTC_init          rtc_ds1302.o
    0x08005d44   0x00000070   Code   RO          682    i.ReadByteBlock     common.o
    0x08005db4   0x0000012c   Code   RO          683    i.ReadEPCAndData    common.o
    0x08005ee0   0x0000002c   Code   RO         1073    i.ReadID            paramitem.o
    0x08005f0c   0x000000d4   Code   RO          684    i.ReadLabelID       common.o
    0x08005fe0   0x00000080   Code   RO          100    i.ReadPara          main.o
    0x08006060   0x0000004c   Code   RO          685    i.ReadParam         common.o
    0x080060ac   0x00000002   Code   RO          686    i.ReadRadioDeep     common.o
    0x080060ae   0x00000002   PAD
    0x080060b0   0x000000e0   Code   RO          687    i.ReadReaderPara    common.o
    0x08006190   0x00000068   Code   RO          688    i.ReadWriteProtect  common.o
    0x080061f8   0x0000000c   Code   RO          689    i.Reboot            common.o
    0x08006204   0x00000064   Code   RO          690    i.RelayControl      common.o
    0x08006268   0x00000026   Code   RO         1393    i.STMFLASH_Read     stm32flash.o
    0x0800628e   0x00000006   Code   RO         1394    i.STMFLASH_ReadHalfWord  stm32flash.o
    0x08006294   0x000000e8   Code   RO         1395    i.STMFLASH_Write    stm32flash.o
    0x0800637c   0x00000026   Code   RO         1396    i.STMFLASH_Write_NoCheck  stm32flash.o
    0x080063a2   0x00000002   Code   RO          418    i.SVC_Handler       stm32f10x_it.o
    0x080063a4   0x00000020   Code   RO          101    i.SaveData          main.o
    0x080063c4   0x0000015c   Code   RO          102    i.SelFreq           main.o
    0x08006520   0x00000050   Code   RO          103    i.SelfCheck         main.o
    0x08006570   0x00000060   Code   RO          691    i.SetAntenna        common.o
    0x080065d0   0x00000002   Code   RO          692    i.SetAutoPara       common.o
    0x080065d2   0x00000002   PAD
    0x080065d4   0x00000018   Code   RO          693    i.SetBaudRate       common.o
    0x080065ec   0x00000020   Code   RO          694    i.SetChecksum       common.o
    0x0800660c   0x0000005c   Code   RO          695    i.SetFrequency      common.o
    0x08006668   0x0000006c   Code   RO          696    i.SetFrequency1     common.o
    0x080066d4   0x00000088   Code   RO          697    i.SetOutputPower    common.o
    0x0800675c   0x00000002   Code   RO          698    i.SetReaderMAC      common.o
    0x0800675e   0x00000002   Code   RO          699    i.SetReaderNetwork  common.o
    0x08006760   0x00000002   Code   RO          700    i.SetReaderOutStatus  common.o
    0x08006762   0x00000002   Code   RO          701    i.SetReaderPara     common.o
    0x08006764   0x00000010   Code   RO          702    i.SetReaderTime     common.o
    0x08006774   0x00000098   Code   RO          703    i.SetReaderWorkType  common.o
    0x0800680c   0x00000054   Code   RO          704    i.SetRelay          common.o
    0x08006860   0x00000008   Code   RO           17    i.SetSysClock       system_stm32f10x.o
    0x08006868   0x0000011c   Code   RO           18    i.SetSysClockTo72   system_stm32f10x.o
    0x08006984   0x00000002   Code   RO          705    i.SetTagFilter      common.o
    0x08006986   0x00000002   PAD
    0x08006988   0x0000000c   Code   RO          706    i.SetUserDataProtect  common.o
    0x08006994   0x0000002c   Code   RO         1426    i.Set_MAC_Address   ethernetif.o
    0x080069c0   0x00000008   Code   RO          419    i.SysTick_Handler   stm32f10x_it.o
    0x080069c8   0x00000060   Code   RO           19    i.SystemInit        system_stm32f10x.o
    0x08006a28   0x0000007c   Code   RO          490    i.System_Setup      stm32f107.o
    0x08006aa4   0x00000030   Code   RO          104    i.TIM3_IRQHandler   main.o
    0x08006ad4   0x00000006   Code   RO         5349    i.TIM_ClearFlag     stm32f10x_tim.o
    0x08006ada   0x00000006   Code   RO         5350    i.TIM_ClearITPendingBit  stm32f10x_tim.o
    0x08006ae0   0x00000018   Code   RO         5355    i.TIM_Cmd           stm32f10x_tim.o
    0x08006af8   0x000000e0   Code   RO         5360    i.TIM_DeInit        stm32f10x_tim.o
    0x08006bd8   0x00000022   Code   RO         5376    i.TIM_GetITStatus   stm32f10x_tim.o
    0x08006bfa   0x00000012   Code   RO         5380    i.TIM_ITConfig      stm32f10x_tim.o
    0x08006c0c   0x0000003c   Code   RO         5426    i.TIM_TimeBaseInit  stm32f10x_tim.o
    0x08006c48   0x000003fe   Code   RO         1074    i.TagDataLenPurse   paramitem.o
    0x08007046   0x00000002   PAD
    0x08007048   0x00000290   Code   RO          105    i.Time_Update       main.o
    0x080072d8   0x00000030   Code   RO         1247    i.UART4Send         r2000.o
    0x08007308   0x000000f8   Code   RO         1248    i.UART4_IRQHandler  r2000.o
    0x08007400   0x00000084   Code   RO          612    i.UDP_Receive       udp_module.o
    0x08007484   0x00000058   Code   RO          613    i.UDP_init          udp_module.o
    0x080074dc   0x0000003a   Code   RO          614    i.UDP_sendData      udp_module.o
    0x08007516   0x00000002   PAD
    0x08007518   0x000000cc   Code   RO         1172    i.USART1_IRQHandler  local_485_module.o
    0x080075e4   0x000000cc   Code   RO          572    i.USART2_IRQHandler  local_232_module.o
    0x080076b0   0x00000018   Code   RO         5891    i.USART_Cmd         stm32f10x_usart.o
    0x080076c8   0x00000054   Code   RO         5895    i.USART_GetITStatus  stm32f10x_usart.o
    0x0800771c   0x0000004a   Code   RO         5897    i.USART_ITConfig    stm32f10x_usart.o
    0x08007766   0x00000002   PAD
    0x08007768   0x000000a0   Code   RO         5898    i.USART_Init        stm32f10x_usart.o
    0x08007808   0x0000000a   Code   RO         5903    i.USART_ReceiveData  stm32f10x_usart.o
    0x08007812   0x00000002   PAD
    0x08007814   0x0000008c   Code   RO          615    i.Udp_BroadCast     udp_module.o
    0x080078a0   0x00000002   Code   RO          707    i.UpdateProgrram    common.o
    0x080078a2   0x00000004   Code   RO          420    i.UsageFault_Handler  stm32f10x_it.o
    0x080078a6   0x00000022   Code   RO          106    i.Watchdog_init     main.o
    0x080078c8   0x00000070   Code   RO          708    i.WriteAByte        common.o
    0x08007938   0x00000070   Code   RO          709    i.WriteByteBlock    common.o
    0x080079a8   0x00000002   Code   RO          710    i.WriteParam        common.o
    0x080079aa   0x00000002   PAD
    0x080079ac   0x00000064   Code   RO          711    i.WriteProtect      common.o
    0x08007a10   0x00000002   Code   RO          712    i.WriteRadioDeep    common.o
    0x08007a12   0x00000020   Code   RO         1075    i.compare           paramitem.o
    0x08007a32   0x00000002   PAD
    0x08007a34   0x00000590   Code   RO         1250    i.decodeR2000       r2000.o
    0x08007fc4   0x0000035c   Code   RO          108    i.defaultPara       main.o
    0x08008320   0x0000001a   Code   RO         3996    i.delay             stm32f10x_flash.o
    0x0800833a   0x00000014   Code   RO         1319    i.delayns           rtc_ds1302.o
    0x0800834e   0x00000002   PAD
    0x08008350   0x0000064c   Code   RO         1251    i.encodeR2000       r2000.o
    0x0800899c   0x00000132   Code   RO         2535    i.etharp_arp_input  etharp.o
    0x08008ace   0x0000003a   Code   RO         2537    i.etharp_ip_input   etharp.o
    0x08008b08   0x000000cc   Code   RO         2538    i.etharp_output     etharp.o
    0x08008bd4   0x000001b8   Code   RO         2539    i.etharp_query      etharp.o
    0x08008d8c   0x000000ca   Code   RO         2540    i.etharp_raw        etharp.o
    0x08008e56   0x00000002   PAD
    0x08008e58   0x0000002c   Code   RO         2541    i.etharp_request    etharp.o
    0x08008e84   0x0000004e   Code   RO         2542    i.etharp_send_ip    etharp.o
    0x08008ed2   0x00000002   PAD
    0x08008ed4   0x000000a0   Code   RO         2543    i.etharp_tmr        etharp.o
    0x08008f74   0x0000006c   Code   RO         2544    i.ethernet_input    etharp.o
    0x08008fe0   0x0000004c   Code   RO         1427    i.ethernetif_init   ethernetif.o
    0x0800902c   0x0000002c   Code   RO         1428    i.ethernetif_input  ethernetif.o
    0x08009058   0x00000204   Code   RO         2545    i.find_entry        etharp.o
    0x0800925c   0x00000040   Code   RO         2546    i.free_etharp_q     etharp.o
    0x0800929c   0x00000064   Code   RO         1320    i.getTime           rtc_ds1302.o
    0x08009300   0x00000028   Code   RO         1076    i.getparaindex      paramitem.o
    0x08009328   0x00000018   Code   RO          713    i.hextochar         common.o
    0x08009340   0x0000001a   Code   RO         2332    i.htonl             inet.o
    0x0800935a   0x0000000c   Code   RO         2333    i.htons             inet.o
    0x08009366   0x00000012   Code   RO         2297    i.icmp_dest_unreach  icmp.o
    0x08009378   0x00000194   Code   RO         2298    i.icmp_input        icmp.o
    0x0800950c   0x00000076   Code   RO         2299    i.icmp_send_response  icmp.o
    0x08009582   0x00000012   Code   RO         2300    i.icmp_time_exceeded  icmp.o
    0x08009594   0x00000014   Code   RO         2381    i.inet_chksum       inet_chksum.o
    0x080095a8   0x00000056   Code   RO         2382    i.inet_chksum_pbuf  inet_chksum.o
    0x080095fe   0x00000002   PAD
    0x08009600   0x00000140   Code   RO          109    i.initPara          main.o
    0x08009740   0x0000004e   Code   RO         2461    i.ip_addr_isbroadcast  ip_addr.o
    0x0800978e   0x00000002   PAD
    0x08009790   0x0000014c   Code   RO         2483    i.ip_frag           ip_frag.o
    0x080098dc   0x0000019c   Code   RO         2419    i.ip_input          ip.o
    0x08009a78   0x00000034   Code   RO         2420    i.ip_output         ip.o
    0x08009aac   0x00000104   Code   RO         2421    i.ip_output_if      ip.o
    0x08009bb0   0x00000198   Code   RO         2484    i.ip_reass          ip_frag.o
    0x08009d48   0x000001a4   Code   RO         2485    i.ip_reass_chain_frag_into_datagram_and_validate  ip_frag.o
    0x08009eec   0x00000034   Code   RO         2486    i.ip_reass_dequeue_datagram  ip_frag.o
    0x08009f20   0x00000054   Code   RO         2487    i.ip_reass_enqueue_new_datagram  ip_frag.o
    0x08009f74   0x000000ac   Code   RO         2488    i.ip_reass_free_complete_datagram  ip_frag.o
    0x0800a020   0x0000007c   Code   RO         2489    i.ip_reass_remove_oldest_datagram  ip_frag.o
    0x0800a09c   0x00000050   Code   RO         2422    i.ip_route          ip.o
    0x0800a0ec   0x0000037c   Code   RO          110    i.judgeTag          main.o
    0x0800a468   0x000000a4   Code   RO         1429    i.low_level_init    ethernetif.o
    0x0800a50c   0x00000074   Code   RO         1430    i.low_level_input   ethernetif.o
    0x0800a580   0x00000034   Code   RO         1431    i.low_level_output  ethernetif.o
    0x0800a5b4   0x0000004a   Code   RO         2384    i.lwip_standard_chksum  inet_chksum.o
    0x0800a5fe   0x00000002   PAD
    0x0800a600   0x0000009c   Code   RO          111    i.main              main.o
    0x0800a69c   0x00000078   Code   RO         1594    i.mem_free          mem.o
    0x0800a714   0x00000064   Code   RO         1595    i.mem_init          mem.o
    0x0800a778   0x00000130   Code   RO         1596    i.mem_malloc        mem.o
    0x0800a8a8   0x00000148   Code   RO         1597    i.mem_realloc       mem.o
    0x0800a9f0   0x0000002c   Code   RO         1637    i.memp_free         memp.o
    0x0800aa1c   0x00000064   Code   RO         1638    i.memp_init         memp.o
    0x0800aa80   0x0000003c   Code   RO         1639    i.memp_malloc       memp.o
    0x0800aabc   0x00000068   Code   RO         1679    i.netif_add         netif.o
    0x0800ab24   0x0000000c   Code   RO         1681    i.netif_is_up       netif.o
    0x0800ab30   0x00000028   Code   RO         1683    i.netif_set_addr    netif.o
    0x0800ab58   0x0000000c   Code   RO         1684    i.netif_set_default  netif.o
    0x0800ab64   0x0000000c   Code   RO         1686    i.netif_set_gw      netif.o
    0x0800ab70   0x00000078   Code   RO         1687    i.netif_set_ipaddr  netif.o
    0x0800abe8   0x0000000c   Code   RO         1688    i.netif_set_netmask  netif.o
    0x0800abf4   0x0000002c   Code   RO         1689    i.netif_set_up      netif.o
    0x0800ac20   0x0000000c   Code   RO         2337    i.ntohl             inet.o
    0x0800ac2c   0x0000000c   Code   RO         2338    i.ntohs             inet.o
    0x0800ac38   0x00000098   Code   RO         1077    i.packet            paramitem.o
    0x0800acd0   0x00000204   Code   RO         1138    i.packetDataWG26    wg.o
    0x0800aed4   0x00000204   Code   RO         1139    i.packetDataWG261   wg.o
    0x0800b0d8   0x00000204   Code   RO         1140    i.packetDataWG34    wg.o
    0x0800b2dc   0x00000204   Code   RO         1141    i.packetDataWG341   wg.o
    0x0800b4e0   0x00000214   Code   RO         1757    i.pbuf_alloc        pbuf.o
    0x0800b6f4   0x00000050   Code   RO         1758    i.pbuf_cat          pbuf.o
    0x0800b744   0x00000016   Code   RO         1759    i.pbuf_chain        pbuf.o
    0x0800b75a   0x00000012   Code   RO         1760    i.pbuf_clen         pbuf.o
    0x0800b76c   0x000000dc   Code   RO         1762    i.pbuf_copy         pbuf.o
    0x0800b848   0x0000009a   Code   RO         1763    i.pbuf_copy_partial  pbuf.o
    0x0800b8e2   0x00000098   Code   RO         1765    i.pbuf_free         pbuf.o
    0x0800b97a   0x0000008c   Code   RO         1766    i.pbuf_header       pbuf.o
    0x0800ba06   0x000000b0   Code   RO         1767    i.pbuf_realloc      pbuf.o
    0x0800bab6   0x0000000a   Code   RO         1768    i.pbuf_ref          pbuf.o
    0x0800bac0   0x000000b4   Code   RO         1598    i.plug_holes        mem.o
    0x0800bb74   0x000007d8   Code   RO         1078    i.processParamTable  paramitem.o
    0x0800c34c   0x00000062   Code   RO         1079    i.rangeControl      paramitem.o
    0x0800c3ae   0x00000002   PAD
    0x0800c3b0   0x00000068   Code   RO         1846    i.raw_input         raw.o
    0x0800c418   0x000000e8   Code   RO         1321    i.readByte          rtc_ds1302.o
    0x0800c500   0x00000060   Code   RO         1206    i.readCard          rfidmodule.o
    0x0800c560   0x0000002c   Code   RO         1207    i.readCard6B        rfidmodule.o
    0x0800c58c   0x000000f4   Code   RO         1208    i.readCard6C        rfidmodule.o
    0x0800c680   0x0000005c   Code   RO          714    i.read_r2000vertion  common.o
    0x0800c6dc   0x00000040   Code   RO          112    i.reboot            main.o
    0x0800c71c   0x0000006c   Code   RO         1080    i.registryParam     paramitem.o
    0x0800c788   0x00000574   Code   RO          113    i.registryParams    main.o
    0x0800ccfc   0x00000058   Code   RO          114    i.relayON           main.o
    0x0800cd54   0x00000054   Code   RO          115    i.relay_isr_polling  main.o
    0x0800cda8   0x00000038   Code   RO          116    i.rssichk           main.o
    0x0800cde0   0x0000005c   Code   RO         1322    i.rtc_gpio_config   rtc_ds1302.o
    0x0800ce3c   0x0000000c   Code   RO         1323    i.rtc_rcc_config    rtc_ds1302.o
    0x0800ce48   0x00000c3c   Code   RO          117    i.sendDataOut       main.o
    0x0800da84   0x000000c4   Code   RO         1324    i.setTime           rtc_ds1302.o
    0x0800db48   0x0000002a   Code   RO         1325    i.set_24hours       rtc_ds1302.o
    0x0800db72   0x00000002   PAD
    0x0800db74   0x000000a0   Code   RO         1253    i.set_output_power  r2000.o
    0x0800dc14   0x0000009c   Code   RO         1912    i.tcp_abandon       tcp.o
    0x0800dcb0   0x000000c8   Code   RO         1915    i.tcp_alloc         tcp.o
    0x0800dd78   0x00000104   Code   RO         1918    i.tcp_close         tcp.o
    0x0800de7c   0x0000002e   Code   RO         1920    i.tcp_eff_send_mss  tcp.o
    0x0800deaa   0x0000042a   Code   RO         2149    i.tcp_enqueue       tcp_out.o
    0x0800e2d4   0x00000074   Code   RO         1922    i.tcp_fasttmr       tcp.o
    0x0800e348   0x000004a8   Code   RO         2101    i.tcp_input         tcp_in.o
    0x0800e7f0   0x0000005c   Code   RO         2150    i.tcp_keepalive     tcp_out.o
    0x0800e84c   0x00000058   Code   RO         1923    i.tcp_kill_prio     tcp.o
    0x0800e8a4   0x0000003c   Code   RO         1924    i.tcp_kill_timewait  tcp.o
    0x0800e8e0   0x0000012c   Code   RO         2102    i.tcp_listen_input  tcp_in.o
    0x0800ea0c   0x0000001c   Code   RO         1928    i.tcp_next_iss      tcp.o
    0x0800ea28   0x00000264   Code   RO         2151    i.tcp_output        tcp_out.o
    0x0800ec8c   0x000000c8   Code   RO         2152    i.tcp_output_segment  tcp_out.o
    0x0800ed54   0x00000084   Code   RO         2153    i.tcp_output_set_header  tcp_out.o
    0x0800edd8   0x000000b8   Code   RO         2103    i.tcp_parseopt      tcp_in.o
    0x0800ee90   0x00000036   Code   RO         1929    i.tcp_pcb_purge     tcp.o
    0x0800eec6   0x00000002   PAD
    0x0800eec8   0x000000b0   Code   RO         1930    i.tcp_pcb_remove    tcp.o
    0x0800ef78   0x0000059c   Code   RO         2104    i.tcp_process       tcp_in.o
    0x0800f514   0x00000718   Code   RO         2105    i.tcp_receive       tcp_in.o
    0x0800fc2c   0x00000028   Code   RO         1933    i.tcp_recv_null     tcp.o
    0x0800fc54   0x00000056   Code   RO         2154    i.tcp_rexmit        tcp_out.o
    0x0800fcaa   0x0000003a   Code   RO         2155    i.tcp_rexmit_rto    tcp_out.o
    0x0800fce4   0x000000ae   Code   RO         2156    i.tcp_rst           tcp_out.o
    0x0800fd92   0x00000020   Code   RO         1935    i.tcp_seg_free      tcp.o
    0x0800fdb2   0x0000001e   Code   RO         1936    i.tcp_segs_free     tcp.o
    0x0800fdd0   0x0000001c   Code   RO         2157    i.tcp_send_ctrl     tcp_out.o
    0x0800fdec   0x00000324   Code   RO         1939    i.tcp_slowtmr       tcp.o
    0x08010110   0x00000050   Code   RO         2106    i.tcp_timewait_input  tcp_in.o
    0x08010160   0x00000024   Code   RO         1940    i.tcp_tmr           tcp.o
    0x08010184   0x00000038   Code   RO         1941    i.tcp_update_rcv_ann_wnd  tcp.o
    0x080101bc   0x00000066   Code   RO         2159    i.tcp_zero_window_probe  tcp_out.o
    0x08010222   0x00000002   PAD
    0x08010224   0x00000048   Code   RO          118    i.time3init         main.o
    0x0801026c   0x0000000e   Code   RO          716    i.timerIsOverflow   common.o
    0x0801027a   0x0000000e   Code   RO          717    i.timerStart        common.o
    0x08010288   0x00000008   Code   RO          718    i.timerStop         common.o
    0x08010290   0x00000074   Code   RO         2219    i.udp_bind          udp.o
    0x08010304   0x0000019c   Code   RO         2222    i.udp_input         udp.o
    0x080104a0   0x0000001c   Code   RO         2223    i.udp_new           udp.o
    0x080104bc   0x00000006   Code   RO         2224    i.udp_recv          udp.o
    0x080104c2   0x0000002e   Code   RO         2227    i.udp_sendto        udp.o
    0x080104f0   0x000000d4   Code   RO         2228    i.udp_sendto_if     udp.o
    0x080105c4   0x000000f8   Code   RO         2547    i.update_arp_entry  etharp.o
    0x080106bc   0x00000128   Code   RO          119    i.workACT           main.o
    0x080107e4   0x0000007c   Code   RO         1326    i.writeByte         rtc_ds1302.o
    0x08010860   0x00000044   Data   RO          121    .constdata          main.o
    0x080108a4   0x00000024   Data   RO         1641    .constdata          memp.o
    0x080108c8   0x00000014   Data   RO         1942    .constdata          tcp.o
    0x080108dc   0x00000008   Data   RO         2462    .constdata          ip_addr.o
    0x080108e4   0x0000000c   Data   RO         2549    .constdata          etharp.o
    0x080108f0   0x00000020   Data   RO         6276    Region$$Table       anon$$obj.o


    Execution Region RW_IRAM1 (Base: 0x20000000, Size: 0x0000f3d8, Max: 0x00010000, ABSOLUTE, COMPRESSED[0x00000024])

    Base Addr    Size         Type   Attr      Idx    E Section Name        Object

    0x20000000   0x0000004c   Data   RW          122    .data               main.o
    0x2000004c   0x00000010   Data   RW          345    .data               netconf.o
    0x2000005c   0x00000004   Data   RW          617    .data               udp_module.o
    0x20000060   0x00000028   Data   RW          720    .data               common.o
    0x20000088   0x00000001   Data   RW         1083    .data               paramitem.o
    0x20000089   0x00000002   Data   RW         1209    .data               rfidmodule.o
    0x2000008b   0x00000001   Data   RW         1327    .data               rtc_ds1302.o
    0x2000008c   0x00000012   Data   RW         1433    .data               ethernetif.o
    0x2000009e   0x00000002   PAD
    0x200000a0   0x0000000d   Data   RW         1600    .data               mem.o
    0x200000ad   0x00000003   PAD
    0x200000b0   0x0000000c   Data   RW         1690    .data               netif.o
    0x200000bc   0x00000004   Data   RW         1852    .data               raw.o
    0x200000c0   0x00000021   Data   RW         1943    .data               tcp.o
    0x200000e1   0x00000003   PAD
    0x200000e4   0x00000020   Data   RW         2108    .data               tcp_in.o
    0x20000104   0x00000004   Data   RW         2229    .data               udp.o
    0x20000108   0x0000000c   Data   RW         2423    .data               ip.o
    0x20000114   0x00000006   Data   RW         2492    .data               ip_frag.o
    0x2000011a   0x00000001   Data   RW         2550    .data               etharp.o
    0x2000011b   0x00000001   PAD
    0x2000011c   0x00000010   Data   RW         2722    .data               stm32_eth.o
    0x2000012c   0x00000014   Data   RW         4703    .data               stm32f10x_rcc.o
    0x20000140   0x00009ad3   Zero   RW          120    .bss                main.o
    0x20009c13   0x00000001   PAD
    0x20009c14   0x00000030   Zero   RW          344    .bss                netconf.o
    0x20009c44   0x0000010e   Zero   RW          573    .bss                local_232_module.o
    0x20009d52   0x0000010d   Zero   RW          616    .bss                udp_module.o
    0x20009e5f   0x0000001f   Zero   RW          719    .bss                common.o
    0x20009e7e   0x0000034c   Zero   RW         1082    .bss                paramitem.o
    0x2000a1ca   0x0000010e   Zero   RW         1173    .bss                local_485_module.o
    0x2000a2d8   0x00000114   Zero   RW         1254    .bss                r2000.o
    0x2000a3ec   0x00000800   Zero   RW         1397    .bss                stm32flash.o
    0x2000abec   0x00002400   Zero   RW         1432    .bss                ethernetif.o
    0x2000cfec   0x00000414   Zero   RW         1599    .bss                mem.o
    0x2000d400   0x000012b7   Zero   RW         1640    .bss                memp.o
    0x2000e6b7   0x00000001   PAD
    0x2000e6b8   0x00000014   Zero   RW         2107    .bss                tcp_in.o
    0x2000e6cc   0x000005e0   Zero   RW         2491    .bss                ip_frag.o
    0x2000ecac   0x000000c8   Zero   RW         2548    .bss                etharp.o
    0x2000ed74   0x00000060   Zero   RW         6153    .bss                c_w.l(libspace.o)
    0x2000edd4   0x00000004   PAD
    0x2000edd8   0x00000200   Zero   RW           91    HEAP                startup_stm32f10x_cl.o
    0x2000efd8   0x00000400   Zero   RW           90    STACK               startup_stm32f10x_cl.o


==============================================================================

Image component sizes


      Code (inc. data)   RO Data    RW Data    ZI Data      Debug   Object Name

      6594        802          0         40         31      39992   common.o
         0          0          0          0          0       4244   core_cm3.o
      2428         38         12          1        200      11670   etharp.o
       768         62          0         18       9216       6840   ethernetif.o
       558          0          0          0          0       3342   icmp.o
        62          0          0          0          0       1856   inet.o
       180          0          0          0          0       5121   inet_chksum.o
         0          0          0          0          0        600   init.o
       804         30          0         12          0       4229   ip.o
        78          0          8          0          0       5109   ip_addr.o
      1592         40          0          6       1504       7273   ip_frag.o
       524         50          0          0        270       7484   local_232_module.o
       556         54          0          0        270       2751   local_485_module.o
      8878        684         68         76      39635      68522   main.o
      1032         74          0         13       1044       4497   mem.o
       204         30         36          0       4791       3362   memp.o
       156         32          0          0          0       2077   misc.o
       284         30          0         16         48      17837   netconf.o
       356         24          0         12          0       6307   netif.o
      3504         84          0          1        844       7325   paramitem.o
      1504          0          0          0          0       7093   pbuf.o
      3936        188          0          0        276       6393   r2000.o
       104          4          0          4          0       1392   raw.o
       384         70          0          2          0       1694   rfidmodule.o
      1056         30          0          1          0       7511   rtc_ds1302.o
        56         22        336          0       1536        808   startup_stm32f10x_cl.o
      1590        126          0         16          0      14258   stm32_eth.o
      1050         36          0          0          0       7610   stm32f107.o
       312         30          0          0          0       5169   stm32f10x_flash.o
       424         12          0          0          0       4918   stm32f10x_gpio.o
        66          0          0          0          0       4282   stm32f10x_it.o
        68         30          0          0          0       2462   stm32f10x_iwdg.o
       700         84          0         20          0       9647   stm32f10x_rcc.o
       372         38          0          0          0       7055   stm32f10x_tim.o
       352          4          0          0          0       4850   stm32f10x_usart.o
       314         10          0          0       2048       2845   stm32flash.o
       388         30          0          0          0     269381   system_stm32f10x.o
      2182        118         20         33          0      18290   tcp.o
      5008        244          0         32         20      14196   tcp_in.o
      2550         14          0          0          0       8663   tcp_out.o
       820          8          0          4          0       6356   udp.o
       418         46          0          4        269       3353   udp_module.o
      2064         36          0          0          0       4250   wg.o

    ----------------------------------------------------------------------
     54336       3214        512        320      62004     622914   Object Totals
         0          0         32          0          0          0   (incl. Generated)
        60          0          0          9          2          0   (incl. Padding)

    ----------------------------------------------------------------------

      Code (inc. data)   RO Data    RW Data    ZI Data      Debug   Library Member Name

        90          0          0          0          0          0   __dczerorl2.o
         8          0          0          0          0         68   __main.o
        52          8          0          0          0          0   __scatter.o
        28          0          0          0          0          0   __scatter_zi.o
        12          0          0          0          0         72   exit.o
         6          0          0          0          0        152   heapauxi.o
         0          0          0          0          0          0   indicate_semi.o
         2          0          0          0          0          0   libinit.o
         2          0          0          0          0          0   libinit2.o
         2          0          0          0          0          0   libshutdown.o
         2          0          0          0          0          0   libshutdown2.o
         8          4          0          0         96         68   libspace.o
        68          0          0          0          0         68   rt_memclr.o
        78          0          0          0          0         80   rt_memclr_w.o
       138          0          0          0          0         68   rt_memcpy_v6.o
       100          0          0          0          0         80   rt_memcpy_w.o
         0          0          0          0          0          0   rtentry.o
        12          0          0          0          0          0   rtentry2.o
         6          0          0          0          0          0   rtentry4.o
         2          0          0          0          0          0   rtexit.o
        10          0          0          0          0          0   rtexit2.o
        12          4          0          0          0         68   sys_exit.o
        74          0          0          0          0         80   sys_stackheap_outer.o
         2          0          0          0          0         68   use_no_semi.o

    ----------------------------------------------------------------------
       720         16          0          0        100        872   Library Totals
         6          0          0          0          4          0   (incl. Padding)

    ----------------------------------------------------------------------

      Code (inc. data)   RO Data    RW Data    ZI Data      Debug   Library Name

       714         16          0          0         96        872   c_w.l

    ----------------------------------------------------------------------
       720         16          0          0        100        872   Library Totals

    ----------------------------------------------------------------------

==============================================================================


      Code (inc. data)   RO Data    RW Data    ZI Data      Debug   

     55056       3230        512        320      62104     605950   Grand Totals
     55056       3230        512         36      62104     605950   ELF Image Totals (compressed)
     55056       3230        512         36          0          0   ROM Totals

==============================================================================

    Total RO  Size (Code + RO Data)                55568 (  54.27kB)
    Total RW  Size (RW Data + ZI Data)             62424 (  60.96kB)
    Total ROM Size (Code + RO Data + RW Data)      55604 (  54.30kB)

==============================================================================

