<html>
<body>
<pre>
<h1>µVision Build Log</h1>
<h2>Tool Versions:</h2>
IDE-Version: ¦ÌVision V5.14.0.0
Copyright (C) 2015 ARM Ltd and ARM Germany GmbH. All rights reserved.
License Information: p by, wq, LIC=IC912-9JHYL-D2XL7-EAHCH-AHNE4-028SN
 
Tool Versions:
Toolchain:       MDK-ARM Professional  Version: 5.14.0.0
Toolchain Path:  C:\Keil_v5\ARM\ARMCC\Bin
C Compiler:      Armcc.exe V5.05 update 1 (build 106)
Assembler:       Armasm.exe V5.05 update 1 (build 106)
Linker/Locator:  ArmLink.exe V5.05 update 1 (build 106)
Library Manager: ArmAr.exe V5.05 update 1 (build 106)
Hex Converter:   FromElf.exe V5.05 update 1 (build 106)
CPU DLL:         SARMCM3.DLL V5.14.0.0
Dialog DLL:      DCM.DLL V1.13.1.0
Target DLL:      Segger\JL2CM3.dll V2.00
Dialog DLL:      TCM.DLL V1.14.4.0
 
<h2>Project:</h2>
C:\Users\Administrator\Desktop\work\release\747\PRJ\New626.uvproj
Project File Date:  06/15/2017

<h2>Output:</h2>
Build target 'New626'
compiling main.c...
linking...
Program Size: Code=65970 RO-data=526 RW-data=308 ZI-data=60116  
FromELF: creating hex file...
After Build - User command #1: fromelf --bin --output STMR2000.bin STMR2000.axf -z
".\STMR2000.axf" - 0 Error(s), 0 Warning(s).
</pre>
</body>
</html>
